Archive member included to satisfy reference by file (symbol)

c:/st/stm32cubeide_1.0.2/stm32cubeide/plugins/com.st.stm32cube.ide.mcu.externaltools.gnu-tools-for-stm32.7-2018-q2-update.win32_1.0.0.201904181610/tools/bin/../lib/gcc/arm-none-eabi/7.3.1/../../../../arm-none-eabi/lib/thumb/v7e-m/fpv4-sp/hard\libc_nano.a(lib_a-errno.o)
                              Src/syscalls.o (__errno)
c:/st/stm32cubeide_1.0.2/stm32cubeide/plugins/com.st.stm32cube.ide.mcu.externaltools.gnu-tools-for-stm32.7-2018-q2-update.win32_1.0.0.201904181610/tools/bin/../lib/gcc/arm-none-eabi/7.3.1/../../../../arm-none-eabi/lib/thumb/v7e-m/fpv4-sp/hard\libc_nano.a(lib_a-exit.o)
                              c:/st/stm32cubeide_1.0.2/stm32cubeide/plugins/com.st.stm32cube.ide.mcu.externaltools.gnu-tools-for-stm32.7-2018-q2-update.win32_1.0.0.201904181610/tools/bin/../lib/gcc/arm-none-eabi/7.3.1/../../../../arm-none-eabi/lib/thumb/v7e-m/fpv4-sp/hard/crt0.o (exit)
c:/st/stm32cubeide_1.0.2/stm32cubeide/plugins/com.st.stm32cube.ide.mcu.externaltools.gnu-tools-for-stm32.7-2018-q2-update.win32_1.0.0.201904181610/tools/bin/../lib/gcc/arm-none-eabi/7.3.1/../../../../arm-none-eabi/lib/thumb/v7e-m/fpv4-sp/hard\libc_nano.a(lib_a-impure.o)
                              c:/st/stm32cubeide_1.0.2/stm32cubeide/plugins/com.st.stm32cube.ide.mcu.externaltools.gnu-tools-for-stm32.7-2018-q2-update.win32_1.0.0.201904181610/tools/bin/../lib/gcc/arm-none-eabi/7.3.1/../../../../arm-none-eabi/lib/thumb/v7e-m/fpv4-sp/hard\libc_nano.a(lib_a-exit.o) (_global_impure_ptr)
c:/st/stm32cubeide_1.0.2/stm32cubeide/plugins/com.st.stm32cube.ide.mcu.externaltools.gnu-tools-for-stm32.7-2018-q2-update.win32_1.0.0.201904181610/tools/bin/../lib/gcc/arm-none-eabi/7.3.1/../../../../arm-none-eabi/lib/thumb/v7e-m/fpv4-sp/hard\libc_nano.a(lib_a-init.o)
                              c:/st/stm32cubeide_1.0.2/stm32cubeide/plugins/com.st.stm32cube.ide.mcu.externaltools.gnu-tools-for-stm32.7-2018-q2-update.win32_1.0.0.201904181610/tools/bin/../lib/gcc/arm-none-eabi/7.3.1/../../../../arm-none-eabi/lib/thumb/v7e-m/fpv4-sp/hard/crt0.o (__libc_init_array)
c:/st/stm32cubeide_1.0.2/stm32cubeide/plugins/com.st.stm32cube.ide.mcu.externaltools.gnu-tools-for-stm32.7-2018-q2-update.win32_1.0.0.201904181610/tools/bin/../lib/gcc/arm-none-eabi/7.3.1/../../../../arm-none-eabi/lib/thumb/v7e-m/fpv4-sp/hard\libc_nano.a(lib_a-memcpy-stub.o)
                              Middlewares/FreeRTOS/queue.o (memcpy)
c:/st/stm32cubeide_1.0.2/stm32cubeide/plugins/com.st.stm32cube.ide.mcu.externaltools.gnu-tools-for-stm32.7-2018-q2-update.win32_1.0.0.201904181610/tools/bin/../lib/gcc/arm-none-eabi/7.3.1/../../../../arm-none-eabi/lib/thumb/v7e-m/fpv4-sp/hard\libc_nano.a(lib_a-memset.o)
                              c:/st/stm32cubeide_1.0.2/stm32cubeide/plugins/com.st.stm32cube.ide.mcu.externaltools.gnu-tools-for-stm32.7-2018-q2-update.win32_1.0.0.201904181610/tools/bin/../lib/gcc/arm-none-eabi/7.3.1/../../../../arm-none-eabi/lib/thumb/v7e-m/fpv4-sp/hard/crt0.o (memset)
c:/st/stm32cubeide_1.0.2/stm32cubeide/plugins/com.st.stm32cube.ide.mcu.externaltools.gnu-tools-for-stm32.7-2018-q2-update.win32_1.0.0.201904181610/tools/bin/../lib/gcc/arm-none-eabi/7.3.1/../../../../arm-none-eabi/lib/thumb/v7e-m/fpv4-sp/hard\libc_nano.a(lib_a-printf.o)
                              Src/main.o (printf)
c:/st/stm32cubeide_1.0.2/stm32cubeide/plugins/com.st.stm32cube.ide.mcu.externaltools.gnu-tools-for-stm32.7-2018-q2-update.win32_1.0.0.201904181610/tools/bin/../lib/gcc/arm-none-eabi/7.3.1/../../../../arm-none-eabi/lib/thumb/v7e-m/fpv4-sp/hard\libc_nano.a(lib_a-puts.o)
                              Src/main.o (puts)
c:/st/stm32cubeide_1.0.2/stm32cubeide/plugins/com.st.stm32cube.ide.mcu.externaltools.gnu-tools-for-stm32.7-2018-q2-update.win32_1.0.0.201904181610/tools/bin/../lib/gcc/arm-none-eabi/7.3.1/../../../../arm-none-eabi/lib/thumb/v7e-m/fpv4-sp/hard\libc_nano.a(lib_a-wbuf.o)
                              c:/st/stm32cubeide_1.0.2/stm32cubeide/plugins/com.st.stm32cube.ide.mcu.externaltools.gnu-tools-for-stm32.7-2018-q2-update.win32_1.0.0.201904181610/tools/bin/../lib/gcc/arm-none-eabi/7.3.1/../../../../arm-none-eabi/lib/thumb/v7e-m/fpv4-sp/hard\libc_nano.a(lib_a-puts.o) (__swbuf_r)
c:/st/stm32cubeide_1.0.2/stm32cubeide/plugins/com.st.stm32cube.ide.mcu.externaltools.gnu-tools-for-stm32.7-2018-q2-update.win32_1.0.0.201904181610/tools/bin/../lib/gcc/arm-none-eabi/7.3.1/../../../../arm-none-eabi/lib/thumb/v7e-m/fpv4-sp/hard\libc_nano.a(lib_a-wsetup.o)
                              c:/st/stm32cubeide_1.0.2/stm32cubeide/plugins/com.st.stm32cube.ide.mcu.externaltools.gnu-tools-for-stm32.7-2018-q2-update.win32_1.0.0.201904181610/tools/bin/../lib/gcc/arm-none-eabi/7.3.1/../../../../arm-none-eabi/lib/thumb/v7e-m/fpv4-sp/hard\libc_nano.a(lib_a-puts.o) (__swsetup_r)
[...]
Memory Configuration

Name             Origin             Length             Attributes
RAM              0x0000000020000000 0x0000000000050000 xrw
FLASH            0x0000000008000000 0x0000000000100000 xr
*default*        0x0000000000000000 0xffffffffffffffff

Linker script and memory map

LOAD c:/st/stm32cubeide_1.0.2/stm32cubeide/plugins/com.st.stm32cube.ide.mcu.externaltools.gnu-tools-for-stm32.7-2018-q2-update.win32_1.0.0.201904181610/tools/bin/../lib/gcc/arm-none-eabi/7.3.1/thumb/v7e-m/fpv4-sp/hard/crti.o
LOAD c:/st/stm32cubeide_1.0.2/stm32cubeide/plugins/com.st.stm32cube.ide.mcu.externaltools.gnu-tools-for-stm32.7-2018-q2-update.win32_1.0.0.201904181610/tools/bin/../lib/gcc/arm-none-eabi/7.3.1/thumb/v7e-m/fpv4-sp/hard/crtbegin.o
LOAD c:/st/stm32cubeide_1.0.2/stm32cubeide/plugins/com.st.stm32cube.ide.mcu.externaltools.gnu-tools-for-stm32.7-2018-q2-update.win32_1.0.0.201904181610/tools/bin/../lib/gcc/arm-none-eabi/7.3.1/../../../../arm-none-eabi/lib/thumb/v7e-m/fpv4-sp/hard/crt0.o
LOAD Drivers/STM32F7xx_HAL_Driver/stm32f7xx_hal.o
LOAD Drivers/STM32F7xx_HAL_Driver/stm32f7xx_hal_cortex.o
LOAD Drivers/STM32F7xx_HAL_Driver/stm32f7xx_hal_dma.o
LOAD Drivers/STM32F7xx_HAL_Driver/stm32f7xx_hal_dma_ex.o
LOAD Drivers/STM32F7xx_HAL_Driver/stm32f7xx_hal_exti.o
LOAD Drivers/STM32F7xx_HAL_Driver/stm32f7xx_hal_flash.o
LOAD Drivers/STM32F7xx_HAL_Driver/stm32f7xx_hal_flash_ex.o
LOAD Drivers/STM32F7xx_HAL_Driver/stm32f7xx_hal_gpio.o
LOAD Drivers/STM32F7xx_HAL_Driver/stm32f7xx_hal_i2c.o
LOAD Drivers/STM32F7xx_HAL_Driver/stm32f7xx_hal_i2c_ex.o
LOAD Drivers/STM32F7xx_HAL_Driver/stm32f7xx_hal_pwr.o
LOAD Drivers/STM32F7xx_HAL_Driver/stm32f7xx_hal_pwr_ex.o
LOAD Drivers/STM32F7xx_HAL_Driver/stm32f7xx_hal_rcc.o
LOAD Drivers/STM32F7xx_HAL_Driver/stm32f7xx_hal_rcc_ex.o
LOAD Drivers/STM32F7xx_HAL_Driver/stm32f7xx_hal_tim.o
LOAD Drivers/STM32F7xx_HAL_Driver/stm32f7xx_hal_tim_ex.o
LOAD Drivers/STM32F7xx_HAL_Driver/stm32f7xx_hal_uart.o
LOAD Drivers/STM32F7xx_HAL_Driver/stm32f7xx_hal_uart_ex.o
LOAD Middlewares/FreeRTOS/cmsis_os.o
LOAD Middlewares/FreeRTOS/croutine.o
LOAD Middlewares/FreeRTOS/event_groups.o
LOAD Middlewares/FreeRTOS/heap_4.o
LOAD Middlewares/FreeRTOS/list.o
LOAD Middlewares/FreeRTOS/port.o
LOAD Middlewares/FreeRTOS/queue.o
LOAD Middlewares/FreeRTOS/stream_buffer.o
LOAD Middlewares/FreeRTOS/tasks.o
LOAD Middlewares/FreeRTOS/timers.o
LOAD Src/freertos.o
LOAD Src/main.o
LOAD Src/stm32f7xx_hal_msp.o
LOAD Src/stm32f7xx_hal_timebase_tim.o
LOAD Src/stm32f7xx_it.o
LOAD Src/syscalls.o
LOAD Src/sysmem.o
LOAD Src/system_stm32f7xx.o
LOAD Startup/startup_stm32f746nghx.o
START GROUP
LOAD c:/st/stm32cubeide_1.0.2/stm32cubeide/plugins/com.st.stm32cube.ide.mcu.externaltools.gnu-tools-for-stm32.7-2018-q2-update.win32_1.0.0.201904181610/tools/bin/../lib/gcc/arm-none-eabi/7.3.1/../../../../arm-none-eabi/lib/thumb/v7e-m/fpv4-sp/hard\libc_nano.a
LOAD c:/st/stm32cubeide_1.0.2/stm32cubeide/plugins/com.st.stm32cube.ide.mcu.externaltools.gnu-tools-for-stm32.7-2018-q2-update.win32_1.0.0.201904181610/tools/bin/../lib/gcc/arm-none-eabi/7.3.1/../../../../arm-none-eabi/lib/thumb/v7e-m/fpv4-sp/hard\libm.a
END GROUP
START GROUP
LOAD c:/st/stm32cubeide_1.0.2/stm32cubeide/plugins/com.st.stm32cube.ide.mcu.externaltools.gnu-tools-for-stm32.7-2018-q2-update.win32_1.0.0.201904181610/tools/bin/../lib/gcc/arm-none-eabi/7.3.1/thumb/v7e-m/fpv4-sp/hard\libgcc.a
LOAD c:/st/stm32cubeide_1.0.2/stm32cubeide/plugins/com.st.stm32cube.ide.mcu.externaltools.gnu-tools-for-stm32.7-2018-q2-update.win32_1.0.0.201904181610/tools/bin/../lib/gcc/arm-none-eabi/7.3.1/../../../../arm-none-eabi/lib/thumb/v7e-m/fpv4-sp/hard\libc_nano.a
END GROUP
START GROUP
LOAD c:/st/stm32cubeide_1.0.2/stm32cubeide/plugins/com.st.stm32cube.ide.mcu.externaltools.gnu-tools-for-stm32.7-2018-q2-update.win32_1.0.0.201904181610/tools/bin/../lib/gcc/arm-none-eabi/7.3.1/thumb/v7e-m/fpv4-sp/hard\libgcc.a
LOAD c:/st/stm32cubeide_1.0.2/stm32cubeide/plugins/com.st.stm32cube.ide.mcu.externaltools.gnu-tools-for-stm32.7-2018-q2-update.win32_1.0.0.201904181610/tools/bin/../lib/gcc/arm-none-eabi/7.3.1/../../../../arm-none-eabi/lib/thumb/v7e-m/fpv4-sp/hard\libc_nano.a
LOAD c:/st/stm32cubeide_1.0.2/stm32cubeide/plugins/com.st.stm32cube.ide.mcu.externaltools.gnu-tools-for-stm32.7-2018-q2-update.win32_1.0.0.201904181610/tools/bin/../lib/gcc/arm-none-eabi/7.3.1/../../../../arm-none-eabi/lib/thumb/v7e-m/fpv4-sp/hard\libnosys.a
END GROUP
START GROUP
LOAD c:/st/stm32cubeide_1.0.2/stm32cubeide/plugins/com.st.stm32cube.ide.mcu.externaltools.gnu-tools-for-stm32.7-2018-q2-update.win32_1.0.0.201904181610/tools/bin/../lib/gcc/arm-none-eabi/7.3.1/thumb/v7e-m/fpv4-sp/hard\libgcc.a
LOAD c:/st/stm32cubeide_1.0.2/stm32cubeide/plugins/com.st.stm32cube.ide.mcu.externaltools.gnu-tools-for-stm32.7-2018-q2-update.win32_1.0.0.201904181610/tools/bin/../lib/gcc/arm-none-eabi/7.3.1/../../../../arm-none-eabi/lib/thumb/v7e-m/fpv4-sp/hard\libc_nano.a
LOAD c:/st/stm32cubeide_1.0.2/stm32cubeide/plugins/com.st.stm32cube.ide.mcu.externaltools.gnu-tools-for-stm32.7-2018-q2-update.win32_1.0.0.201904181610/tools/bin/../lib/gcc/arm-none-eabi/7.3.1/../../../../arm-none-eabi/lib/thumb/v7e-m/fpv4-sp/hard\libnosys.a
END GROUP
LOAD c:/st/stm32cubeide_1.0.2/stm32cubeide/plugins/com.st.stm32cube.ide.mcu.externaltools.gnu-tools-for-stm32.7-2018-q2-update.win32_1.0.0.201904181610/tools/bin/../lib/gcc/arm-none-eabi/7.3.1/thumb/v7e-m/fpv4-sp/hard/crtend.o
LOAD c:/st/stm32cubeide_1.0.2/stm32cubeide/plugins/com.st.stm32cube.ide.mcu.externaltools.gnu-tools-for-stm32.7-2018-q2-update.win32_1.0.0.201904181610/tools/bin/../lib/gcc/arm-none-eabi/7.3.1/thumb/v7e-m/fpv4-sp/hard/crtn.o
                0x0000000020050000                _estack = 0x20050000
                0x0000000000000200                _Min_Heap_Size = 0x200
                0x0000000000000400                _Min_Stack_Size = 0x400

.isr_vector     0x0000000008000000      0x1c8
                0x0000000008000000                . = ALIGN (0x4)
 *(.isr_vector)
 .isr_vector    0x0000000008000000      0x1c8 Startup/startup_stm32f746nghx.o
                0x0000000008000000                g_pfnVectors
                0x00000000080001c8                . = ALIGN (0x4)

.text           0x00000000080001d0     0x5270
                0x00000000080001d0                . = ALIGN (0x4)
 *(.text)
 .text          0x00000000080001d0       0x40 c:/st/stm32cubeide_1.0.2/stm32cubeide/plugins/com.st.stm32cube.ide.mcu.externaltools.gnu-tools-for-stm32.7-2018-q2-update.win32_1.0.0.201904181610/tools/bin/../lib/gcc/arm-none-eabi/7.3.1/thumb/v7e-m/fpv4-sp/hard/crtbegin.o
 .text          0x0000000008000210       0xa0 c:/st/stm32cubeide_1.0.2/stm32cubeide/plugins/com.st.stm32cube.ide.mcu.externaltools.gnu-tools-for-stm32.7-2018-q2-update.win32_1.0.0.201904181610/tools/bin/../lib/gcc/arm-none-eabi/7.3.1/../../../../arm-none-eabi/lib/thumb/v7e-m/fpv4-sp/hard\libc_nano.a(lib_a-memchr.o)
                0x0000000008000210                memchr
 .text          0x00000000080002b0       0x30 c:/st/stm32cubeide_1.0.2/stm32cubeide/plugins/com.st.stm32cube.ide.mcu.externaltools.gnu-tools-for-stm32.7-2018-q2-update.win32_1.0.0.201904181610/tools/bin/../lib/gcc/arm-none-eabi/7.3.1/thumb/v7e-m/fpv4-sp/hard\libgcc.a(_aeabi_uldivmod.o)
                0x00000000080002b0                __aeabi_uldivmod
 .text          0x00000000080002e0      0x2cc c:/st/stm32cubeide_1.0.2/stm32cubeide/plugins/com.st.stm32cube.ide.mcu.externaltools.gnu-tools-for-stm32.7-2018-q2-update.win32_1.0.0.201904181610/tools/bin/../lib/gcc/arm-none-eabi/7.3.1/thumb/v7e-m/fpv4-sp/hard\libgcc.a(_udivmoddi4.o)
                0x00000000080002e0                __udivmoddi4
 .text          0x00000000080005ac        0x4 c:/st/stm32cubeide_1.0.2/stm32cubeide/plugins/com.st.stm32cube.ide.mcu.externaltools.gnu-tools-for-stm32.7-2018-q2-update.win32_1.0.0.201904181610/tools/bin/../lib/gcc/arm-none-eabi/7.3.1/thumb/v7e-m/fpv4-sp/hard\libgcc.a(_dvmd_tls.o)
                0x00000000080005ac                __aeabi_idiv0
                0x00000000080005ac                __aeabi_ldiv0
 *(.text*)
 .text.HAL_Init
                0x00000000080005b0       0x1a Drivers/STM32F7xx_HAL_Driver/stm32f7xx_hal.o
                0x00000000080005b0                HAL_Init
 *fill*         0x00000000080005ca        0x2 
 .text.HAL_IncTick
                0x00000000080005cc       0x28 Drivers/STM32F7xx_HAL_Driver/stm32f7xx_hal.o
                0x00000000080005cc                HAL_IncTick
 .text.HAL_GetTick
                0x00000000080005f4       0x18 Drivers/STM32F7xx_HAL_Driver/stm32f7xx_hal.o
                0x00000000080005f4                HAL_GetTick
 .text.__NVIC_SetPriorityGrouping
                0x000000000800060c       0x48 Drivers/STM32F7xx_HAL_Driver/stm32f7xx_hal_cortex.o
 .text.__NVIC_GetPriorityGrouping
                0x0000000008000654       0x1c Drivers/STM32F7xx_HAL_Driver/stm32f7xx_hal_cortex.o
 .text.__NVIC_EnableIRQ
                0x0000000008000670       0x3c Drivers/STM32F7xx_HAL_Driver/stm32f7xx_hal_cortex.o
 .text.__NVIC_SetPriority
                0x00000000080006ac       0x54 Drivers/STM32F7xx_HAL_Driver/stm32f7xx_hal_cortex.o
 .text.NVIC_EncodePriority
                0x0000000008000700       0x66 Drivers/STM32F7xx_HAL_Driver/stm32f7xx_hal_cortex.o
 .text.HAL_NVIC_SetPriorityGrouping
                0x0000000008000766       0x16 Drivers/STM32F7xx_HAL_Driver/stm32f7xx_hal_cortex.o
                0x0000000008000766                HAL_NVIC_SetPriorityGrouping
 .text.HAL_NVIC_SetPriority
                0x000000000800077c       0x38 Drivers/STM32F7xx_HAL_Driver/stm32f7xx_hal_cortex.o
                0x000000000800077c                HAL_NVIC_SetPriority
 .text.HAL_NVIC_EnableIRQ
                0x00000000080007b4       0x1c Drivers/STM32F7xx_HAL_Driver/stm32f7xx_hal_cortex.o
                0x00000000080007b4                HAL_NVIC_EnableIRQ
 .text.HAL_GPIO_Init
                0x00000000080007d0      0x354 Drivers/STM32F7xx_HAL_Driver/stm32f7xx_hal_gpio.o
                0x00000000080007d0                HAL_GPIO_Init
 .text.HAL_RCC_OscConfig
                0x0000000008000b24      0x4e0 Drivers/STM32F7xx_HAL_Driver/stm32f7xx_hal_rcc.o
                0x0000000008000b24                HAL_RCC_OscConfig
 .text.HAL_RCC_ClockConfig
                0x0000000008001004      0x1d0 Drivers/STM32F7xx_HAL_Driver/stm32f7xx_hal_rcc.o
                0x0000000008001004                HAL_RCC_ClockConfig
 .text.HAL_RCC_GetSysClockFreq
                0x00000000080011d4      0x164 Drivers/STM32F7xx_HAL_Driver/stm32f7xx_hal_rcc.o
                0x00000000080011d4                HAL_RCC_GetSysClockFreq
 .text.HAL_RCC_GetHCLKFreq
                0x0000000008001338       0x18 Drivers/STM32F7xx_HAL_Driver/stm32f7xx_hal_rcc.o
                0x0000000008001338                HAL_RCC_GetHCLKFreq
 .text.HAL_RCC_GetPCLK1Freq
                0x0000000008001350       0x28 Drivers/STM32F7xx_HAL_Driver/stm32f7xx_hal_rcc.o
                0x0000000008001350                HAL_RCC_GetPCLK1Freq
 .text.HAL_RCC_GetPCLK2Freq
                0x0000000008001378       0x28 Drivers/STM32F7xx_HAL_Driver/stm32f7xx_hal_rcc.o
                0x0000000008001378                HAL_RCC_GetPCLK2Freq
 .text.HAL_RCC_GetClockConfig
                0x00000000080013a0       0x64 Drivers/STM32F7xx_HAL_Driver/stm32f7xx_hal_rcc.o
                0x00000000080013a0                HAL_RCC_GetClockConfig
 .text.HAL_RCCEx_PeriphCLKConfig
                0x0000000008001404      0x7dc Drivers/STM32F7xx_HAL_Driver/stm32f7xx_hal_rcc_ex.o
                0x0000000008001404                HAL_RCCEx_PeriphCLKConfig
 .text.HAL_TIM_Base_Init
                0x0000000008001be0       0x56 Drivers/STM32F7xx_HAL_Driver/stm32f7xx_hal_tim.o
                0x0000000008001be0                HAL_TIM_Base_Init
 .text.HAL_TIM_Base_MspInit
                0x0000000008001c36       0x14 Drivers/STM32F7xx_HAL_Driver/stm32f7xx_hal_tim.o
                0x0000000008001c36                HAL_TIM_Base_MspInit
 *fill*         0x0000000008001c4a        0x2 
 .text.HAL_TIM_Base_Start_IT
                0x0000000008001c4c       0x54 Drivers/STM32F7xx_HAL_Driver/stm32f7xx_hal_tim.o
                0x0000000008001c4c                HAL_TIM_Base_Start_IT
 .text.HAL_TIM_IRQHandler
                0x0000000008001ca0      0x23e Drivers/STM32F7xx_HAL_Driver/stm32f7xx_hal_tim.o
                0x0000000008001ca0                HAL_TIM_IRQHandler
 .text.HAL_TIM_OC_DelayElapsedCallback
                0x0000000008001ede       0x14 Drivers/STM32F7xx_HAL_Driver/stm32f7xx_hal_tim.o
                0x0000000008001ede                HAL_TIM_OC_DelayElapsedCallback
 .text.HAL_TIM_IC_CaptureCallback
                0x0000000008001ef2       0x14 Drivers/STM32F7xx_HAL_Driver/stm32f7xx_hal_tim.o
                0x0000000008001ef2                HAL_TIM_IC_CaptureCallback
 .text.HAL_TIM_PWM_PulseFinishedCallback
                0x0000000008001f06       0x14 Drivers/STM32F7xx_HAL_Driver/stm32f7xx_hal_tim.o
                0x0000000008001f06                HAL_TIM_PWM_PulseFinishedCallback
 .text.HAL_TIM_TriggerCallback
                0x0000000008001f1a       0x14 Drivers/STM32F7xx_HAL_Driver/stm32f7xx_hal_tim.o
                0x0000000008001f1a                HAL_TIM_TriggerCallback
 *fill*         0x0000000008001f2e        0x2 
 .text.TIM_Base_SetConfig
                0x0000000008001f30      0x140 Drivers/STM32F7xx_HAL_Driver/stm32f7xx_hal_tim.o
                0x0000000008001f30                TIM_Base_SetConfig
 .text.HAL_TIMEx_CommutCallback
                0x0000000008002070       0x14 Drivers/STM32F7xx_HAL_Driver/stm32f7xx_hal_tim_ex.o
                0x0000000008002070                HAL_TIMEx_CommutCallback
 .text.HAL_TIMEx_BreakCallback
                0x0000000008002084       0x14 Drivers/STM32F7xx_HAL_Driver/stm32f7xx_hal_tim_ex.o
                0x0000000008002084                HAL_TIMEx_BreakCallback
 .text.HAL_TIMEx_Break2Callback
                0x0000000008002098       0x14 Drivers/STM32F7xx_HAL_Driver/stm32f7xx_hal_tim_ex.o
                0x0000000008002098                HAL_TIMEx_Break2Callback
 .text.HAL_UART_Init
                0x00000000080020ac       0x9c Drivers/STM32F7xx_HAL_Driver/stm32f7xx_hal_uart.o
                0x00000000080020ac                HAL_UART_Init
 .text.HAL_UART_Transmit
                0x0000000008002148      0x122 Drivers/STM32F7xx_HAL_Driver/stm32f7xx_hal_uart.o
                0x0000000008002148                HAL_UART_Transmit
 *fill*         0x000000000800226a        0x2 
 .text.UART_SetConfig
                0x000000000800226c      0x548 Drivers/STM32F7xx_HAL_Driver/stm32f7xx_hal_uart.o
                0x000000000800226c                UART_SetConfig
 .text.UART_AdvFeatureConfig
                0x00000000080027b4      0x144 Drivers/STM32F7xx_HAL_Driver/stm32f7xx_hal_uart.o
                0x00000000080027b4                UART_AdvFeatureConfig
 .text.UART_CheckIdleState
                0x00000000080028f8       0x5e Drivers/STM32F7xx_HAL_Driver/stm32f7xx_hal_uart.o
                0x00000000080028f8                UART_CheckIdleState
 .text.UART_WaitOnFlagUntilTimeout
                0x0000000008002956       0x90 Drivers/STM32F7xx_HAL_Driver/stm32f7xx_hal_uart.o
                0x0000000008002956                UART_WaitOnFlagUntilTimeout
 .text.makeFreeRtosPriority
                0x00000000080029e6       0x30 Middlewares/FreeRTOS/cmsis_os.o
 .text.osKernelStart
                0x0000000008002a16        0xe Middlewares/FreeRTOS/cmsis_os.o
                0x0000000008002a16                osKernelStart
 .text.osThreadCreate
                0x0000000008002a24       0x4e Middlewares/FreeRTOS/cmsis_os.o
                0x0000000008002a24                osThreadCreate
 .text.osThreadTerminate
                0x0000000008002a72       0x18 Middlewares/FreeRTOS/cmsis_os.o
                0x0000000008002a72                osThreadTerminate
 .text.osDelay  0x0000000008002a8a       0x28 Middlewares/FreeRTOS/cmsis_os.o
                0x0000000008002a8a                osDelay
 *fill*         0x0000000008002ab2        0x2 
 .text.pvPortMalloc
                0x0000000008002ab4      0x190 Middlewares/FreeRTOS/heap_4.o
                0x0000000008002ab4                pvPortMalloc
 .text.vPortFree
                0x0000000008002c44       0xb8 Middlewares/FreeRTOS/heap_4.o
                0x0000000008002c44                vPortFree
 .text.prvHeapInit
                0x0000000008002cfc       0xc4 Middlewares/FreeRTOS/heap_4.o
 .text.prvInsertBlockIntoFreeList
                0x0000000008002dc0       0xb4 Middlewares/FreeRTOS/heap_4.o
 .text.vListInitialise
                0x0000000008002e74       0x40 Middlewares/FreeRTOS/list.o
                0x0000000008002e74                vListInitialise
 .text.vListInitialiseItem
                0x0000000008002eb4       0x1a Middlewares/FreeRTOS/list.o
                0x0000000008002eb4                vListInitialiseItem
 .text.vListInsertEnd
                0x0000000008002ece       0x48 Middlewares/FreeRTOS/list.o
                0x0000000008002ece                vListInsertEnd
 .text.vListInsert
                0x0000000008002f16       0x72 Middlewares/FreeRTOS/list.o
                0x0000000008002f16                vListInsert
 .text.uxListRemove
                0x0000000008002f88       0x54 Middlewares/FreeRTOS/list.o
                0x0000000008002f88                uxListRemove
 .text.pxPortInitialiseStack
                0x0000000008002fdc       0x68 Middlewares/FreeRTOS/port.o
                0x0000000008002fdc                pxPortInitialiseStack
 .text.prvTaskExitError
                0x0000000008003044       0x5c Middlewares/FreeRTOS/port.o
 .text.SVC_Handler
                0x00000000080030a0       0x28 Middlewares/FreeRTOS/port.o
                0x00000000080030a0                SVC_Handler
 .text.prvPortStartFirstTask
                0x00000000080030c8       0x28 Middlewares/FreeRTOS/port.o
 .text.xPortStartScheduler
                0x00000000080030f0       0xf8 Middlewares/FreeRTOS/port.o
                0x00000000080030f0                xPortStartScheduler
 .text.vPortEnterCritical
                0x00000000080031e8       0x64 Middlewares/FreeRTOS/port.o
                0x00000000080031e8                vPortEnterCritical
 .text.vPortExitCritical
                0x000000000800324c       0x54 Middlewares/FreeRTOS/port.o
                0x000000000800324c                vPortExitCritical
 .text.PendSV_Handler
                0x00000000080032a0       0x68 Middlewares/FreeRTOS/port.o
                0x00000000080032a0                PendSV_Handler
 .text.SysTick_Handler
                0x0000000008003308       0x44 Middlewares/FreeRTOS/port.o
                0x0000000008003308                SysTick_Handler
 .text.vPortSetupTimerInterrupt
                0x000000000800334c       0x48 Middlewares/FreeRTOS/port.o
                0x000000000800334c                vPortSetupTimerInterrupt
 .text.vPortEnableVFP
                0x0000000008003394       0x14 Middlewares/FreeRTOS/port.o
 .text.xTaskCreate
                0x00000000080033a8       0x82 Middlewares/FreeRTOS/tasks.o
                0x00000000080033a8                xTaskCreate
 .text.prvInitialiseNewTask
                0x000000000800342a      0x100 Middlewares/FreeRTOS/tasks.o
 *fill*         0x000000000800352a        0x2 
 .text.prvAddNewTaskToReadyList
                0x000000000800352c       0xd4 Middlewares/FreeRTOS/tasks.o
 .text.vTaskDelete
                0x0000000008003600      0x120 Middlewares/FreeRTOS/tasks.o
                0x0000000008003600                vTaskDelete
 .text.vTaskDelay
                0x0000000008003720       0x6c Middlewares/FreeRTOS/tasks.o
                0x0000000008003720                vTaskDelay
 .text.vTaskStartScheduler
                0x000000000800378c       0x94 Middlewares/FreeRTOS/tasks.o
                0x000000000800378c                vTaskStartScheduler
 .text.vTaskSuspendAll
                0x0000000008003820       0x1c Middlewares/FreeRTOS/tasks.o
                0x0000000008003820                vTaskSuspendAll
 .text.xTaskResumeAll
                0x000000000800383c      0x13c Middlewares/FreeRTOS/tasks.o
                0x000000000800383c                xTaskResumeAll
 .text.xTaskIncrementTick
                0x0000000008003978      0x17c Middlewares/FreeRTOS/tasks.o
                0x0000000008003978                xTaskIncrementTick
 .text.vTaskSwitchContext
                0x0000000008003af4       0xb8 Middlewares/FreeRTOS/tasks.o
                0x0000000008003af4                vTaskSwitchContext
 .text.prvIdleTask
                0x0000000008003bac       0x30 Middlewares/FreeRTOS/tasks.o
 .text.prvInitialiseTaskLists
                0x0000000008003bdc       0x80 Middlewares/FreeRTOS/tasks.o
 .text.prvCheckTasksWaitingTermination
                0x0000000008003c5c       0x58 Middlewares/FreeRTOS/tasks.o
 .text.prvDeleteTCB
                0x0000000008003cb4       0x20 Middlewares/FreeRTOS/tasks.o
 .text.prvResetNextTaskUnblockTime
                0x0000000008003cd4       0x4c Middlewares/FreeRTOS/tasks.o
 .text.prvAddCurrentTaskToDelayedList
                0x0000000008003d20       0xcc Middlewares/FreeRTOS/tasks.o
 .text.main     0x0000000008003dec       0x98 Src/main.o
                0x0000000008003dec                main
 .text.SystemClock_Config
                0x0000000008003e84      0x114 Src/main.o
                0x0000000008003e84                SystemClock_Config
 .text.MX_USART1_UART_Init
                0x0000000008003f98       0x60 Src/main.o
 .text.MX_GPIO_Init
                0x0000000008003ff8       0x78 Src/main.o
 .text.__io_putchar
                0x0000000008004070       0x24 Src/main.o
                0x0000000008004070                __io_putchar
 .text.StartDefaultTask
                0x0000000008004094       0x40 Src/main.o
                0x0000000008004094                StartDefaultTask
 .text.StartCounterDown
                0x00000000080040d4       0x10 Src/main.o
                0x00000000080040d4                StartCounterDown
 .text.StartTotallyUnneccessaryTask
                0x00000000080040e4       0x1c Src/main.o
                0x00000000080040e4                StartTotallyUnneccessaryTask
 .text.HAL_TIM_PeriodElapsedCallback
                0x0000000008004100       0x24 Src/main.o
                0x0000000008004100                HAL_TIM_PeriodElapsedCallback
 .text.Error_Handler
                0x0000000008004124        0xe Src/main.o
                0x0000000008004124                Error_Handler
 *fill*         0x0000000008004132        0x2 
 .text.HAL_MspInit
                0x0000000008004134       0x50 Src/stm32f7xx_hal_msp.o
                0x0000000008004134                HAL_MspInit
 .text.HAL_UART_MspInit
                0x0000000008004184       0xc4 Src/stm32f7xx_hal_msp.o
                0x0000000008004184                HAL_UART_MspInit
 .text.HAL_InitTick
                0x0000000008004248       0xb0 Src/stm32f7xx_hal_timebase_tim.o
                0x0000000008004248                HAL_InitTick
 .text.NMI_Handler
                0x00000000080042f8        0xe Src/stm32f7xx_it.o
                0x00000000080042f8                NMI_Handler
 .text.HardFault_Handler
                0x0000000008004306        0x6 Src/stm32f7xx_it.o
                0x0000000008004306                HardFault_Handler
 .text.MemManage_Handler
                0x000000000800430c        0x6 Src/stm32f7xx_it.o
                0x000000000800430c                MemManage_Handler
 .text.BusFault_Handler
                0x0000000008004312        0x6 Src/stm32f7xx_it.o
                0x0000000008004312                BusFault_Handler
 .text.UsageFault_Handler
                0x0000000008004318        0x6 Src/stm32f7xx_it.o
                0x0000000008004318                UsageFault_Handler
 .text.DebugMon_Handler
                0x000000000800431e        0xe Src/stm32f7xx_it.o
                0x000000000800431e                DebugMon_Handler
 .text.TIM8_TRG_COM_TIM14_IRQHandler
                0x000000000800432c       0x14 Src/stm32f7xx_it.o
                0x000000000800432c                TIM8_TRG_COM_TIM14_IRQHandler
 .text._read    0x0000000008004340       0x3a Src/syscalls.o
                0x0000000008004340                _read
 .text._write   0x000000000800437a       0x38 Src/syscalls.o
                0x000000000800437a                _write
 .text._close   0x00000000080043b2       0x18 Src/syscalls.o
                0x00000000080043b2                _close
 .text._fstat   0x00000000080043ca       0x20 Src/syscalls.o
                0x00000000080043ca                _fstat
 .text._isatty  0x00000000080043ea       0x16 Src/syscalls.o
                0x00000000080043ea                _isatty
 .text._lseek   0x0000000008004400       0x1a Src/syscalls.o
                0x0000000008004400                _lseek
 *fill*         0x000000000800441a        0x2 
 .text._sbrk    0x000000000800441c       0x58 Src/sysmem.o
                0x000000000800441c                _sbrk
 .text.SystemInit
                0x0000000008004474       0x6c Src/system_stm32f7xx.o
                0x0000000008004474                SystemInit
 .text.Reset_Handler
                0x00000000080044e0       0x50 Startup/startup_stm32f746nghx.o
                0x00000000080044e0                Reset_Handler
 .text.Default_Handler
                0x0000000008004530        0x2 Startup/startup_stm32f746nghx.o
                0x0000000008004530                RTC_Alarm_IRQHandler
                0x0000000008004530                EXTI2_IRQHandler
                0x0000000008004530                TIM8_CC_IRQHandler
                0x0000000008004530                UART8_IRQHandler
                0x0000000008004530                SPI4_IRQHandler
                0x0000000008004530                TIM1_CC_IRQHandler
                0x0000000008004530                DMA2_Stream5_IRQHandler
                0x0000000008004530                DMA1_Stream5_IRQHandler
                0x0000000008004530                PVD_IRQHandler
                0x0000000008004530                TAMP_STAMP_IRQHandler
                0x0000000008004530                CAN2_RX1_IRQHandler
                0x0000000008004530                EXTI3_IRQHandler
                0x0000000008004530                TIM1_UP_TIM10_IRQHandler
                0x0000000008004530                TIM8_UP_TIM13_IRQHandler
                0x0000000008004530                I2C3_ER_IRQHandler
                0x0000000008004530                EXTI0_IRQHandler
                0x0000000008004530                I2C2_EV_IRQHandler
                0x0000000008004530                DMA1_Stream2_IRQHandler
                0x0000000008004530                CAN1_RX0_IRQHandler
                0x0000000008004530                FPU_IRQHandler
                0x0000000008004530                OTG_HS_WKUP_IRQHandler
                0x0000000008004530                LTDC_ER_IRQHandler
                0x0000000008004530                CAN2_SCE_IRQHandler
                0x0000000008004530                DMA2_Stream2_IRQHandler
                0x0000000008004530                SPI1_IRQHandler
                0x0000000008004530                TIM6_DAC_IRQHandler
                0x0000000008004530                TIM1_BRK_TIM9_IRQHandler
                0x0000000008004530                DCMI_IRQHandler
                0x0000000008004530                CAN2_RX0_IRQHandler
                0x0000000008004530                DMA2_Stream3_IRQHandler
                0x0000000008004530                SAI2_IRQHandler
                0x0000000008004530                USART6_IRQHandler
                0x0000000008004530                USART3_IRQHandler
                0x0000000008004530                CAN1_RX1_IRQHandler
                0x0000000008004530                UART5_IRQHandler
                0x0000000008004530                DMA2_Stream0_IRQHandler
                0x0000000008004530                TIM4_IRQHandler
                0x0000000008004530                QUADSPI_IRQHandler
                0x0000000008004530                I2C1_EV_IRQHandler
                0x0000000008004530                DMA1_Stream6_IRQHandler
                0x0000000008004530                DMA1_Stream1_IRQHandler
                0x0000000008004530                UART4_IRQHandler
                0x0000000008004530                TIM3_IRQHandler
                0x0000000008004530                RCC_IRQHandler
                0x0000000008004530                TIM8_BRK_TIM12_IRQHandler
                0x0000000008004530                Default_Handler
                0x0000000008004530                CEC_IRQHandler
                0x0000000008004530                EXTI15_10_IRQHandler
                0x0000000008004530                ADC_IRQHandler
                0x0000000008004530                DMA1_Stream7_IRQHandler
                0x0000000008004530                SPI5_IRQHandler
                0x0000000008004530                TIM7_IRQHandler
                0x0000000008004530                SDMMC1_IRQHandler
                0x0000000008004530                CAN2_TX_IRQHandler
                0x0000000008004530                TIM5_IRQHandler
                0x0000000008004530                DMA2_Stream7_IRQHandler
                0x0000000008004530                I2C3_EV_IRQHandler
                0x0000000008004530                EXTI9_5_IRQHandler
                0x0000000008004530                RTC_WKUP_IRQHandler
                0x0000000008004530                LTDC_IRQHandler
                0x0000000008004530                ETH_WKUP_IRQHandler
                0x0000000008004530                SPDIF_RX_IRQHandler
                0x0000000008004530                SPI2_IRQHandler
                0x0000000008004530                OTG_HS_EP1_IN_IRQHandler
                0x0000000008004530                DMA1_Stream0_IRQHandler
                0x0000000008004530                CAN1_TX_IRQHandler
                0x0000000008004530                EXTI4_IRQHandler
                0x0000000008004530                RNG_IRQHandler
                0x0000000008004530                ETH_IRQHandler
                0x0000000008004530                OTG_HS_EP1_OUT_IRQHandler
                0x0000000008004530                WWDG_IRQHandler
                0x0000000008004530                SPI6_IRQHandler
                0x0000000008004530                I2C4_EV_IRQHandler
                0x0000000008004530                TIM2_IRQHandler
                0x0000000008004530                OTG_FS_WKUP_IRQHandler
                0x0000000008004530                TIM1_TRG_COM_TIM11_IRQHandler
                0x0000000008004530                OTG_HS_IRQHandler
                0x0000000008004530                DMA2D_IRQHandler
                0x0000000008004530                EXTI1_IRQHandler
                0x0000000008004530                UART7_IRQHandler
                0x0000000008004530                USART2_IRQHandler
                0x0000000008004530                I2C2_ER_IRQHandler
                0x0000000008004530                DMA2_Stream1_IRQHandler
                0x0000000008004530                CAN1_SCE_IRQHandler
                0x0000000008004530                FLASH_IRQHandler
                0x0000000008004530                DMA2_Stream4_IRQHandler
                0x0000000008004530                USART1_IRQHandler
                0x0000000008004530                OTG_FS_IRQHandler
                0x0000000008004530                SPI3_IRQHandler
                0x0000000008004530                DMA1_Stream4_IRQHandler
                0x0000000008004530                I2C1_ER_IRQHandler
                0x0000000008004530                FMC_IRQHandler
                0x0000000008004530                LPTIM1_IRQHandler
                0x0000000008004530                I2C4_ER_IRQHandler
                0x0000000008004530                DMA2_Stream6_IRQHandler
                0x0000000008004530                SAI1_IRQHandler
                0x0000000008004530                DMA1_Stream3_IRQHandler
 *fill*         0x0000000008004532        0x2 
 .text.__errno  0x0000000008004534        0xc c:/st/stm32cubeide_1.0.2/stm32cubeide/plugins/com.st.stm32cube.ide.mcu.externaltools.gnu-tools-for-stm32.7-2018-q2-update.win32_1.0.0.201904181610/tools/bin/../lib/gcc/arm-none-eabi/7.3.1/../../../../arm-none-eabi/lib/thumb/v7e-m/fpv4-sp/hard\libc_nano.a(lib_a-errno.o)
                0x0000000008004534                __errno
 .text.__libc_init_array
                0x0000000008004540       0x48 c:/st/stm32cubeide_1.0.2/stm32cubeide/plugins/com.st.stm32cube.ide.mcu.externaltools.gnu-tools-for-stm32.7-2018-q2-update.win32_1.0.0.201904181610/tools/bin/../lib/gcc/arm-none-eabi/7.3.1/../../../../arm-none-eabi/lib/thumb/v7e-m/fpv4-sp/hard\libc_nano.a(lib_a-init.o)
                0x0000000008004540                __libc_init_array
 .text.memset   0x0000000008004588       0x10 c:/st/stm32cubeide_1.0.2/stm32cubeide/plugins/com.st.stm32cube.ide.mcu.externaltools.gnu-tools-for-stm32.7-2018-q2-update.win32_1.0.0.201904181610/tools/bin/../lib/gcc/arm-none-eabi/7.3.1/../../../../arm-none-eabi/lib/thumb/v7e-m/fpv4-sp/hard\libc_nano.a(lib_a-memset.o)
                0x0000000008004588                memset
 .text.printf   0x0000000008004598       0x30 c:/st/stm32cubeide_1.0.2/stm32cubeide/plugins/com.st.stm32cube.ide.mcu.externaltools.gnu-tools-for-stm32.7-2018-q2-update.win32_1.0.0.201904181610/tools/bin/../lib/gcc/arm-none-eabi/7.3.1/../../../../arm-none-eabi/lib/thumb/v7e-m/fpv4-sp/hard\libc_nano.a(lib_a-printf.o)
                0x0000000008004598                iprintf
                0x0000000008004598                printf
 .text._puts_r  0x00000000080045c8       0xb8 c:/st/stm32cubeide_1.0.2/stm32cubeide/plugins/com.st.stm32cube.ide.mcu.externaltools.gnu-tools-for-stm32.7-2018-q2-update.win32_1.0.0.201904181610/tools/bin/../lib/gcc/arm-none-eabi/7.3.1/../../../../arm-none-eabi/lib/thumb/v7e-m/fpv4-sp/hard\libc_nano.a(lib_a-puts.o)
                0x00000000080045c8                _puts_r
 .text.puts     0x0000000008004680       0x10 c:/st/stm32cubeide_1.0.2/stm32cubeide/plugins/com.st.stm32cube.ide.mcu.externaltools.gnu-tools-for-stm32.7-2018-q2-update.win32_1.0.0.201904181610/tools/bin/../lib/gcc/arm-none-eabi/7.3.1/../../../../arm-none-eabi/lib/thumb/v7e-m/fpv4-sp/hard\libc_nano.a(lib_a-puts.o)
                0x0000000008004680                puts
 .text.__swbuf_r
                0x0000000008004690       0xa4 c:/st/stm32cubeide_1.0.2/stm32cubeide/plugins/com.st.stm32cube.ide.mcu.externaltools.gnu-tools-for-stm32.7-2018-q2-update.win32_1.0.0.201904181610/tools/bin/../lib/gcc/arm-none-eabi/7.3.1/../../../../arm-none-eabi/lib/thumb/v7e-m/fpv4-sp/hard\libc_nano.a(lib_a-wbuf.o)
                0x0000000008004690                __swbuf_r
 .text.__swsetup_r
                0x0000000008004734       0xdc c:/st/stm32cubeide_1.0.2/stm32cubeide/plugins/com.st.stm32cube.ide.mcu.externaltools.gnu-tools-for-stm32.7-2018-q2-update.win32_1.0.0.201904181610/tools/bin/../lib/gcc/arm-none-eabi/7.3.1/../../../../arm-none-eabi/lib/thumb/v7e-m/fpv4-sp/hard\libc_nano.a(lib_a-wsetup.o)
                0x0000000008004734                __swsetup_r
 .text.__sflush_r
                0x0000000008004810      0x10c c:/st/stm32cubeide_1.0.2/stm32cubeide/plugins/com.st.stm32cube.ide.mcu.externaltools.gnu-tools-for-stm32.7-2018-q2-update.win32_1.0.0.201904181610/tools/bin/../lib/gcc/arm-none-eabi/7.3.1/../../../../arm-none-eabi/lib/thumb/v7e-m/fpv4-sp/hard\libc_nano.a(lib_a-fflush.o)
                0x0000000008004810                __sflush_r
 .text._fflush_r
                0x000000000800491c       0x54 c:/st/stm32cubeide_1.0.2/stm32cubeide/plugins/com.st.stm32cube.ide.mcu.externaltools.gnu-tools-for-stm32.7-2018-q2-update.win32_1.0.0.201904181610/tools/bin/../lib/gcc/arm-none-eabi/7.3.1/../../../../arm-none-eabi/lib/thumb/v7e-m/fpv4-sp/hard\libc_nano.a(lib_a-fflush.o)
                0x000000000800491c                _fflush_r
 .text.std      0x0000000008004970       0x48 c:/st/stm32cubeide_1.0.2/stm32cubeide/plugins/com.st.stm32cube.ide.mcu.externaltools.gnu-tools-for-stm32.7-2018-q2-update.win32_1.0.0.201904181610/tools/bin/../lib/gcc/arm-none-eabi/7.3.1/../../../../arm-none-eabi/lib/thumb/v7e-m/fpv4-sp/hard\libc_nano.a(lib_a-findfp.o)
 .text._cleanup_r
                0x00000000080049b8        0xc c:/st/stm32cubeide_1.0.2/stm32cubeide/plugins/com.st.stm32cube.ide.mcu.externaltools.gnu-tools-for-stm32.7-2018-q2-update.win32_1.0.0.201904181610/tools/bin/../lib/gcc/arm-none-eabi/7.3.1/../../../../arm-none-eabi/lib/thumb/v7e-m/fpv4-sp/hard\libc_nano.a(lib_a-findfp.o)
                0x00000000080049b8                _cleanup_r
 .text.__sfmoreglue
                0x00000000080049c4       0x2c c:/st/stm32cubeide_1.0.2/stm32cubeide/plugins/com.st.stm32cube.ide.mcu.externaltools.gnu-tools-for-stm32.7-2018-q2-update.win32_1.0.0.201904181610/tools/bin/../lib/gcc/arm-none-eabi/7.3.1/../../../../arm-none-eabi/lib/thumb/v7e-m/fpv4-sp/hard\libc_nano.a(lib_a-findfp.o)
                0x00000000080049c4                __sfmoreglue
 .text.__sinit  0x00000000080049f0       0x60 c:/st/stm32cubeide_1.0.2/stm32cubeide/plugins/com.st.stm32cube.ide.mcu.externaltools.gnu-tools-for-stm32.7-2018-q2-update.win32_1.0.0.201904181610/tools/bin/../lib/gcc/arm-none-eabi/7.3.1/../../../../arm-none-eabi/lib/thumb/v7e-m/fpv4-sp/hard\libc_nano.a(lib_a-findfp.o)
                0x00000000080049f0                __sinit
 .text.__sfp    0x0000000008004a50       0x78 c:/st/stm32cubeide_1.0.2/stm32cubeide/plugins/com.st.stm32cube.ide.mcu.externaltools.gnu-tools-for-stm32.7-2018-q2-update.win32_1.0.0.201904181610/tools/bin/../lib/gcc/arm-none-eabi/7.3.1/../../../../arm-none-eabi/lib/thumb/v7e-m/fpv4-sp/hard\libc_nano.a(lib_a-findfp.o)
                0x0000000008004a50                __sfp
 .text._fwalk_reent
                0x0000000008004ac8       0x3c c:/st/stm32cubeide_1.0.2/stm32cubeide/plugins/com.st.stm32cube.ide.mcu.externaltools.gnu-tools-for-stm32.7-2018-q2-update.win32_1.0.0.201904181610/tools/bin/../lib/gcc/arm-none-eabi/7.3.1/../../../../arm-none-eabi/lib/thumb/v7e-m/fpv4-sp/hard\libc_nano.a(lib_a-fwalk.o)
                0x0000000008004ac8                _fwalk_reent
 .text.__swhatbuf_r
                0x0000000008004b04       0x48 c:/st/stm32cubeide_1.0.2/stm32cubeide/plugins/com.st.stm32cube.ide.mcu.externaltools.gnu-tools-for-stm32.7-2018-q2-update.win32_1.0.0.201904181610/tools/bin/../lib/gcc/arm-none-eabi/7.3.1/../../../../arm-none-eabi/lib/thumb/v7e-m/fpv4-sp/hard\libc_nano.a(lib_a-makebuf.o)
                0x0000000008004b04                __swhatbuf_r
 .text.__smakebuf_r
                0x0000000008004b4c       0x80 c:/st/stm32cubeide_1.0.2/stm32cubeide/plugins/com.st.stm32cube.ide.mcu.externaltools.gnu-tools-for-stm32.7-2018-q2-update.win32_1.0.0.201904181610/tools/bin/../lib/gcc/arm-none-eabi/7.3.1/../../../../arm-none-eabi/lib/thumb/v7e-m/fpv4-sp/hard\libc_nano.a(lib_a-makebuf.o)
                0x0000000008004b4c                __smakebuf_r
 .text._free_r  0x0000000008004bcc       0x9c c:/st/stm32cubeide_1.0.2/stm32cubeide/plugins/com.st.stm32cube.ide.mcu.externaltools.gnu-tools-for-stm32.7-2018-q2-update.win32_1.0.0.201904181610/tools/bin/../lib/gcc/arm-none-eabi/7.3.1/../../../../arm-none-eabi/lib/thumb/v7e-m/fpv4-sp/hard\libc_nano.a(lib_a-nano-freer.o)
                0x0000000008004bcc                _free_r
 .text._malloc_r
                0x0000000008004c68       0xb4 c:/st/stm32cubeide_1.0.2/stm32cubeide/plugins/com.st.stm32cube.ide.mcu.externaltools.gnu-tools-for-stm32.7-2018-q2-update.win32_1.0.0.201904181610/tools/bin/../lib/gcc/arm-none-eabi/7.3.1/../../../../arm-none-eabi/lib/thumb/v7e-m/fpv4-sp/hard\libc_nano.a(lib_a-nano-mallocr.o)
                0x0000000008004c68                _malloc_r
 .text.__sfputc_r
                0x0000000008004d1c       0x2e c:/st/stm32cubeide_1.0.2/stm32cubeide/plugins/com.st.stm32cube.ide.mcu.externaltools.gnu-tools-for-stm32.7-2018-q2-update.win32_1.0.0.201904181610/tools/bin/../lib/gcc/arm-none-eabi/7.3.1/../../../../arm-none-eabi/lib/thumb/v7e-m/fpv4-sp/hard\libc_nano.a(lib_a-nano-vfprintf.o)
 .text.__sfputs_r
                0x0000000008004d4a       0x24 c:/st/stm32cubeide_1.0.2/stm32cubeide/plugins/com.st.stm32cube.ide.mcu.externaltools.gnu-tools-for-stm32.7-2018-q2-update.win32_1.0.0.201904181610/tools/bin/../lib/gcc/arm-none-eabi/7.3.1/../../../../arm-none-eabi/lib/thumb/v7e-m/fpv4-sp/hard\libc_nano.a(lib_a-nano-vfprintf.o)
                0x0000000008004d4a                __sfputs_r
 *fill*         0x0000000008004d6e        0x2 
 .text._vfprintf_r
                0x0000000008004d70      0x22c c:/st/stm32cubeide_1.0.2/stm32cubeide/plugins/com.st.stm32cube.ide.mcu.externaltools.gnu-tools-for-stm32.7-2018-q2-update.win32_1.0.0.201904181610/tools/bin/../lib/gcc/arm-none-eabi/7.3.1/../../../../arm-none-eabi/lib/thumb/v7e-m/fpv4-sp/hard\libc_nano.a(lib_a-nano-vfprintf.o)
                0x0000000008004d70                _vfprintf_r
                0x0000000008004d70                _vfiprintf_r
 .text._printf_common
                0x0000000008004f9c       0xea c:/st/stm32cubeide_1.0.2/stm32cubeide/plugins/com.st.stm32cube.ide.mcu.externaltools.gnu-tools-for-stm32.7-2018-q2-update.win32_1.0.0.201904181610/tools/bin/../lib/gcc/arm-none-eabi/7.3.1/../../../../arm-none-eabi/lib/thumb/v7e-m/fpv4-sp/hard\libc_nano.a(lib_a-nano-vfprintf_i.o)
                0x0000000008004f9c                _printf_common
 *fill*         0x0000000008005086        0x2 
 .text._printf_i
                0x0000000008005088      0x224 c:/st/stm32cubeide_1.0.2/stm32cubeide/plugins/com.st.stm32cube.ide.mcu.externaltools.gnu-tools-for-stm32.7-2018-q2-update.win32_1.0.0.201904181610/tools/bin/../lib/gcc/arm-none-eabi/7.3.1/../../../../arm-none-eabi/lib/thumb/v7e-m/fpv4-sp/hard\libc_nano.a(lib_a-nano-vfprintf_i.o)
                0x0000000008005088                _printf_i
 .text._sbrk_r  0x00000000080052ac       0x20 c:/st/stm32cubeide_1.0.2/stm32cubeide/plugins/com.st.stm32cube.ide.mcu.externaltools.gnu-tools-for-stm32.7-2018-q2-update.win32_1.0.0.201904181610/tools/bin/../lib/gcc/arm-none-eabi/7.3.1/../../../../arm-none-eabi/lib/thumb/v7e-m/fpv4-sp/hard\libc_nano.a(lib_a-sbrkr.o)
                0x00000000080052ac                _sbrk_r
 .text.__sread  0x00000000080052cc       0x22 c:/st/stm32cubeide_1.0.2/stm32cubeide/plugins/com.st.stm32cube.ide.mcu.externaltools.gnu-tools-for-stm32.7-2018-q2-update.win32_1.0.0.201904181610/tools/bin/../lib/gcc/arm-none-eabi/7.3.1/../../../../arm-none-eabi/lib/thumb/v7e-m/fpv4-sp/hard\libc_nano.a(lib_a-stdio.o)
                0x00000000080052cc                __sread
 .text.__swrite
                0x00000000080052ee       0x38 c:/st/stm32cubeide_1.0.2/stm32cubeide/plugins/com.st.stm32cube.ide.mcu.externaltools.gnu-tools-for-stm32.7-2018-q2-update.win32_1.0.0.201904181610/tools/bin/../lib/gcc/arm-none-eabi/7.3.1/../../../../arm-none-eabi/lib/thumb/v7e-m/fpv4-sp/hard\libc_nano.a(lib_a-stdio.o)
                0x00000000080052ee                __swrite
 .text.__sseek  0x0000000008005326       0x24 c:/st/stm32cubeide_1.0.2/stm32cubeide/plugins/com.st.stm32cube.ide.mcu.externaltools.gnu-tools-for-stm32.7-2018-q2-update.win32_1.0.0.201904181610/tools/bin/../lib/gcc/arm-none-eabi/7.3.1/../../../../arm-none-eabi/lib/thumb/v7e-m/fpv4-sp/hard\libc_nano.a(lib_a-stdio.o)
                0x0000000008005326                __sseek
 .text.__sclose
                0x000000000800534a        0x8 c:/st/stm32cubeide_1.0.2/stm32cubeide/plugins/com.st.stm32cube.ide.mcu.externaltools.gnu-tools-for-stm32.7-2018-q2-update.win32_1.0.0.201904181610/tools/bin/../lib/gcc/arm-none-eabi/7.3.1/../../../../arm-none-eabi/lib/thumb/v7e-m/fpv4-sp/hard\libc_nano.a(lib_a-stdio.o)
                0x000000000800534a                __sclose
 *fill*         0x0000000008005352        0x2 
 .text._write_r
                0x0000000008005354       0x24 c:/st/stm32cubeide_1.0.2/stm32cubeide/plugins/com.st.stm32cube.ide.mcu.externaltools.gnu-tools-for-stm32.7-2018-q2-update.win32_1.0.0.201904181610/tools/bin/../lib/gcc/arm-none-eabi/7.3.1/../../../../arm-none-eabi/lib/thumb/v7e-m/fpv4-sp/hard\libc_nano.a(lib_a-writer.o)
                0x0000000008005354                _write_r
 .text._close_r
                0x0000000008005378       0x20 c:/st/stm32cubeide_1.0.2/stm32cubeide/plugins/com.st.stm32cube.ide.mcu.externaltools.gnu-tools-for-stm32.7-2018-q2-update.win32_1.0.0.201904181610/tools/bin/../lib/gcc/arm-none-eabi/7.3.1/../../../../arm-none-eabi/lib/thumb/v7e-m/fpv4-sp/hard\libc_nano.a(lib_a-closer.o)
                0x0000000008005378                _close_r
 .text._fstat_r
                0x0000000008005398       0x24 c:/st/stm32cubeide_1.0.2/stm32cubeide/plugins/com.st.stm32cube.ide.mcu.externaltools.gnu-tools-for-stm32.7-2018-q2-update.win32_1.0.0.201904181610/tools/bin/../lib/gcc/arm-none-eabi/7.3.1/../../../../arm-none-eabi/lib/thumb/v7e-m/fpv4-sp/hard\libc_nano.a(lib_a-fstatr.o)
                0x0000000008005398                _fstat_r
 .text._isatty_r
                0x00000000080053bc       0x20 c:/st/stm32cubeide_1.0.2/stm32cubeide/plugins/com.st.stm32cube.ide.mcu.externaltools.gnu-tools-for-stm32.7-2018-q2-update.win32_1.0.0.201904181610/tools/bin/../lib/gcc/arm-none-eabi/7.3.1/../../../../arm-none-eabi/lib/thumb/v7e-m/fpv4-sp/hard\libc_nano.a(lib_a-isattyr.o)
                0x00000000080053bc                _isatty_r
 .text._lseek_r
                0x00000000080053dc       0x24 c:/st/stm32cubeide_1.0.2/stm32cubeide/plugins/com.st.stm32cube.ide.mcu.externaltools.gnu-tools-for-stm32.7-2018-q2-update.win32_1.0.0.201904181610/tools/bin/../lib/gcc/arm-none-eabi/7.3.1/../../../../arm-none-eabi/lib/thumb/v7e-m/fpv4-sp/hard\libc_nano.a(lib_a-lseekr.o)
                0x00000000080053dc                _lseek_r
 .text.__malloc_lock
                0x0000000008005400        0x2 c:/st/stm32cubeide_1.0.2/stm32cubeide/plugins/com.st.stm32cube.ide.mcu.externaltools.gnu-tools-for-stm32.7-2018-q2-update.win32_1.0.0.201904181610/tools/bin/../lib/gcc/arm-none-eabi/7.3.1/../../../../arm-none-eabi/lib/thumb/v7e-m/fpv4-sp/hard\libc_nano.a(lib_a-mlock.o)
                0x0000000008005400                __malloc_lock
 .text.__malloc_unlock
                0x0000000008005402        0x2 c:/st/stm32cubeide_1.0.2/stm32cubeide/plugins/com.st.stm32cube.ide.mcu.externaltools.gnu-tools-for-stm32.7-2018-q2-update.win32_1.0.0.201904181610/tools/bin/../lib/gcc/arm-none-eabi/7.3.1/../../../../arm-none-eabi/lib/thumb/v7e-m/fpv4-sp/hard\libc_nano.a(lib_a-mlock.o)
                0x0000000008005402                __malloc_unlock
 .text._read_r  0x0000000008005404       0x24 c:/st/stm32cubeide_1.0.2/stm32cubeide/plugins/com.st.stm32cube.ide.mcu.externaltools.gnu-tools-for-stm32.7-2018-q2-update.win32_1.0.0.201904181610/tools/bin/../lib/gcc/arm-none-eabi/7.3.1/../../../../arm-none-eabi/lib/thumb/v7e-m/fpv4-sp/hard\libc_nano.a(lib_a-readr.o)
                0x0000000008005404                _read_r
 *(.glue_7)
 .glue_7        0x0000000008005428        0x0 linker stubs
 *(.glue_7t)
 .glue_7t       0x0000000008005428        0x0 linker stubs
 *(.eh_frame)
 .eh_frame      0x0000000008005428        0x0 c:/st/stm32cubeide_1.0.2/stm32cubeide/plugins/com.st.stm32cube.ide.mcu.externaltools.gnu-tools-for-stm32.7-2018-q2-update.win32_1.0.0.201904181610/tools/bin/../lib/gcc/arm-none-eabi/7.3.1/thumb/v7e-m/fpv4-sp/hard/crtbegin.o
 *(.init)
 .init          0x0000000008005428        0x4 c:/st/stm32cubeide_1.0.2/stm32cubeide/plugins/com.st.stm32cube.ide.mcu.externaltools.gnu-tools-for-stm32.7-2018-q2-update.win32_1.0.0.201904181610/tools/bin/../lib/gcc/arm-none-eabi/7.3.1/thumb/v7e-m/fpv4-sp/hard/crti.o
                0x0000000008005428                _init
 .init          0x000000000800542c        0x8 c:/st/stm32cubeide_1.0.2/stm32cubeide/plugins/com.st.stm32cube.ide.mcu.externaltools.gnu-tools-for-stm32.7-2018-q2-update.win32_1.0.0.201904181610/tools/bin/../lib/gcc/arm-none-eabi/7.3.1/thumb/v7e-m/fpv4-sp/hard/crtn.o
 *(.fini)
 .fini          0x0000000008005434        0x4 c:/st/stm32cubeide_1.0.2/stm32cubeide/plugins/com.st.stm32cube.ide.mcu.externaltools.gnu-tools-for-stm32.7-2018-q2-update.win32_1.0.0.201904181610/tools/bin/../lib/gcc/arm-none-eabi/7.3.1/thumb/v7e-m/fpv4-sp/hard/crti.o
                0x0000000008005434                _fini
 .fini          0x0000000008005438        0x8 c:/st/stm32cubeide_1.0.2/stm32cubeide/plugins/com.st.stm32cube.ide.mcu.externaltools.gnu-tools-for-stm32.7-2018-q2-update.win32_1.0.0.201904181610/tools/bin/../lib/gcc/arm-none-eabi/7.3.1/thumb/v7e-m/fpv4-sp/hard/crtn.o
                0x0000000008005440                . = ALIGN (0x4)
                0x0000000008005440                _etext = .

.vfp11_veneer   0x0000000008005440        0x0
 .vfp11_veneer  0x0000000008005440        0x0 linker stubs

.v4_bx          0x0000000008005440        0x0
 .v4_bx         0x0000000008005440        0x0 linker stubs

.iplt           0x0000000008005440        0x0
 .iplt          0x0000000008005440        0x0 c:/st/stm32cubeide_1.0.2/stm32cubeide/plugins/com.st.stm32cube.ide.mcu.externaltools.gnu-tools-for-stm32.7-2018-q2-update.win32_1.0.0.201904181610/tools/bin/../lib/gcc/arm-none-eabi/7.3.1/thumb/v7e-m/fpv4-sp/hard/crtbegin.o

.rodata         0x0000000008005440      0x13c
                0x0000000008005440                . = ALIGN (0x4)
 *(.rodata)
 .rodata        0x0000000008005440        0x5 Middlewares/FreeRTOS/tasks.o
 *fill*         0x0000000008005445        0x3 
 .rodata        0x0000000008005448       0x82 Src/main.o
 *(.rodata*)
 *fill*         0x00000000080054ca        0x2 
 .rodata.AHBPrescTable
                0x00000000080054cc       0x10 Src/system_stm32f7xx.o
                0x00000000080054cc                AHBPrescTable
 .rodata.APBPrescTable
                0x00000000080054dc        0x8 Src/system_stm32f7xx.o
                0x00000000080054dc                APBPrescTable
 .rodata._global_impure_ptr
                0x00000000080054e4        0x4 c:/st/stm32cubeide_1.0.2/stm32cubeide/plugins/com.st.stm32cube.ide.mcu.externaltools.gnu-tools-for-stm32.7-2018-q2-update.win32_1.0.0.201904181610/tools/bin/../lib/gcc/arm-none-eabi/7.3.1/../../../../arm-none-eabi/lib/thumb/v7e-m/fpv4-sp/hard\libc_nano.a(lib_a-impure.o)
                0x00000000080054e4                _global_impure_ptr
 .rodata.__sf_fake_stderr
                0x00000000080054e8       0x20 c:/st/stm32cubeide_1.0.2/stm32cubeide/plugins/com.st.stm32cube.ide.mcu.externaltools.gnu-tools-for-stm32.7-2018-q2-update.win32_1.0.0.201904181610/tools/bin/../lib/gcc/arm-none-eabi/7.3.1/../../../../arm-none-eabi/lib/thumb/v7e-m/fpv4-sp/hard\libc_nano.a(lib_a-findfp.o)
                0x00000000080054e8                __sf_fake_stderr
 .rodata.__sf_fake_stdin
                0x0000000008005508       0x20 c:/st/stm32cubeide_1.0.2/stm32cubeide/plugins/com.st.stm32cube.ide.mcu.externaltools.gnu-tools-for-stm32.7-2018-q2-update.win32_1.0.0.201904181610/tools/bin/../lib/gcc/arm-none-eabi/7.3.1/../../../../arm-none-eabi/lib/thumb/v7e-m/fpv4-sp/hard\libc_nano.a(lib_a-findfp.o)
                0x0000000008005508                __sf_fake_stdin
 .rodata.__sf_fake_stdout
                0x0000000008005528       0x20 c:/st/stm32cubeide_1.0.2/stm32cubeide/plugins/com.st.stm32cube.ide.mcu.externaltools.gnu-tools-for-stm32.7-2018-q2-update.win32_1.0.0.201904181610/tools/bin/../lib/gcc/arm-none-eabi/7.3.1/../../../../arm-none-eabi/lib/thumb/v7e-m/fpv4-sp/hard\libc_nano.a(lib_a-findfp.o)
                0x0000000008005528                __sf_fake_stdout
 .rodata._vfprintf_r.str1.1
                0x0000000008005548       0x11 c:/st/stm32cubeide_1.0.2/stm32cubeide/plugins/com.st.stm32cube.ide.mcu.externaltools.gnu-tools-for-stm32.7-2018-q2-update.win32_1.0.0.201904181610/tools/bin/../lib/gcc/arm-none-eabi/7.3.1/../../../../arm-none-eabi/lib/thumb/v7e-m/fpv4-sp/hard\libc_nano.a(lib_a-nano-vfprintf.o)
 .rodata._printf_i.str1.1
                0x0000000008005559       0x22 c:/st/stm32cubeide_1.0.2/stm32cubeide/plugins/com.st.stm32cube.ide.mcu.externaltools.gnu-tools-for-stm32.7-2018-q2-update.win32_1.0.0.201904181610/tools/bin/../lib/gcc/arm-none-eabi/7.3.1/../../../../arm-none-eabi/lib/thumb/v7e-m/fpv4-sp/hard\libc_nano.a(lib_a-nano-vfprintf_i.o)
                0x000000000800557c                . = ALIGN (0x4)
 *fill*         0x000000000800557b        0x1 

.ARM.extab      0x000000000800557c        0x0
                0x000000000800557c                . = ALIGN (0x4)
 *(.ARM.extab* .gnu.linkonce.armextab.*)
                0x000000000800557c                . = ALIGN (0x4)

.ARM            0x000000000800557c        0x8
                0x000000000800557c                . = ALIGN (0x4)
                0x000000000800557c                __exidx_start = .
 *(.ARM.exidx*)
 .ARM.exidx     0x000000000800557c        0x8 c:/st/stm32cubeide_1.0.2/stm32cubeide/plugins/com.st.stm32cube.ide.mcu.externaltools.gnu-tools-for-stm32.7-2018-q2-update.win32_1.0.0.201904181610/tools/bin/../lib/gcc/arm-none-eabi/7.3.1/thumb/v7e-m/fpv4-sp/hard\libgcc.a(_udivmoddi4.o)
                0x0000000008005584                __exidx_end = .
                0x0000000008005584                . = ALIGN (0x4)

.rel.dyn        0x0000000008005584        0x0
 .rel.iplt      0x0000000008005584        0x0 c:/st/stm32cubeide_1.0.2/stm32cubeide/plugins/com.st.stm32cube.ide.mcu.externaltools.gnu-tools-for-stm32.7-2018-q2-update.win32_1.0.0.201904181610/tools/bin/../lib/gcc/arm-none-eabi/7.3.1/thumb/v7e-m/fpv4-sp/hard/crtbegin.o

.preinit_array  0x0000000008005584        0x0
                0x0000000008005584                . = ALIGN (0x4)
                0x0000000008005584                PROVIDE (__preinit_array_start = .)
 *(.preinit_array*)
                0x0000000008005584                PROVIDE (__preinit_array_end = .)
                0x0000000008005584                . = ALIGN (0x4)

.init_array     0x0000000008005584        0x4
                0x0000000008005584                . = ALIGN (0x4)
                0x0000000008005584                PROVIDE (__init_array_start = .)
 *(SORT_BY_NAME(.init_array.*))
 *(.init_array*)
 .init_array    0x0000000008005584        0x4 c:/st/stm32cubeide_1.0.2/stm32cubeide/plugins/com.st.stm32cube.ide.mcu.externaltools.gnu-tools-for-stm32.7-2018-q2-update.win32_1.0.0.201904181610/tools/bin/../lib/gcc/arm-none-eabi/7.3.1/thumb/v7e-m/fpv4-sp/hard/crtbegin.o
                0x0000000008005588                PROVIDE (__init_array_end = .)
                0x0000000008005588                . = ALIGN (0x4)

.fini_array     0x0000000008005588        0x4
                0x0000000008005588                . = ALIGN (0x4)
                [!provide]                        PROVIDE (__fini_array_start = .)
 *(SORT_BY_NAME(.fini_array.*))
 *(.fini_array*)
 .fini_array    0x0000000008005588        0x4 c:/st/stm32cubeide_1.0.2/stm32cubeide/plugins/com.st.stm32cube.ide.mcu.externaltools.gnu-tools-for-stm32.7-2018-q2-update.win32_1.0.0.201904181610/tools/bin/../lib/gcc/arm-none-eabi/7.3.1/thumb/v7e-m/fpv4-sp/hard/crtbegin.o
                [!provide]                        PROVIDE (__fini_array_end = .)
                0x000000000800558c                . = ALIGN (0x4)
                0x000000000800558c                _sidata = LOADADDR (.data)

.data           0x0000000020000000       0x74 load address 0x000000000800558c
                0x0000000020000000                . = ALIGN (0x4)
                0x0000000020000000                _sdata = .
 *(.data)
 *(.data*)
 .data.uwTickFreq
                0x0000000020000000        0x1 Drivers/STM32F7xx_HAL_Driver/stm32f7xx_hal.o
                0x0000000020000000                uwTickFreq
 *fill*         0x0000000020000001        0x3 
 .data.uxCriticalNesting
                0x0000000020000004        0x4 Middlewares/FreeRTOS/port.o
 .data.counter  0x0000000020000008        0x4 Src/main.o
                0x0000000020000008                counter
 .data.SystemCoreClock
                0x000000002000000c        0x4 Src/system_stm32f7xx.o
                0x000000002000000c                SystemCoreClock
 .data._impure_ptr
                0x0000000020000010        0x4 c:/st/stm32cubeide_1.0.2/stm32cubeide/plugins/com.st.stm32cube.ide.mcu.externaltools.gnu-tools-for-stm32.7-2018-q2-update.win32_1.0.0.201904181610/tools/bin/../lib/gcc/arm-none-eabi/7.3.1/../../../../arm-none-eabi/lib/thumb/v7e-m/fpv4-sp/hard\libc_nano.a(lib_a-impure.o)
                0x0000000020000010                _impure_ptr
 .data.impure_data
                0x0000000020000014       0x60 c:/st/stm32cubeide_1.0.2/stm32cubeide/plugins/com.st.stm32cube.ide.mcu.externaltools.gnu-tools-for-stm32.7-2018-q2-update.win32_1.0.0.201904181610/tools/bin/../lib/gcc/arm-none-eabi/7.3.1/../../../../arm-none-eabi/lib/thumb/v7e-m/fpv4-sp/hard\libc_nano.a(lib_a-impure.o)
                0x0000000020000074                . = ALIGN (0x4)
                0x0000000020000074                _edata = .

.igot.plt       0x0000000020000074        0x0 load address 0x0000000008005600
 .igot.plt      0x0000000020000074        0x0 c:/st/stm32cubeide_1.0.2/stm32cubeide/plugins/com.st.stm32cube.ide.mcu.externaltools.gnu-tools-for-stm32.7-2018-q2-update.win32_1.0.0.201904181610/tools/bin/../lib/gcc/arm-none-eabi/7.3.1/thumb/v7e-m/fpv4-sp/hard/crtbegin.o
                0x0000000020000074                . = ALIGN (0x4)

.bss            0x0000000020000074     0x3e48 load address 0x0000000008005600
                0x0000000020000074                _sbss = .
                0x0000000020000074                __bss_start__ = _sbss
 *(.bss)
 .bss           0x0000000020000074       0x1c c:/st/stm32cubeide_1.0.2/stm32cubeide/plugins/com.st.stm32cube.ide.mcu.externaltools.gnu-tools-for-stm32.7-2018-q2-update.win32_1.0.0.201904181610/tools/bin/../lib/gcc/arm-none-eabi/7.3.1/thumb/v7e-m/fpv4-sp/hard/crtbegin.o
 *(.bss*)
 .bss.ucHeap    0x0000000020000090     0x3c00 Middlewares/FreeRTOS/heap_4.o
 .bss.xStart    0x0000000020003c90        0x8 Middlewares/FreeRTOS/heap_4.o
 .bss.pxEnd     0x0000000020003c98        0x4 Middlewares/FreeRTOS/heap_4.o
 .bss.xFreeBytesRemaining
                0x0000000020003c9c        0x4 Middlewares/FreeRTOS/heap_4.o
 .bss.xMinimumEverFreeBytesRemaining
                0x0000000020003ca0        0x4 Middlewares/FreeRTOS/heap_4.o
 .bss.xBlockAllocatedBit
                0x0000000020003ca4        0x4 Middlewares/FreeRTOS/heap_4.o
 .bss.ucMaxSysCallPriority
                0x0000000020003ca8        0x1 Middlewares/FreeRTOS/port.o
 *fill*         0x0000000020003ca9        0x3 
 .bss.ulMaxPRIGROUPValue
                0x0000000020003cac        0x4 Middlewares/FreeRTOS/port.o
 .bss.pxCurrentTCB
                0x0000000020003cb0        0x4 Middlewares/FreeRTOS/tasks.o
                0x0000000020003cb0                pxCurrentTCB
 .bss.pxReadyTasksLists
                0x0000000020003cb4       0x8c Middlewares/FreeRTOS/tasks.o
 .bss.xDelayedTaskList1
                0x0000000020003d40       0x14 Middlewares/FreeRTOS/tasks.o
 .bss.xDelayedTaskList2
                0x0000000020003d54       0x14 Middlewares/FreeRTOS/tasks.o
 .bss.pxDelayedTaskList
                0x0000000020003d68        0x4 Middlewares/FreeRTOS/tasks.o
 .bss.pxOverflowDelayedTaskList
                0x0000000020003d6c        0x4 Middlewares/FreeRTOS/tasks.o
 .bss.xPendingReadyList
                0x0000000020003d70       0x14 Middlewares/FreeRTOS/tasks.o
 .bss.xTasksWaitingTermination
                0x0000000020003d84       0x14 Middlewares/FreeRTOS/tasks.o
 .bss.uxDeletedTasksWaitingCleanUp
                0x0000000020003d98        0x4 Middlewares/FreeRTOS/tasks.o
 .bss.xSuspendedTaskList
                0x0000000020003d9c       0x14 Middlewares/FreeRTOS/tasks.o
 .bss.uxCurrentNumberOfTasks
                0x0000000020003db0        0x4 Middlewares/FreeRTOS/tasks.o
 .bss.xTickCount
                0x0000000020003db4        0x4 Middlewares/FreeRTOS/tasks.o
 .bss.uxTopReadyPriority
                0x0000000020003db8        0x4 Middlewares/FreeRTOS/tasks.o
 .bss.xSchedulerRunning
                0x0000000020003dbc        0x4 Middlewares/FreeRTOS/tasks.o
 .bss.uxPendedTicks
                0x0000000020003dc0        0x4 Middlewares/FreeRTOS/tasks.o
 .bss.xYieldPending
                0x0000000020003dc4        0x4 Middlewares/FreeRTOS/tasks.o
 .bss.xNumOfOverflows
                0x0000000020003dc8        0x4 Middlewares/FreeRTOS/tasks.o
 .bss.uxTaskNumber
                0x0000000020003dcc        0x4 Middlewares/FreeRTOS/tasks.o
 .bss.xNextTaskUnblockTime
                0x0000000020003dd0        0x4 Middlewares/FreeRTOS/tasks.o
 .bss.xIdleTaskHandle
                0x0000000020003dd4        0x4 Middlewares/FreeRTOS/tasks.o
 .bss.uxSchedulerSuspended
                0x0000000020003dd8        0x4 Middlewares/FreeRTOS/tasks.o
 .bss.heap_end.6424
                0x0000000020003ddc        0x4 Src/sysmem.o
 .bss.__malloc_free_list
                0x0000000020003de0        0x4 c:/st/stm32cubeide_1.0.2/stm32cubeide/plugins/com.st.stm32cube.ide.mcu.externaltools.gnu-tools-for-stm32.7-2018-q2-update.win32_1.0.0.201904181610/tools/bin/../lib/gcc/arm-none-eabi/7.3.1/../../../../arm-none-eabi/lib/thumb/v7e-m/fpv4-sp/hard\libc_nano.a(lib_a-nano-mallocr.o)
                0x0000000020003de0                __malloc_free_list
 .bss.__malloc_sbrk_start
                0x0000000020003de4        0x4 c:/st/stm32cubeide_1.0.2/stm32cubeide/plugins/com.st.stm32cube.ide.mcu.externaltools.gnu-tools-for-stm32.7-2018-q2-update.win32_1.0.0.201904181610/tools/bin/../lib/gcc/arm-none-eabi/7.3.1/../../../../arm-none-eabi/lib/thumb/v7e-m/fpv4-sp/hard\libc_nano.a(lib_a-nano-mallocr.o)
                0x0000000020003de4                __malloc_sbrk_start
 *(COMMON)
 COMMON         0x0000000020003de8        0x4 Drivers/STM32F7xx_HAL_Driver/stm32f7xx_hal.o
                0x0000000020003de8                uwTick
 COMMON         0x0000000020003dec       0x8c Src/main.o
                0x0000000020003dec                defaultTaskHandle
                0x0000000020003df0                TotallyUnneccesHandle
                0x0000000020003df4                CountDownTaskHandle
                0x0000000020003df8                huart1
 COMMON         0x0000000020003e78       0x40 Src/stm32f7xx_hal_timebase_tim.o
                0x0000000020003e78                htim14
 COMMON         0x0000000020003eb8        0x4 c:/st/stm32cubeide_1.0.2/stm32cubeide/plugins/com.st.stm32cube.ide.mcu.externaltools.gnu-tools-for-stm32.7-2018-q2-update.win32_1.0.0.201904181610/tools/bin/../lib/gcc/arm-none-eabi/7.3.1/../../../../arm-none-eabi/lib/thumb/v7e-m/fpv4-sp/hard\libc_nano.a(lib_a-reent.o)
                0x0000000020003eb8                errno
                0x0000000020003ebc                . = ALIGN (0x4)
                0x0000000020003ebc                _ebss = .
                0x0000000020003ebc                __bss_end__ = _ebss

._user_heap_stack
                0x0000000020003ebc      0x604 load address 0x0000000008005600
                0x0000000020003ec0                . = ALIGN (0x8)
 *fill*         0x0000000020003ebc        0x4 
                0x0000000020003ec0                PROVIDE (end = .)
                [!provide]                        PROVIDE (_end = .)
                0x00000000200040c0                . = (. + _Min_Heap_Size)
 *fill*         0x0000000020003ec0      0x200 
                0x00000000200044c0                . = (. + _Min_Stack_Size)
 *fill*         0x00000000200040c0      0x400 
                0x00000000200044c0                . = ALIGN (0x8)

/DISCARD/
 libc.a(*)
 libm.a(*)
 libgcc.a(*)

.ARM.attributes
                0x0000000000000000       0x30
 *(.ARM.attributes)
 .ARM.attributes
                0x0000000000000000       0x22 c:/st/stm32cubeide_1.0.2/stm32cubeide/plugins/com.st.stm32cube.ide.mcu.externaltools.gnu-tools-for-stm32.7-2018-q2-update.win32_1.0.0.201904181610/tools/bin/../lib/gcc/arm-none-eabi/7.3.1/thumb/v7e-m/fpv4-sp/hard/crti.o
 .ARM.attributes
                0x0000000000000022       0x34 c:/st/stm32cubeide_1.0.2/stm32cubeide/plugins/com.st.stm32cube.ide.mcu.externaltools.gnu-tools-for-stm32.7-2018-q2-update.win32_1.0.0.201904181610/tools/bin/../lib/gcc/arm-none-eabi/7.3.1/thumb/v7e-m/fpv4-sp/hard/crtbegin.o
 .ARM.attributes
                0x0000000000000056       0x39 Drivers/STM32F7xx_HAL_Driver/stm32f7xx_hal.o
 .ARM.attributes
                0x000000000000008f       0x39 Drivers/STM32F7xx_HAL_Driver/stm32f7xx_hal_cortex.o
 .ARM.attributes
                0x00000000000000c8       0x39 Drivers/STM32F7xx_HAL_Driver/stm32f7xx_hal_gpio.o
 .ARM.attributes
                0x0000000000000101       0x39 Drivers/STM32F7xx_HAL_Driver/stm32f7xx_hal_rcc.o
 .ARM.attributes
                0x000000000000013a       0x39 Drivers/STM32F7xx_HAL_Driver/stm32f7xx_hal_rcc_ex.o
 .ARM.attributes
                0x0000000000000173       0x39 Drivers/STM32F7xx_HAL_Driver/stm32f7xx_hal_tim.o
 .ARM.attributes
                0x00000000000001ac       0x39 Drivers/STM32F7xx_HAL_Driver/stm32f7xx_hal_tim_ex.o
 .ARM.attributes
                0x00000000000001e5       0x39 Drivers/STM32F7xx_HAL_Driver/stm32f7xx_hal_uart.o
 .ARM.attributes
                0x000000000000021e       0x39 Middlewares/FreeRTOS/cmsis_os.o
 .ARM.attributes
                0x0000000000000257       0x39 Middlewares/FreeRTOS/heap_4.o
 .ARM.attributes
                0x0000000000000290       0x39 Middlewares/FreeRTOS/list.o
 .ARM.attributes
                0x00000000000002c9       0x39 Middlewares/FreeRTOS/port.o
 .ARM.attributes
                0x0000000000000302       0x39 Middlewares/FreeRTOS/tasks.o
 .ARM.attributes
                0x000000000000033b       0x39 Src/main.o
 .ARM.attributes
                0x0000000000000374       0x39 Src/stm32f7xx_hal_msp.o
 .ARM.attributes
                0x00000000000003ad       0x39 Src/stm32f7xx_hal_timebase_tim.o
 .ARM.attributes
                0x00000000000003e6       0x39 Src/stm32f7xx_it.o
 .ARM.attributes
                0x000000000000041f       0x39 Src/syscalls.o
 .ARM.attributes
                0x0000000000000458       0x39 Src/sysmem.o
 .ARM.attributes
                0x0000000000000491       0x39 Src/system_stm32f7xx.o
 .ARM.attributes
                0x00000000000004ca       0x21 Startup/startup_stm32f746nghx.o
 .ARM.attributes
                0x00000000000004eb       0x34 c:/st/stm32cubeide_1.0.2/stm32cubeide/plugins/com.st.stm32cube.ide.mcu.externaltools.gnu-tools-for-stm32.7-2018-q2-update.win32_1.0.0.201904181610/tools/bin/../lib/gcc/arm-none-eabi/7.3.1/../../../../arm-none-eabi/lib/thumb/v7e-m/fpv4-sp/hard\libc_nano.a(lib_a-errno.o)
 .ARM.attributes
                0x000000000000051f       0x34 c:/st/stm32cubeide_1.0.2/stm32cubeide/plugins/com.st.stm32cube.ide.mcu.externaltools.gnu-tools-for-stm32.7-2018-q2-update.win32_1.0.0.201904181610/tools/bin/../lib/gcc/arm-none-eabi/7.3.1/../../../../arm-none-eabi/lib/thumb/v7e-m/fpv4-sp/hard\libc_nano.a(lib_a-impure.o)
 .ARM.attributes
                0x0000000000000553       0x34 c:/st/stm32cubeide_1.0.2/stm32cubeide/plugins/com.st.stm32cube.ide.mcu.externaltools.gnu-tools-for-stm32.7-2018-q2-update.win32_1.0.0.201904181610/tools/bin/../lib/gcc/arm-none-eabi/7.3.1/../../../../arm-none-eabi/lib/thumb/v7e-m/fpv4-sp/hard\libc_nano.a(lib_a-init.o)
 .ARM.attributes
                0x0000000000000587       0x34 c:/st/stm32cubeide_1.0.2/stm32cubeide/plugins/com.st.stm32cube.ide.mcu.externaltools.gnu-tools-for-stm32.7-2018-q2-update.win32_1.0.0.201904181610/tools/bin/../lib/gcc/arm-none-eabi/7.3.1/../../../../arm-none-eabi/lib/thumb/v7e-m/fpv4-sp/hard\libc_nano.a(lib_a-memset.o)
 .ARM.attributes
                0x00000000000005bb       0x34 c:/st/stm32cubeide_1.0.2/stm32cubeide/plugins/com.st.stm32cube.ide.mcu.externaltools.gnu-tools-for-stm32.7-2018-q2-update.win32_1.0.0.201904181610/tools/bin/../lib/gcc/arm-none-eabi/7.3.1/../../../../arm-none-eabi/lib/thumb/v7e-m/fpv4-sp/hard\libc_nano.a(lib_a-printf.o)
 .ARM.attributes
                0x00000000000005ef       0x34 c:/st/stm32cubeide_1.0.2/stm32cubeide/plugins/com.st.stm32cube.ide.mcu.externaltools.gnu-tools-for-stm32.7-2018-q2-update.win32_1.0.0.201904181610/tools/bin/../lib/gcc/arm-none-eabi/7.3.1/../../../../arm-none-eabi/lib/thumb/v7e-m/fpv4-sp/hard\libc_nano.a(lib_a-puts.o)
 .ARM.attributes
                0x0000000000000623       0x34 c:/st/stm32cubeide_1.0.2/stm32cubeide/plugins/com.st.stm32cube.ide.mcu.externaltools.gnu-tools-for-stm32.7-2018-q2-update.win32_1.0.0.201904181610/tools/bin/../lib/gcc/arm-none-eabi/7.3.1/../../../../arm-none-eabi/lib/thumb/v7e-m/fpv4-sp/hard\libc_nano.a(lib_a-wbuf.o)
 .ARM.attributes
                0x0000000000000657       0x34 c:/st/stm32cubeide_1.0.2/stm32cubeide/plugins/com.st.stm32cube.ide.mcu.externaltools.gnu-tools-for-stm32.7-2018-q2-update.win32_1.0.0.201904181610/tools/bin/../lib/gcc/arm-none-eabi/7.3.1/../../../../arm-none-eabi/lib/thumb/v7e-m/fpv4-sp/hard\libc_nano.a(lib_a-wsetup.o)
 .ARM.attributes
                0x000000000000068b       0x34 c:/st/stm32cubeide_1.0.2/stm32cubeide/plugins/com.st.stm32cube.ide.mcu.externaltools.gnu-tools-for-stm32.7-2018-q2-update.win32_1.0.0.201904181610/tools/bin/../lib/gcc/arm-none-eabi/7.3.1/../../../../arm-none-eabi/lib/thumb/v7e-m/fpv4-sp/hard\libc_nano.a(lib_a-fflush.o)
 .ARM.attributes
                0x00000000000006bf       0x34 c:/st/stm32cubeide_1.0.2/stm32cubeide/plugins/com.st.stm32cube.ide.mcu.externaltools.gnu-tools-for-stm32.7-2018-q2-update.win32_1.0.0.201904181610/tools/bin/../lib/gcc/arm-none-eabi/7.3.1/../../../../arm-none-eabi/lib/thumb/v7e-m/fpv4-sp/hard\libc_nano.a(lib_a-findfp.o)
 .ARM.attributes
                0x00000000000006f3       0x34 c:/st/stm32cubeide_1.0.2/stm32cubeide/plugins/com.st.stm32cube.ide.mcu.externaltools.gnu-tools-for-stm32.7-2018-q2-update.win32_1.0.0.201904181610/tools/bin/../lib/gcc/arm-none-eabi/7.3.1/../../../../arm-none-eabi/lib/thumb/v7e-m/fpv4-sp/hard\libc_nano.a(lib_a-fwalk.o)
 .ARM.attributes
                0x0000000000000727       0x34 c:/st/stm32cubeide_1.0.2/stm32cubeide/plugins/com.st.stm32cube.ide.mcu.externaltools.gnu-tools-for-stm32.7-2018-q2-update.win32_1.0.0.201904181610/tools/bin/../lib/gcc/arm-none-eabi/7.3.1/../../../../arm-none-eabi/lib/thumb/v7e-m/fpv4-sp/hard\libc_nano.a(lib_a-makebuf.o)
 .ARM.attributes
                0x000000000000075b       0x34 c:/st/stm32cubeide_1.0.2/stm32cubeide/plugins/com.st.stm32cube.ide.mcu.externaltools.gnu-tools-for-stm32.7-2018-q2-update.win32_1.0.0.201904181610/tools/bin/../lib/gcc/arm-none-eabi/7.3.1/../../../../arm-none-eabi/lib/thumb/v7e-m/fpv4-sp/hard\libc_nano.a(lib_a-nano-freer.o)
 .ARM.attributes
                0x000000000000078f       0x34 c:/st/stm32cubeide_1.0.2/stm32cubeide/plugins/com.st.stm32cube.ide.mcu.externaltools.gnu-tools-for-stm32.7-2018-q2-update.win32_1.0.0.201904181610/tools/bin/../lib/gcc/arm-none-eabi/7.3.1/../../../../arm-none-eabi/lib/thumb/v7e-m/fpv4-sp/hard\libc_nano.a(lib_a-nano-mallocr.o)
 .ARM.attributes
                0x00000000000007c3       0x34 c:/st/stm32cubeide_1.0.2/stm32cubeide/plugins/com.st.stm32cube.ide.mcu.externaltools.gnu-tools-for-stm32.7-2018-q2-update.win32_1.0.0.201904181610/tools/bin/../lib/gcc/arm-none-eabi/7.3.1/../../../../arm-none-eabi/lib/thumb/v7e-m/fpv4-sp/hard\libc_nano.a(lib_a-nano-vfprintf.o)
 .ARM.attributes
                0x00000000000007f7       0x34 c:/st/stm32cubeide_1.0.2/stm32cubeide/plugins/com.st.stm32cube.ide.mcu.externaltools.gnu-tools-for-stm32.7-2018-q2-update.win32_1.0.0.201904181610/tools/bin/../lib/gcc/arm-none-eabi/7.3.1/../../../../arm-none-eabi/lib/thumb/v7e-m/fpv4-sp/hard\libc_nano.a(lib_a-nano-vfprintf_i.o)
 .ARM.attributes
                0x000000000000082b       0x34 c:/st/stm32cubeide_1.0.2/stm32cubeide/plugins/com.st.stm32cube.ide.mcu.externaltools.gnu-tools-for-stm32.7-2018-q2-update.win32_1.0.0.201904181610/tools/bin/../lib/gcc/arm-none-eabi/7.3.1/../../../../arm-none-eabi/lib/thumb/v7e-m/fpv4-sp/hard\libc_nano.a(lib_a-sbrkr.o)
 .ARM.attributes
                0x000000000000085f       0x34 c:/st/stm32cubeide_1.0.2/stm32cubeide/plugins/com.st.stm32cube.ide.mcu.externaltools.gnu-tools-for-stm32.7-2018-q2-update.win32_1.0.0.201904181610/tools/bin/../lib/gcc/arm-none-eabi/7.3.1/../../../../arm-none-eabi/lib/thumb/v7e-m/fpv4-sp/hard\libc_nano.a(lib_a-stdio.o)
 .ARM.attributes
                0x0000000000000893       0x34 c:/st/stm32cubeide_1.0.2/stm32cubeide/plugins/com.st.stm32cube.ide.mcu.externaltools.gnu-tools-for-stm32.7-2018-q2-update.win32_1.0.0.201904181610/tools/bin/../lib/gcc/arm-none-eabi/7.3.1/../../../../arm-none-eabi/lib/thumb/v7e-m/fpv4-sp/hard\libc_nano.a(lib_a-writer.o)
 .ARM.attributes
                0x00000000000008c7       0x34 c:/st/stm32cubeide_1.0.2/stm32cubeide/plugins/com.st.stm32cube.ide.mcu.externaltools.gnu-tools-for-stm32.7-2018-q2-update.win32_1.0.0.201904181610/tools/bin/../lib/gcc/arm-none-eabi/7.3.1/../../../../arm-none-eabi/lib/thumb/v7e-m/fpv4-sp/hard\libc_nano.a(lib_a-closer.o)
 .ARM.attributes
                0x00000000000008fb       0x34 c:/st/stm32cubeide_1.0.2/stm32cubeide/plugins/com.st.stm32cube.ide.mcu.externaltools.gnu-tools-for-stm32.7-2018-q2-update.win32_1.0.0.201904181610/tools/bin/../lib/gcc/arm-none-eabi/7.3.1/../../../../arm-none-eabi/lib/thumb/v7e-m/fpv4-sp/hard\libc_nano.a(lib_a-fstatr.o)
 .ARM.attributes
                0x000000000000092f       0x34 c:/st/stm32cubeide_1.0.2/stm32cubeide/plugins/com.st.stm32cube.ide.mcu.externaltools.gnu-tools-for-stm32.7-2018-q2-update.win32_1.0.0.201904181610/tools/bin/../lib/gcc/arm-none-eabi/7.3.1/../../../../arm-none-eabi/lib/thumb/v7e-m/fpv4-sp/hard\libc_nano.a(lib_a-isattyr.o)
 .ARM.attributes
                0x0000000000000963       0x34 c:/st/stm32cubeide_1.0.2/stm32cubeide/plugins/com.st.stm32cube.ide.mcu.externaltools.gnu-tools-for-stm32.7-2018-q2-update.win32_1.0.0.201904181610/tools/bin/../lib/gcc/arm-none-eabi/7.3.1/../../../../arm-none-eabi/lib/thumb/v7e-m/fpv4-sp/hard\libc_nano.a(lib_a-lseekr.o)
 .ARM.attributes
                0x0000000000000997       0x20 c:/st/stm32cubeide_1.0.2/stm32cubeide/plugins/com.st.stm32cube.ide.mcu.externaltools.gnu-tools-for-stm32.7-2018-q2-update.win32_1.0.0.201904181610/tools/bin/../lib/gcc/arm-none-eabi/7.3.1/../../../../arm-none-eabi/lib/thumb/v7e-m/fpv4-sp/hard\libc_nano.a(lib_a-memchr.o)
 .ARM.attributes
                0x00000000000009b7       0x34 c:/st/stm32cubeide_1.0.2/stm32cubeide/plugins/com.st.stm32cube.ide.mcu.externaltools.gnu-tools-for-stm32.7-2018-q2-update.win32_1.0.0.201904181610/tools/bin/../lib/gcc/arm-none-eabi/7.3.1/../../../../arm-none-eabi/lib/thumb/v7e-m/fpv4-sp/hard\libc_nano.a(lib_a-mlock.o)
 .ARM.attributes
                0x00000000000009eb       0x34 c:/st/stm32cubeide_1.0.2/stm32cubeide/plugins/com.st.stm32cube.ide.mcu.externaltools.gnu-tools-for-stm32.7-2018-q2-update.win32_1.0.0.201904181610/tools/bin/../lib/gcc/arm-none-eabi/7.3.1/../../../../arm-none-eabi/lib/thumb/v7e-m/fpv4-sp/hard\libc_nano.a(lib_a-readr.o)
 .ARM.attributes
                0x0000000000000a1f       0x34 c:/st/stm32cubeide_1.0.2/stm32cubeide/plugins/com.st.stm32cube.ide.mcu.externaltools.gnu-tools-for-stm32.7-2018-q2-update.win32_1.0.0.201904181610/tools/bin/../lib/gcc/arm-none-eabi/7.3.1/../../../../arm-none-eabi/lib/thumb/v7e-m/fpv4-sp/hard\libc_nano.a(lib_a-reent.o)
 .ARM.attributes
                0x0000000000000a53       0x22 c:/st/stm32cubeide_1.0.2/stm32cubeide/plugins/com.st.stm32cube.ide.mcu.externaltools.gnu-tools-for-stm32.7-2018-q2-update.win32_1.0.0.201904181610/tools/bin/../lib/gcc/arm-none-eabi/7.3.1/thumb/v7e-m/fpv4-sp/hard\libgcc.a(_aeabi_uldivmod.o)
 .ARM.attributes
                0x0000000000000a75       0x34 c:/st/stm32cubeide_1.0.2/stm32cubeide/plugins/com.st.stm32cube.ide.mcu.externaltools.gnu-tools-for-stm32.7-2018-q2-update.win32_1.0.0.201904181610/tools/bin/../lib/gcc/arm-none-eabi/7.3.1/thumb/v7e-m/fpv4-sp/hard\libgcc.a(_udivmoddi4.o)
 .ARM.attributes
                0x0000000000000aa9       0x22 c:/st/stm32cubeide_1.0.2/stm32cubeide/plugins/com.st.stm32cube.ide.mcu.externaltools.gnu-tools-for-stm32.7-2018-q2-update.win32_1.0.0.201904181610/tools/bin/../lib/gcc/arm-none-eabi/7.3.1/thumb/v7e-m/fpv4-sp/hard\libgcc.a(_dvmd_tls.o)
 .ARM.attributes
                0x0000000000000acb       0x22 c:/st/stm32cubeide_1.0.2/stm32cubeide/plugins/com.st.stm32cube.ide.mcu.externaltools.gnu-tools-for-stm32.7-2018-q2-update.win32_1.0.0.201904181610/tools/bin/../lib/gcc/arm-none-eabi/7.3.1/thumb/v7e-m/fpv4-sp/hard/crtn.o
OUTPUT(Constant_execution_frequency.elf elf32-littlearm)

.debug_info     0x0000000000000000    0x131b3
 .debug_info    0x0000000000000000      0x9c4 Drivers/STM32F7xx_HAL_Driver/stm32f7xx_hal.o
 .debug_info    0x00000000000009c4     0x104a Drivers/STM32F7xx_HAL_Driver/stm32f7xx_hal_cortex.o
 .debug_info    0x0000000000001a0e      0x7dc Drivers/STM32F7xx_HAL_Driver/stm32f7xx_hal_gpio.o
 .debug_info    0x00000000000021ea      0x926 Drivers/STM32F7xx_HAL_Driver/stm32f7xx_hal_rcc.o
 .debug_info    0x0000000000002b10      0x7ad Drivers/STM32F7xx_HAL_Driver/stm32f7xx_hal_rcc_ex.o
 .debug_info    0x00000000000032bd     0x25a0 Drivers/STM32F7xx_HAL_Driver/stm32f7xx_hal_tim.o
 .debug_info    0x000000000000585d     0x121c Drivers/STM32F7xx_HAL_Driver/stm32f7xx_hal_tim_ex.o
 .debug_info    0x0000000000006a79     0x1639 Drivers/STM32F7xx_HAL_Driver/stm32f7xx_hal_uart.o
 .debug_info    0x00000000000080b2     0x1af0 Middlewares/FreeRTOS/cmsis_os.o
 .debug_info    0x0000000000009ba2      0xbea Middlewares/FreeRTOS/heap_4.o
 .debug_info    0x000000000000a78c      0xac5 Middlewares/FreeRTOS/list.o
 .debug_info    0x000000000000b251      0x4e4 Middlewares/FreeRTOS/port.o
 .debug_info    0x000000000000b735     0x218d Middlewares/FreeRTOS/tasks.o
 .debug_info    0x000000000000d8c2     0x1a01 Src/main.o
 .debug_info    0x000000000000f2c3      0xcdf Src/stm32f7xx_hal_msp.o
 .debug_info    0x000000000000ffa2      0xbe7 Src/stm32f7xx_hal_timebase_tim.o
 .debug_info    0x0000000000010b89      0x6f2 Src/stm32f7xx_it.o
 .debug_info    0x000000000001127b      0xebd Src/syscalls.o
 .debug_info    0x0000000000012138      0x91c Src/sysmem.o
 .debug_info    0x0000000000012a54      0x73d Src/system_stm32f7xx.o
 .debug_info    0x0000000000013191       0x22 Startup/startup_stm32f746nghx.o

.debug_abbrev   0x0000000000000000     0x2a9a
 .debug_abbrev  0x0000000000000000      0x1c7 Drivers/STM32F7xx_HAL_Driver/stm32f7xx_hal.o
 .debug_abbrev  0x00000000000001c7      0x2fa Drivers/STM32F7xx_HAL_Driver/stm32f7xx_hal_cortex.o
 .debug_abbrev  0x00000000000004c1      0x1c9 Drivers/STM32F7xx_HAL_Driver/stm32f7xx_hal_gpio.o
 .debug_abbrev  0x000000000000068a      0x21a Drivers/STM32F7xx_HAL_Driver/stm32f7xx_hal_rcc.o
 .debug_abbrev  0x00000000000008a4      0x1ad Drivers/STM32F7xx_HAL_Driver/stm32f7xx_hal_rcc_ex.o
 .debug_abbrev  0x0000000000000a51      0x230 Drivers/STM32F7xx_HAL_Driver/stm32f7xx_hal_tim.o
 .debug_abbrev  0x0000000000000c81      0x21e Drivers/STM32F7xx_HAL_Driver/stm32f7xx_hal_tim_ex.o
 .debug_abbrev  0x0000000000000e9f      0x205 Drivers/STM32F7xx_HAL_Driver/stm32f7xx_hal_uart.o
 .debug_abbrev  0x00000000000010a4      0x38a Middlewares/FreeRTOS/cmsis_os.o
 .debug_abbrev  0x000000000000142e      0x29e Middlewares/FreeRTOS/heap_4.o
 .debug_abbrev  0x00000000000016cc      0x1cf Middlewares/FreeRTOS/list.o
 .debug_abbrev  0x000000000000189b      0x21b Middlewares/FreeRTOS/port.o
 .debug_abbrev  0x0000000000001ab6      0x338 Middlewares/FreeRTOS/tasks.o
 .debug_abbrev  0x0000000000001dee      0x2ab Src/main.o
 .debug_abbrev  0x0000000000002099      0x195 Src/stm32f7xx_hal_msp.o
 .debug_abbrev  0x000000000000222e      0x19d Src/stm32f7xx_hal_timebase_tim.o
 .debug_abbrev  0x00000000000023cb      0x15a Src/stm32f7xx_it.o
 .debug_abbrev  0x0000000000002525      0x261 Src/syscalls.o
 .debug_abbrev  0x0000000000002786      0x1bb Src/sysmem.o
 .debug_abbrev  0x0000000000002941      0x147 Src/system_stm32f7xx.o
 .debug_abbrev  0x0000000000002a88       0x12 Startup/startup_stm32f746nghx.o

.debug_aranges  0x0000000000000000     0x1110
 .debug_aranges
                0x0000000000000000      0x100 Drivers/STM32F7xx_HAL_Driver/stm32f7xx_hal.o
 .debug_aranges
                0x0000000000000100      0x118 Drivers/STM32F7xx_HAL_Driver/stm32f7xx_hal_cortex.o
 .debug_aranges
                0x0000000000000218       0x58 Drivers/STM32F7xx_HAL_Driver/stm32f7xx_hal_gpio.o
 .debug_aranges
                0x0000000000000270       0x88 Drivers/STM32F7xx_HAL_Driver/stm32f7xx_hal_rcc.o
 .debug_aranges
                0x00000000000002f8       0x50 Drivers/STM32F7xx_HAL_Driver/stm32f7xx_hal_rcc_ex.o
 .debug_aranges
                0x0000000000000348      0x3b8 Drivers/STM32F7xx_HAL_Driver/stm32f7xx_hal_tim.o
 .debug_aranges
                0x0000000000000700      0x160 Drivers/STM32F7xx_HAL_Driver/stm32f7xx_hal_tim_ex.o
 .debug_aranges
                0x0000000000000860      0x1f8 Drivers/STM32F7xx_HAL_Driver/stm32f7xx_hal_uart.o
 .debug_aranges
                0x0000000000000a58      0x1d8 Middlewares/FreeRTOS/cmsis_os.o
 .debug_aranges
                0x0000000000000c30       0x50 Middlewares/FreeRTOS/heap_4.o
 .debug_aranges
                0x0000000000000c80       0x40 Middlewares/FreeRTOS/list.o
 .debug_aranges
                0x0000000000000cc0       0x80 Middlewares/FreeRTOS/port.o
 .debug_aranges
                0x0000000000000d40      0x1a0 Middlewares/FreeRTOS/tasks.o
 .debug_aranges
                0x0000000000000ee0       0x68 Src/main.o
 .debug_aranges
                0x0000000000000f48       0x30 Src/stm32f7xx_hal_msp.o
 .debug_aranges
                0x0000000000000f78       0x30 Src/stm32f7xx_hal_timebase_tim.o
 .debug_aranges
                0x0000000000000fa8       0x50 Src/stm32f7xx_it.o
 .debug_aranges
                0x0000000000000ff8       0xa8 Src/syscalls.o
 .debug_aranges
                0x00000000000010a0       0x20 Src/sysmem.o
 .debug_aranges
                0x00000000000010c0       0x28 Src/system_stm32f7xx.o
 .debug_aranges
                0x00000000000010e8       0x28 Startup/startup_stm32f746nghx.o

.debug_ranges   0x0000000000000000      0xfc8
 .debug_ranges  0x0000000000000000       0xf0 Drivers/STM32F7xx_HAL_Driver/stm32f7xx_hal.o
 .debug_ranges  0x00000000000000f0      0x108 Drivers/STM32F7xx_HAL_Driver/stm32f7xx_hal_cortex.o
 .debug_ranges  0x00000000000001f8       0x48 Drivers/STM32F7xx_HAL_Driver/stm32f7xx_hal_gpio.o
 .debug_ranges  0x0000000000000240       0x78 Drivers/STM32F7xx_HAL_Driver/stm32f7xx_hal_rcc.o
 .debug_ranges  0x00000000000002b8       0x40 Drivers/STM32F7xx_HAL_Driver/stm32f7xx_hal_rcc_ex.o
 .debug_ranges  0x00000000000002f8      0x3a8 Drivers/STM32F7xx_HAL_Driver/stm32f7xx_hal_tim.o
 .debug_ranges  0x00000000000006a0      0x150 Drivers/STM32F7xx_HAL_Driver/stm32f7xx_hal_tim_ex.o
 .debug_ranges  0x00000000000007f0      0x1e8 Drivers/STM32F7xx_HAL_Driver/stm32f7xx_hal_uart.o
 .debug_ranges  0x00000000000009d8      0x1c8 Middlewares/FreeRTOS/cmsis_os.o
 .debug_ranges  0x0000000000000ba0       0x40 Middlewares/FreeRTOS/heap_4.o
 .debug_ranges  0x0000000000000be0       0x30 Middlewares/FreeRTOS/list.o
 .debug_ranges  0x0000000000000c10       0x70 Middlewares/FreeRTOS/port.o
 .debug_ranges  0x0000000000000c80      0x190 Middlewares/FreeRTOS/tasks.o
 .debug_ranges  0x0000000000000e10       0x58 Src/main.o
 .debug_ranges  0x0000000000000e68       0x20 Src/stm32f7xx_hal_msp.o
 .debug_ranges  0x0000000000000e88       0x20 Src/stm32f7xx_hal_timebase_tim.o
 .debug_ranges  0x0000000000000ea8       0x40 Src/stm32f7xx_it.o
 .debug_ranges  0x0000000000000ee8       0x98 Src/syscalls.o
 .debug_ranges  0x0000000000000f80       0x10 Src/sysmem.o
 .debug_ranges  0x0000000000000f90       0x18 Src/system_stm32f7xx.o
 .debug_ranges  0x0000000000000fa8       0x20 Startup/startup_stm32f746nghx.o

.debug_macro    0x0000000000000000    0x27667
 .debug_macro   0x0000000000000000      0x207 Drivers/STM32F7xx_HAL_Driver/stm32f7xx_hal.o
 .debug_macro   0x0000000000000207      0xa5a Drivers/STM32F7xx_HAL_Driver/stm32f7xx_hal.o
 .debug_macro   0x0000000000000c61      0x189 Drivers/STM32F7xx_HAL_Driver/stm32f7xx_hal.o
 .debug_macro   0x0000000000000dea       0x2e Drivers/STM32F7xx_HAL_Driver/stm32f7xx_hal.o
 .debug_macro   0x0000000000000e18       0x3b Drivers/STM32F7xx_HAL_Driver/stm32f7xx_hal.o
 .debug_macro   0x0000000000000e53       0x22 Drivers/STM32F7xx_HAL_Driver/stm32f7xx_hal.o
 .debug_macro   0x0000000000000e75       0x8e Drivers/STM32F7xx_HAL_Driver/stm32f7xx_hal.o
 .debug_macro   0x0000000000000f03       0x51 Drivers/STM32F7xx_HAL_Driver/stm32f7xx_hal.o
 .debug_macro   0x0000000000000f54       0xef Drivers/STM32F7xx_HAL_Driver/stm32f7xx_hal.o
 .debug_macro   0x0000000000001043       0x6a Drivers/STM32F7xx_HAL_Driver/stm32f7xx_hal.o
 .debug_macro   0x00000000000010ad      0x1df Drivers/STM32F7xx_HAL_Driver/stm32f7xx_hal.o
 .debug_macro   0x000000000000128c       0x1c Drivers/STM32F7xx_HAL_Driver/stm32f7xx_hal.o
 .debug_macro   0x00000000000012a8       0x22 Drivers/STM32F7xx_HAL_Driver/stm32f7xx_hal.o
 .debug_macro   0x00000000000012ca       0xdf Drivers/STM32F7xx_HAL_Driver/stm32f7xx_hal.o
 .debug_macro   0x00000000000013a9     0x12cd Drivers/STM32F7xx_HAL_Driver/stm32f7xx_hal.o
 .debug_macro   0x0000000000002676      0x11f Drivers/STM32F7xx_HAL_Driver/stm32f7xx_hal.o
 .debug_macro   0x0000000000002795       0x19 Drivers/STM32F7xx_HAL_Driver/stm32f7xx_hal.o
 .debug_macro   0x00000000000027ae    0x1882d Drivers/STM32F7xx_HAL_Driver/stm32f7xx_hal.o
 .debug_macro   0x000000000001afdb       0x43 Drivers/STM32F7xx_HAL_Driver/stm32f7xx_hal.o
 .debug_macro   0x000000000001b01e     0x363d Drivers/STM32F7xx_HAL_Driver/stm32f7xx_hal.o
 .debug_macro   0x000000000001e65b      0x174 Drivers/STM32F7xx_HAL_Driver/stm32f7xx_hal.o
 .debug_macro   0x000000000001e7cf       0x61 Drivers/STM32F7xx_HAL_Driver/stm32f7xx_hal.o
 .debug_macro   0x000000000001e830     0x18ad Drivers/STM32F7xx_HAL_Driver/stm32f7xx_hal.o
 .debug_macro   0x00000000000200dd      0x6c4 Drivers/STM32F7xx_HAL_Driver/stm32f7xx_hal.o
 .debug_macro   0x00000000000207a1      0x103 Drivers/STM32F7xx_HAL_Driver/stm32f7xx_hal.o
 .debug_macro   0x00000000000208a4      0x117 Drivers/STM32F7xx_HAL_Driver/stm32f7xx_hal.o
 .debug_macro   0x00000000000209bb      0x1fe Drivers/STM32F7xx_HAL_Driver/stm32f7xx_hal.o
 .debug_macro   0x0000000000020bb9       0x27 Drivers/STM32F7xx_HAL_Driver/stm32f7xx_hal.o
 .debug_macro   0x0000000000020be0      0x24f Drivers/STM32F7xx_HAL_Driver/stm32f7xx_hal.o
 .debug_macro   0x0000000000020e2f       0x41 Drivers/STM32F7xx_HAL_Driver/stm32f7xx_hal.o
 .debug_macro   0x0000000000020e70       0x58 Drivers/STM32F7xx_HAL_Driver/stm32f7xx_hal.o
 .debug_macro   0x0000000000020ec8      0x236 Drivers/STM32F7xx_HAL_Driver/stm32f7xx_hal.o
 .debug_macro   0x00000000000210fe      0x14f Drivers/STM32F7xx_HAL_Driver/stm32f7xx_hal.o
 .debug_macro   0x000000000002124d      0x25b Drivers/STM32F7xx_HAL_Driver/stm32f7xx_hal.o
 .debug_macro   0x00000000000214a8       0x12 Drivers/STM32F7xx_HAL_Driver/stm32f7xx_hal.o
 .debug_macro   0x00000000000214ba      0x22c Drivers/STM32F7xx_HAL_Driver/stm32f7xx_hal.o
 .debug_macro   0x00000000000216e6       0x5a Drivers/STM32F7xx_HAL_Driver/stm32f7xx_hal.o
 .debug_macro   0x0000000000021740       0xa5 Drivers/STM32F7xx_HAL_Driver/stm32f7xx_hal.o
 .debug_macro   0x00000000000217e5      0x12f Drivers/STM32F7xx_HAL_Driver/stm32f7xx_hal.o
 .debug_macro   0x0000000000021914      0x108 Drivers/STM32F7xx_HAL_Driver/stm32f7xx_hal.o
 .debug_macro   0x0000000000021a1c       0x35 Drivers/STM32F7xx_HAL_Driver/stm32f7xx_hal.o
 .debug_macro   0x0000000000021a51      0x9e2 Drivers/STM32F7xx_HAL_Driver/stm32f7xx_hal.o
 .debug_macro   0x0000000000022433       0x59 Drivers/STM32F7xx_HAL_Driver/stm32f7xx_hal.o
 .debug_macro   0x000000000002248c      0x519 Drivers/STM32F7xx_HAL_Driver/stm32f7xx_hal.o
 .debug_macro   0x00000000000229a5       0x44 Drivers/STM32F7xx_HAL_Driver/stm32f7xx_hal.o
 .debug_macro   0x00000000000229e9      0x14e Drivers/STM32F7xx_HAL_Driver/stm32f7xx_hal.o
 .debug_macro   0x0000000000022b37      0x1e3 Drivers/STM32F7xx_HAL_Driver/stm32f7xx_hal_cortex.o
 .debug_macro   0x0000000000022d1a      0x219 Drivers/STM32F7xx_HAL_Driver/stm32f7xx_hal_gpio.o
 .debug_macro   0x0000000000022f33      0x207 Drivers/STM32F7xx_HAL_Driver/stm32f7xx_hal_rcc.o
 .debug_macro   0x000000000002313a      0x1e3 Drivers/STM32F7xx_HAL_Driver/stm32f7xx_hal_rcc_ex.o
 .debug_macro   0x000000000002331d      0x1e4 Drivers/STM32F7xx_HAL_Driver/stm32f7xx_hal_tim.o
 .debug_macro   0x0000000000023501      0x1e3 Drivers/STM32F7xx_HAL_Driver/stm32f7xx_hal_tim_ex.o
 .debug_macro   0x00000000000236e4      0x200 Drivers/STM32F7xx_HAL_Driver/stm32f7xx_hal_uart.o
 .debug_macro   0x00000000000238e4      0x1f1 Middlewares/FreeRTOS/cmsis_os.o
 .debug_macro   0x0000000000023ad5       0x40 Middlewares/FreeRTOS/cmsis_os.o
 .debug_macro   0x0000000000023b15       0x18 Middlewares/FreeRTOS/cmsis_os.o
 .debug_macro   0x0000000000023b2d       0x94 Middlewares/FreeRTOS/cmsis_os.o
 .debug_macro   0x0000000000023bc1       0x3c Middlewares/FreeRTOS/cmsis_os.o
 .debug_macro   0x0000000000023bfd       0x34 Middlewares/FreeRTOS/cmsis_os.o
 .debug_macro   0x0000000000023c31       0x57 Middlewares/FreeRTOS/cmsis_os.o
 .debug_macro   0x0000000000023c88       0x52 Middlewares/FreeRTOS/cmsis_os.o
 .debug_macro   0x0000000000023cda       0x1f Middlewares/FreeRTOS/cmsis_os.o
 .debug_macro   0x0000000000023cf9       0x43 Middlewares/FreeRTOS/cmsis_os.o
 .debug_macro   0x0000000000023d3c       0x20 Middlewares/FreeRTOS/cmsis_os.o
 .debug_macro   0x0000000000023d5c      0x1a3 Middlewares/FreeRTOS/cmsis_os.o
 .debug_macro   0x0000000000023eff      0x330 Middlewares/FreeRTOS/cmsis_os.o
 .debug_macro   0x000000000002422f       0x10 Middlewares/FreeRTOS/cmsis_os.o
 .debug_macro   0x000000000002423f       0x35 Middlewares/FreeRTOS/cmsis_os.o
 .debug_macro   0x0000000000024274       0x20 Middlewares/FreeRTOS/cmsis_os.o
 .debug_macro   0x0000000000024294       0xd6 Middlewares/FreeRTOS/cmsis_os.o
 .debug_macro   0x000000000002436a      0x15a Middlewares/FreeRTOS/cmsis_os.o
 .debug_macro   0x00000000000244c4       0xd7 Middlewares/FreeRTOS/cmsis_os.o
 .debug_macro   0x000000000002459b       0x10 Middlewares/FreeRTOS/cmsis_os.o
 .debug_macro   0x00000000000245ab       0x1f Middlewares/FreeRTOS/cmsis_os.o
 .debug_macro   0x00000000000245ca      0x4b7 Middlewares/FreeRTOS/cmsis_os.o
 .debug_macro   0x0000000000024a81       0xb5 Middlewares/FreeRTOS/cmsis_os.o
 .debug_macro   0x0000000000024b36       0x8c Middlewares/FreeRTOS/cmsis_os.o
 .debug_macro   0x0000000000024bc2       0x91 Middlewares/FreeRTOS/cmsis_os.o
 .debug_macro   0x0000000000024c53       0x86 Middlewares/FreeRTOS/cmsis_os.o
 .debug_macro   0x0000000000024cd9       0x69 Middlewares/FreeRTOS/cmsis_os.o
 .debug_macro   0x0000000000024d42       0x19 Middlewares/FreeRTOS/cmsis_os.o
 .debug_macro   0x0000000000024d5b       0xcf Middlewares/FreeRTOS/cmsis_os.o
 .debug_macro   0x0000000000024e2a       0xc7 Middlewares/FreeRTOS/cmsis_os.o
 .debug_macro   0x0000000000024ef1      0x1a1 Middlewares/FreeRTOS/heap_4.o
 .debug_macro   0x0000000000025092      0x17a Middlewares/FreeRTOS/list.o
 .debug_macro   0x000000000002520c      0x184 Middlewares/FreeRTOS/port.o
 .debug_macro   0x0000000000025390      0x273 Middlewares/FreeRTOS/tasks.o
 .debug_macro   0x0000000000025603       0x10 Middlewares/FreeRTOS/tasks.o
 .debug_macro   0x0000000000025613      0x426 Src/main.o
 .debug_macro   0x0000000000025a39       0xd6 Src/main.o
 .debug_macro   0x0000000000025b0f       0x16 Src/main.o
 .debug_macro   0x0000000000025b25      0x32a Src/main.o
 .debug_macro   0x0000000000025e4f       0x10 Src/main.o
 .debug_macro   0x0000000000025e5f       0x10 Src/main.o
 .debug_macro   0x0000000000025e6f       0x1c Src/main.o
 .debug_macro   0x0000000000025e8b       0x52 Src/main.o
 .debug_macro   0x0000000000025edd       0x40 Src/main.o
 .debug_macro   0x0000000000025f1d       0x10 Src/main.o
 .debug_macro   0x0000000000025f2d       0x40 Src/main.o
 .debug_macro   0x0000000000025f6d       0xd7 Src/main.o
 .debug_macro   0x0000000000026044       0x1c Src/main.o
 .debug_macro   0x0000000000026060       0x3d Src/main.o
 .debug_macro   0x000000000002609d       0x16 Src/main.o
 .debug_macro   0x00000000000260b3      0x145 Src/main.o
 .debug_macro   0x00000000000261f8      0x1ed Src/stm32f7xx_hal_msp.o
 .debug_macro   0x00000000000263e5      0x1e3 Src/stm32f7xx_hal_timebase_tim.o
 .debug_macro   0x00000000000265c8      0x25f Src/stm32f7xx_it.o
 .debug_macro   0x0000000000026827      0x243 Src/syscalls.o
 .debug_macro   0x0000000000026a6a       0x10 Src/syscalls.o
 .debug_macro   0x0000000000026a7a       0x10 Src/syscalls.o
 .debug_macro   0x0000000000026a8a       0x10 Src/syscalls.o
 .debug_macro   0x0000000000026a9a       0x35 Src/syscalls.o
 .debug_macro   0x0000000000026acf      0x122 Src/syscalls.o
 .debug_macro   0x0000000000026bf1       0x10 Src/syscalls.o
 .debug_macro   0x0000000000026c01      0x241 Src/syscalls.o
 .debug_macro   0x0000000000026e42       0x1c Src/syscalls.o
 .debug_macro   0x0000000000026e5e       0x10 Src/syscalls.o
 .debug_macro   0x0000000000026e6e      0x189 Src/syscalls.o
 .debug_macro   0x0000000000026ff7       0x16 Src/syscalls.o
 .debug_macro   0x000000000002700d       0x88 Src/syscalls.o
 .debug_macro   0x0000000000027095      0x1ae Src/sysmem.o
 .debug_macro   0x0000000000027243      0x23b Src/sysmem.o
 .debug_macro   0x000000000002747e      0x1e9 Src/system_stm32f7xx.o

.debug_line     0x0000000000000000     0xe13a
 .debug_line    0x0000000000000000      0xa24 Drivers/STM32F7xx_HAL_Driver/stm32f7xx_hal.o
 .debug_line    0x0000000000000a24      0xb28 Drivers/STM32F7xx_HAL_Driver/stm32f7xx_hal_cortex.o
 .debug_line    0x000000000000154c      0xa0c Drivers/STM32F7xx_HAL_Driver/stm32f7xx_hal_gpio.o
 .debug_line    0x0000000000001f58      0xa88 Drivers/STM32F7xx_HAL_Driver/stm32f7xx_hal_rcc.o
 .debug_line    0x00000000000029e0      0xa0f Drivers/STM32F7xx_HAL_Driver/stm32f7xx_hal_rcc_ex.o
 .debug_line    0x00000000000033ef     0x1b2c Drivers/STM32F7xx_HAL_Driver/stm32f7xx_hal_tim.o
 .debug_line    0x0000000000004f1b      0xe89 Drivers/STM32F7xx_HAL_Driver/stm32f7xx_hal_tim_ex.o
 .debug_line    0x0000000000005da4     0x130a Drivers/STM32F7xx_HAL_Driver/stm32f7xx_hal_uart.o
 .debug_line    0x00000000000070ae      0xd87 Middlewares/FreeRTOS/cmsis_os.o
 .debug_line    0x0000000000007e35      0x7f9 Middlewares/FreeRTOS/heap_4.o
 .debug_line    0x000000000000862e      0x713 Middlewares/FreeRTOS/list.o