Archive member included to satisfy reference by file (symbol)

c:/st/stm32cubeide_1.0.2/stm32cubeide/plugins/com.st.stm32cube.ide.mcu.externaltools.gnu-tools-for-stm32.7-2018-q2-update.win32_1.0.0.201904181610/tools/bin/../lib/gcc/arm-none-eabi/7.3.1/../../../../arm-none-eabi/lib/thumb/v7e-m/fpv4-sp/hard\libc_nano.a(lib_a-errno.o)
                              Src/syscalls.o (__errno)
c:/st/stm32cubeide_1.0.2/stm32cubeide/plugins/com.st.stm32cube.ide.mcu.externaltools.gnu-tools-for-stm32.7-2018-q2-update.win32_1.0.0.201904181610/tools/bin/../lib/gcc/arm-none-eabi/7.3.1/../../../../arm-none-eabi/lib/thumb/v7e-m/fpv4-sp/hard\libc_nano.a(lib_a-exit.o)
                              c:/st/stm32cubeide_1.0.2/stm32cubeide/plugins/com.st.stm32cube.ide.mcu.externaltools.gnu-tools-for-stm32.7-2018-q2-update.win32_1.0.0.201904181610/tools/bin/../lib/gcc/arm-none-eabi/7.3.1/../../../../arm-none-eabi/lib/thumb/v7e-m/fpv4-sp/hard/crt0.o (exit)
c:/st/stm32cubeide_1.0.2/stm32cubeide/plugins/com.st.stm32cube.ide.mcu.externaltools.gnu-tools-for-stm32.7-2018-q2-update.win32_1.0.0.201904181610/tools/bin/../lib/gcc/arm-none-eabi/7.3.1/../../../../arm-none-eabi/lib/thumb/v7e-m/fpv4-sp/hard\libc_nano.a(lib_a-impure.o)
                              c:/st/stm32cubeide_1.0.2/stm32cubeide/plugins/com.st.stm32cube.ide.mcu.externaltools.gnu-tools-for-stm32.7-2018-q2-update.win32_1.0.0.201904181610/tools/bin/../lib/gcc/arm-none-eabi/7.3.1/../../../../arm-none-eabi/lib/thumb/v7e-m/fpv4-sp/hard\libc_nano.a(lib_a-exit.o) (_global_impure_ptr)
c:/st/stm32cubeide_1.0.2/stm32cubeide/plugins/com.st.stm32cube.ide.mcu.externaltools.gnu-tools-for-stm32.7-2018-q2-update.win32_1.0.0.201904181610/tools/bin/../lib/gcc/arm-none-eabi/7.3.1/../../../../arm-none-eabi/lib/thumb/v7e-m/fpv4-sp/hard\libc_nano.a(lib_a-init.o)
                              c:/st/stm32cubeide_1.0.2/stm32cubeide/plugins/com.st.stm32cube.ide.mcu.externaltools.gnu-tools-for-stm32.7-2018-q2-update.win32_1.0.0.201904181610/tools/bin/../lib/gcc/arm-none-eabi/7.3.1/../../../../arm-none-eabi/lib/thumb/v7e-m/fpv4-sp/hard/crt0.o (__libc_init_array)
c:/st/stm32cubeide_1.0.2/stm32cubeide/plugins/com.st.stm32cube.ide.mcu.externaltools.gnu-tools-for-stm32.7-2018-q2-update.win32_1.0.0.201904181610/tools/bin/../lib/gcc/arm-none-eabi/7.3.1/../../../../arm-none-eabi/lib/thumb/v7e-m/fpv4-sp/hard\libc_nano.a(lib_a-memcpy-stub.o)
                              Middlewares/FreeRTOS/queue.o (memcpy)
c:/st/stm32cubeide_1.0.2/stm32cubeide/plugins/com.st.stm32cube.ide.mcu.externaltools.gnu-tools-for-stm32.7-2018-q2-update.win32_1.0.0.201904181610/tools/bin/../lib/gcc/arm-none-eabi/7.3.1/../../../../arm-none-eabi/lib/thumb/v7e-m/fpv4-sp/hard\libc_nano.a(lib_a-memset.o)
                              c:/st/stm32cubeide_1.0.2/stm32cubeide/plugins/com.st.stm32cube.ide.mcu.externaltools.gnu-tools-for-stm32.7-2018-q2-update.win32_1.0.0.201904181610/tools/bin/../lib/gcc/arm-none-eabi/7.3.1/../../../../arm-none-eabi/lib/thumb/v7e-m/fpv4-sp/hard/crt0.o (memset)
c:/st/stm32cubeide_1.0.2/stm32cubeide/plugins/com.st.stm32cube.ide.mcu.externaltools.gnu-tools-for-stm32.7-2018-q2-update.win32_1.0.0.201904181610/tools/bin/../lib/gcc/arm-none-eabi/7.3.1/thumb/v7e-m/fpv4-sp/hard\libgcc.a(_aeabi_uldivmod.o)
                              Drivers/STM32F7xx_HAL_Driver/stm32f7xx_hal_rcc.o (__aeabi_uldivmod)
c:/st/stm32cubeide_1.0.2/stm32cubeide/plugins/com.st.stm32cube.ide.mcu.externaltools.gnu-tools-for-stm32.7-2018-q2-update.win32_1.0.0.201904181610/tools/bin/../lib/gcc/arm-none-eabi/7.3.1/thumb/v7e-m/fpv4-sp/hard\libgcc.a(_udivmoddi4.o)
                              c:/st/stm32cubeide_1.0.2/stm32cubeide/plugins/com.st.stm32cube.ide.mcu.externaltools.gnu-tools-for-stm32.7-2018-q2-update.win32_1.0.0.201904181610/tools/bin/../lib/gcc/arm-none-eabi/7.3.1/thumb/v7e-m/fpv4-sp/hard\libgcc.a(_aeabi_uldivmod.o) (__udivmoddi4)
c:/st/stm32cubeide_1.0.2/stm32cubeide/plugins/com.st.stm32cube.ide.mcu.externaltools.gnu-tools-for-stm32.7-2018-q2-update.win32_1.0.0.201904181610/tools/bin/../lib/gcc/arm-none-eabi/7.3.1/thumb/v7e-m/fpv4-sp/hard\libgcc.a(_dvmd_tls.o)
                              c:/st/stm32cubeide_1.0.2/stm32cubeide/plugins/com.st.stm32cube.ide.mcu.externaltools.gnu-tools-for-stm32.7-2018-q2-update.win32_1.0.0.201904181610/tools/bin/../lib/gcc/arm-none-eabi/7.3.1/thumb/v7e-m/fpv4-sp/hard\libgcc.a(_aeabi_uldivmod.o) (__aeabi_ldiv0)

Allocating common symbols
Common symbol       size              file

PrinterHandle       0x4               Src/main.o
defaultTaskHandle   0x4               Src/main.o
character           0x1               Src/main.o
uwTick              0x4               Drivers/STM32F7xx_HAL_Driver/stm32f7xx_hal.o
xQueueRegistry      0x40              Middlewares/FreeRTOS/queue.o
pFlash              0x1c              Drivers/STM32F7xx_HAL_Driver/stm32f7xx_hal_flash.o
text                0xff              Src/main.o
huart1              0x80              Src/main.o
[...]
Memory Configuration

Name             Origin             Length             Attributes
RAM              0x0000000020000000 0x0000000000050000 xrw
FLASH            0x0000000008000000 0x0000000000100000 xr
*default*        0x0000000000000000 0xffffffffffffffff

Linker script and memory map

LOAD c:/st/stm32cubeide_1.0.2/stm32cubeide/plugins/com.st.stm32cube.ide.mcu.externaltools.gnu-tools-for-stm32.7-2018-q2-update.win32_1.0.0.201904181610/tools/bin/../lib/gcc/arm-none-eabi/7.3.1/thumb/v7e-m/fpv4-sp/hard/crti.o
LOAD c:/st/stm32cubeide_1.0.2/stm32cubeide/plugins/com.st.stm32cube.ide.mcu.externaltools.gnu-tools-for-stm32.7-2018-q2-update.win32_1.0.0.201904181610/tools/bin/../lib/gcc/arm-none-eabi/7.3.1/thumb/v7e-m/fpv4-sp/hard/crtbegin.o
LOAD c:/st/stm32cubeide_1.0.2/stm32cubeide/plugins/com.st.stm32cube.ide.mcu.externaltools.gnu-tools-for-stm32.7-2018-q2-update.win32_1.0.0.201904181610/tools/bin/../lib/gcc/arm-none-eabi/7.3.1/../../../../arm-none-eabi/lib/thumb/v7e-m/fpv4-sp/hard/crt0.o
LOAD Drivers/STM32F7xx_HAL_Driver/stm32f7xx_hal.o
LOAD Drivers/STM32F7xx_HAL_Driver/stm32f7xx_hal_cortex.o
LOAD Drivers/STM32F7xx_HAL_Driver/stm32f7xx_hal_dma.o
LOAD Drivers/STM32F7xx_HAL_Driver/stm32f7xx_hal_dma_ex.o
LOAD Drivers/STM32F7xx_HAL_Driver/stm32f7xx_hal_exti.o
LOAD Drivers/STM32F7xx_HAL_Driver/stm32f7xx_hal_flash.o
LOAD Drivers/STM32F7xx_HAL_Driver/stm32f7xx_hal_flash_ex.o
LOAD Drivers/STM32F7xx_HAL_Driver/stm32f7xx_hal_gpio.o
LOAD Drivers/STM32F7xx_HAL_Driver/stm32f7xx_hal_i2c.o
LOAD Drivers/STM32F7xx_HAL_Driver/stm32f7xx_hal_i2c_ex.o
LOAD Drivers/STM32F7xx_HAL_Driver/stm32f7xx_hal_pwr.o
LOAD Drivers/STM32F7xx_HAL_Driver/stm32f7xx_hal_pwr_ex.o
LOAD Drivers/STM32F7xx_HAL_Driver/stm32f7xx_hal_rcc.o
LOAD Drivers/STM32F7xx_HAL_Driver/stm32f7xx_hal_rcc_ex.o
LOAD Drivers/STM32F7xx_HAL_Driver/stm32f7xx_hal_tim.o
LOAD Drivers/STM32F7xx_HAL_Driver/stm32f7xx_hal_tim_ex.o
LOAD Drivers/STM32F7xx_HAL_Driver/stm32f7xx_hal_uart.o
LOAD Drivers/STM32F7xx_HAL_Driver/stm32f7xx_hal_uart_ex.o
LOAD Middlewares/FreeRTOS/cmsis_os.o
LOAD Middlewares/FreeRTOS/croutine.o
LOAD Middlewares/FreeRTOS/event_groups.o
LOAD Middlewares/FreeRTOS/heap_4.o
LOAD Middlewares/FreeRTOS/list.o
LOAD Middlewares/FreeRTOS/port.o
LOAD Middlewares/FreeRTOS/queue.o
LOAD Middlewares/FreeRTOS/stream_buffer.o
LOAD Middlewares/FreeRTOS/tasks.o
LOAD Middlewares/FreeRTOS/timers.o
LOAD Src/freertos.o
LOAD Src/main.o
LOAD Src/stm32f7xx_hal_msp.o
LOAD Src/stm32f7xx_hal_timebase_tim.o
LOAD Src/stm32f7xx_it.o
LOAD Src/syscalls.o
LOAD Src/sysmem.o
LOAD Src/system_stm32f7xx.o
LOAD Startup/startup_stm32f746nghx.o
START GROUP
LOAD c:/st/stm32cubeide_1.0.2/stm32cubeide/plugins/com.st.stm32cube.ide.mcu.externaltools.gnu-tools-for-stm32.7-2018-q2-update.win32_1.0.0.201904181610/tools/bin/../lib/gcc/arm-none-eabi/7.3.1/../../../../arm-none-eabi/lib/thumb/v7e-m/fpv4-sp/hard\libc_nano.a
LOAD c:/st/stm32cubeide_1.0.2/stm32cubeide/plugins/com.st.stm32cube.ide.mcu.externaltools.gnu-tools-for-stm32.7-2018-q2-update.win32_1.0.0.201904181610/tools/bin/../lib/gcc/arm-none-eabi/7.3.1/../../../../arm-none-eabi/lib/thumb/v7e-m/fpv4-sp/hard\libm.a
END GROUP
START GROUP
LOAD c:/st/stm32cubeide_1.0.2/stm32cubeide/plugins/com.st.stm32cube.ide.mcu.externaltools.gnu-tools-for-stm32.7-2018-q2-update.win32_1.0.0.201904181610/tools/bin/../lib/gcc/arm-none-eabi/7.3.1/thumb/v7e-m/fpv4-sp/hard\libgcc.a
LOAD c:/st/stm32cubeide_1.0.2/stm32cubeide/plugins/com.st.stm32cube.ide.mcu.externaltools.gnu-tools-for-stm32.7-2018-q2-update.win32_1.0.0.201904181610/tools/bin/../lib/gcc/arm-none-eabi/7.3.1/../../../../arm-none-eabi/lib/thumb/v7e-m/fpv4-sp/hard\libc_nano.a
END GROUP
START GROUP
LOAD c:/st/stm32cubeide_1.0.2/stm32cubeide/plugins/com.st.stm32cube.ide.mcu.externaltools.gnu-tools-for-stm32.7-2018-q2-update.win32_1.0.0.201904181610/tools/bin/../lib/gcc/arm-none-eabi/7.3.1/thumb/v7e-m/fpv4-sp/hard\libgcc.a
LOAD c:/st/stm32cubeide_1.0.2/stm32cubeide/plugins/com.st.stm32cube.ide.mcu.externaltools.gnu-tools-for-stm32.7-2018-q2-update.win32_1.0.0.201904181610/tools/bin/../lib/gcc/arm-none-eabi/7.3.1/../../../../arm-none-eabi/lib/thumb/v7e-m/fpv4-sp/hard\libc_nano.a
LOAD c:/st/stm32cubeide_1.0.2/stm32cubeide/plugins/com.st.stm32cube.ide.mcu.externaltools.gnu-tools-for-stm32.7-2018-q2-update.win32_1.0.0.201904181610/tools/bin/../lib/gcc/arm-none-eabi/7.3.1/../../../../arm-none-eabi/lib/thumb/v7e-m/fpv4-sp/hard\libnosys.a
END GROUP
START GROUP
LOAD c:/st/stm32cubeide_1.0.2/stm32cubeide/plugins/com.st.stm32cube.ide.mcu.externaltools.gnu-tools-for-stm32.7-2018-q2-update.win32_1.0.0.201904181610/tools/bin/../lib/gcc/arm-none-eabi/7.3.1/thumb/v7e-m/fpv4-sp/hard\libgcc.a
LOAD c:/st/stm32cubeide_1.0.2/stm32cubeide/plugins/com.st.stm32cube.ide.mcu.externaltools.gnu-tools-for-stm32.7-2018-q2-update.win32_1.0.0.201904181610/tools/bin/../lib/gcc/arm-none-eabi/7.3.1/../../../../arm-none-eabi/lib/thumb/v7e-m/fpv4-sp/hard\libc_nano.a
LOAD c:/st/stm32cubeide_1.0.2/stm32cubeide/plugins/com.st.stm32cube.ide.mcu.externaltools.gnu-tools-for-stm32.7-2018-q2-update.win32_1.0.0.201904181610/tools/bin/../lib/gcc/arm-none-eabi/7.3.1/../../../../arm-none-eabi/lib/thumb/v7e-m/fpv4-sp/hard\libnosys.a
END GROUP
LOAD c:/st/stm32cubeide_1.0.2/stm32cubeide/plugins/com.st.stm32cube.ide.mcu.externaltools.gnu-tools-for-stm32.7-2018-q2-update.win32_1.0.0.201904181610/tools/bin/../lib/gcc/arm-none-eabi/7.3.1/thumb/v7e-m/fpv4-sp/hard/crtend.o
LOAD c:/st/stm32cubeide_1.0.2/stm32cubeide/plugins/com.st.stm32cube.ide.mcu.externaltools.gnu-tools-for-stm32.7-2018-q2-update.win32_1.0.0.201904181610/tools/bin/../lib/gcc/arm-none-eabi/7.3.1/thumb/v7e-m/fpv4-sp/hard/crtn.o
                0x0000000020050000                _estack = 0x20050000
                0x0000000000000200                _Min_Heap_Size = 0x200
                0x0000000000000400                _Min_Stack_Size = 0x400

.isr_vector     0x0000000008000000      0x1c8
                0x0000000008000000                . = ALIGN (0x4)
 *(.isr_vector)
 .isr_vector    0x0000000008000000      0x1c8 Startup/startup_stm32f746nghx.o
                0x0000000008000000                g_pfnVectors
                0x00000000080001c8                . = ALIGN (0x4)

.text           0x00000000080001d0     0x4c40
                0x00000000080001d0                . = ALIGN (0x4)
 *(.text)
 .text          0x00000000080001d0       0x40 c:/st/stm32cubeide_1.0.2/stm32cubeide/plugins/com.st.stm32cube.ide.mcu.externaltools.gnu-tools-for-stm32.7-2018-q2-update.win32_1.0.0.201904181610/tools/bin/../lib/gcc/arm-none-eabi/7.3.1/thumb/v7e-m/fpv4-sp/hard/crtbegin.o
 .text          0x0000000008000210       0x30 c:/st/stm32cubeide_1.0.2/stm32cubeide/plugins/com.st.stm32cube.ide.mcu.externaltools.gnu-tools-for-stm32.7-2018-q2-update.win32_1.0.0.201904181610/tools/bin/../lib/gcc/arm-none-eabi/7.3.1/thumb/v7e-m/fpv4-sp/hard\libgcc.a(_aeabi_uldivmod.o)
                0x0000000008000210                __aeabi_uldivmod
 .text          0x0000000008000240      0x2cc c:/st/stm32cubeide_1.0.2/stm32cubeide/plugins/com.st.stm32cube.ide.mcu.externaltools.gnu-tools-for-stm32.7-2018-q2-update.win32_1.0.0.201904181610/tools/bin/../lib/gcc/arm-none-eabi/7.3.1/thumb/v7e-m/fpv4-sp/hard\libgcc.a(_udivmoddi4.o)
                0x0000000008000240                __udivmoddi4
 .text          0x000000000800050c        0x4 c:/st/stm32cubeide_1.0.2/stm32cubeide/plugins/com.st.stm32cube.ide.mcu.externaltools.gnu-tools-for-stm32.7-2018-q2-update.win32_1.0.0.201904181610/tools/bin/../lib/gcc/arm-none-eabi/7.3.1/thumb/v7e-m/fpv4-sp/hard\libgcc.a(_dvmd_tls.o)
                0x000000000800050c                __aeabi_idiv0
                0x000000000800050c                __aeabi_ldiv0
 *(.text*)
 .text.HAL_Init
                0x0000000008000510       0x1a Drivers/STM32F7xx_HAL_Driver/stm32f7xx_hal.o
                0x0000000008000510                HAL_Init
 *fill*         0x000000000800052a        0x2 
 .text.HAL_IncTick
                0x000000000800052c       0x28 Drivers/STM32F7xx_HAL_Driver/stm32f7xx_hal.o
                0x000000000800052c                HAL_IncTick
 .text.HAL_GetTick
                0x0000000008000554       0x18 Drivers/STM32F7xx_HAL_Driver/stm32f7xx_hal.o
                0x0000000008000554                HAL_GetTick
 .text.__NVIC_SetPriorityGrouping
                0x000000000800056c       0x48 Drivers/STM32F7xx_HAL_Driver/stm32f7xx_hal_cortex.o
 .text.__NVIC_GetPriorityGrouping
                0x00000000080005b4       0x1c Drivers/STM32F7xx_HAL_Driver/stm32f7xx_hal_cortex.o
 .text.__NVIC_EnableIRQ
                0x00000000080005d0       0x3c Drivers/STM32F7xx_HAL_Driver/stm32f7xx_hal_cortex.o
 .text.__NVIC_SetPriority
                0x000000000800060c       0x54 Drivers/STM32F7xx_HAL_Driver/stm32f7xx_hal_cortex.o
 .text.NVIC_EncodePriority
                0x0000000008000660       0x66 Drivers/STM32F7xx_HAL_Driver/stm32f7xx_hal_cortex.o
 .text.HAL_NVIC_SetPriorityGrouping
                0x00000000080006c6       0x16 Drivers/STM32F7xx_HAL_Driver/stm32f7xx_hal_cortex.o
                0x00000000080006c6                HAL_NVIC_SetPriorityGrouping
 .text.HAL_NVIC_SetPriority
                0x00000000080006dc       0x38 Drivers/STM32F7xx_HAL_Driver/stm32f7xx_hal_cortex.o
                0x00000000080006dc                HAL_NVIC_SetPriority
 .text.HAL_NVIC_EnableIRQ
                0x0000000008000714       0x1c Drivers/STM32F7xx_HAL_Driver/stm32f7xx_hal_cortex.o
                0x0000000008000714                HAL_NVIC_EnableIRQ
 .text.HAL_DMA_Abort_IT
                0x0000000008000730       0x44 Drivers/STM32F7xx_HAL_Driver/stm32f7xx_hal_dma.o
                0x0000000008000730                HAL_DMA_Abort_IT
 .text.HAL_GPIO_Init
                0x0000000008000774      0x354 Drivers/STM32F7xx_HAL_Driver/stm32f7xx_hal_gpio.o
                0x0000000008000774                HAL_GPIO_Init
 .text.HAL_RCC_OscConfig
                0x0000000008000ac8      0x4e0 Drivers/STM32F7xx_HAL_Driver/stm32f7xx_hal_rcc.o
                0x0000000008000ac8                HAL_RCC_OscConfig
 .text.HAL_RCC_ClockConfig
                0x0000000008000fa8      0x1d0 Drivers/STM32F7xx_HAL_Driver/stm32f7xx_hal_rcc.o
                0x0000000008000fa8                HAL_RCC_ClockConfig
 .text.HAL_RCC_GetSysClockFreq
                0x0000000008001178      0x164 Drivers/STM32F7xx_HAL_Driver/stm32f7xx_hal_rcc.o
                0x0000000008001178                HAL_RCC_GetSysClockFreq
 .text.HAL_RCC_GetHCLKFreq
                0x00000000080012dc       0x18 Drivers/STM32F7xx_HAL_Driver/stm32f7xx_hal_rcc.o
                0x00000000080012dc                HAL_RCC_GetHCLKFreq
 .text.HAL_RCC_GetPCLK1Freq
                0x00000000080012f4       0x28 Drivers/STM32F7xx_HAL_Driver/stm32f7xx_hal_rcc.o
                0x00000000080012f4                HAL_RCC_GetPCLK1Freq
 .text.HAL_RCC_GetPCLK2Freq
                0x000000000800131c       0x28 Drivers/STM32F7xx_HAL_Driver/stm32f7xx_hal_rcc.o
                0x000000000800131c                HAL_RCC_GetPCLK2Freq
 .text.HAL_RCC_GetClockConfig
                0x0000000008001344       0x64 Drivers/STM32F7xx_HAL_Driver/stm32f7xx_hal_rcc.o
                0x0000000008001344                HAL_RCC_GetClockConfig
 .text.HAL_RCCEx_PeriphCLKConfig
                0x00000000080013a8      0x7dc Drivers/STM32F7xx_HAL_Driver/stm32f7xx_hal_rcc_ex.o
                0x00000000080013a8                HAL_RCCEx_PeriphCLKConfig
 .text.HAL_TIM_Base_Init
                0x0000000008001b84       0x56 Drivers/STM32F7xx_HAL_Driver/stm32f7xx_hal_tim.o
                0x0000000008001b84                HAL_TIM_Base_Init
 .text.HAL_TIM_Base_MspInit
                0x0000000008001bda       0x14 Drivers/STM32F7xx_HAL_Driver/stm32f7xx_hal_tim.o
                0x0000000008001bda                HAL_TIM_Base_MspInit
 *fill*         0x0000000008001bee        0x2 
 .text.HAL_TIM_Base_Start_IT
                0x0000000008001bf0       0x54 Drivers/STM32F7xx_HAL_Driver/stm32f7xx_hal_tim.o
                0x0000000008001bf0                HAL_TIM_Base_Start_IT
 .text.HAL_TIM_IRQHandler
                0x0000000008001c44      0x23e Drivers/STM32F7xx_HAL_Driver/stm32f7xx_hal_tim.o
                0x0000000008001c44                HAL_TIM_IRQHandler
 .text.HAL_TIM_OC_DelayElapsedCallback
                0x0000000008001e82       0x14 Drivers/STM32F7xx_HAL_Driver/stm32f7xx_hal_tim.o
                0x0000000008001e82                HAL_TIM_OC_DelayElapsedCallback
 .text.HAL_TIM_IC_CaptureCallback
                0x0000000008001e96       0x14 Drivers/STM32F7xx_HAL_Driver/stm32f7xx_hal_tim.o
                0x0000000008001e96                HAL_TIM_IC_CaptureCallback
 .text.HAL_TIM_PWM_PulseFinishedCallback
                0x0000000008001eaa       0x14 Drivers/STM32F7xx_HAL_Driver/stm32f7xx_hal_tim.o
                0x0000000008001eaa                HAL_TIM_PWM_PulseFinishedCallback
 .text.HAL_TIM_TriggerCallback
                0x0000000008001ebe       0x14 Drivers/STM32F7xx_HAL_Driver/stm32f7xx_hal_tim.o
                0x0000000008001ebe                HAL_TIM_TriggerCallback
 *fill*         0x0000000008001ed2        0x2 
 .text.TIM_Base_SetConfig
                0x0000000008001ed4      0x140 Drivers/STM32F7xx_HAL_Driver/stm32f7xx_hal_tim.o
                0x0000000008001ed4                TIM_Base_SetConfig
 .text.HAL_TIMEx_CommutCallback
                0x0000000008002014       0x14 Drivers/STM32F7xx_HAL_Driver/stm32f7xx_hal_tim_ex.o
                0x0000000008002014                HAL_TIMEx_CommutCallback
 .text.HAL_TIMEx_BreakCallback
                0x0000000008002028       0x14 Drivers/STM32F7xx_HAL_Driver/stm32f7xx_hal_tim_ex.o
                0x0000000008002028                HAL_TIMEx_BreakCallback
 .text.HAL_TIMEx_Break2Callback
                0x000000000800203c       0x14 Drivers/STM32F7xx_HAL_Driver/stm32f7xx_hal_tim_ex.o
                0x000000000800203c                HAL_TIMEx_Break2Callback
 .text.HAL_UART_Init
                0x0000000008002050       0x9c Drivers/STM32F7xx_HAL_Driver/stm32f7xx_hal_uart.o
                0x0000000008002050                HAL_UART_Init
 .text.HAL_UART_Transmit
                0x00000000080020ec      0x122 Drivers/STM32F7xx_HAL_Driver/stm32f7xx_hal_uart.o
                0x00000000080020ec                HAL_UART_Transmit
 *fill*         0x000000000800220e        0x2 
 .text.HAL_UART_Receive_IT
                0x0000000008002210      0x144 Drivers/STM32F7xx_HAL_Driver/stm32f7xx_hal_uart.o
                0x0000000008002210                HAL_UART_Receive_IT
 .text.HAL_UART_IRQHandler
                0x0000000008002354      0x238 Drivers/STM32F7xx_HAL_Driver/stm32f7xx_hal_uart.o
                0x0000000008002354                HAL_UART_IRQHandler
 .text.HAL_UART_TxCpltCallback
                0x000000000800258c       0x14 Drivers/STM32F7xx_HAL_Driver/stm32f7xx_hal_uart.o
                0x000000000800258c                HAL_UART_TxCpltCallback
 .text.HAL_UART_ErrorCallback
                0x00000000080025a0       0x14 Drivers/STM32F7xx_HAL_Driver/stm32f7xx_hal_uart.o
                0x00000000080025a0                HAL_UART_ErrorCallback
 .text.UART_SetConfig
                0x00000000080025b4      0x548 Drivers/STM32F7xx_HAL_Driver/stm32f7xx_hal_uart.o
                0x00000000080025b4                UART_SetConfig
 .text.UART_AdvFeatureConfig
                0x0000000008002afc      0x144 Drivers/STM32F7xx_HAL_Driver/stm32f7xx_hal_uart.o
                0x0000000008002afc                UART_AdvFeatureConfig
 .text.UART_CheckIdleState
                0x0000000008002c40       0x5e Drivers/STM32F7xx_HAL_Driver/stm32f7xx_hal_uart.o
                0x0000000008002c40                UART_CheckIdleState
 .text.UART_WaitOnFlagUntilTimeout
                0x0000000008002c9e       0x90 Drivers/STM32F7xx_HAL_Driver/stm32f7xx_hal_uart.o
                0x0000000008002c9e                UART_WaitOnFlagUntilTimeout
 .text.UART_EndRxTransfer
                0x0000000008002d2e       0x40 Drivers/STM32F7xx_HAL_Driver/stm32f7xx_hal_uart.o
 .text.UART_DMAAbortOnError
                0x0000000008002d6e       0x2c Drivers/STM32F7xx_HAL_Driver/stm32f7xx_hal_uart.o
 .text.UART_EndTransmit_IT
                0x0000000008002d9a       0x32 Drivers/STM32F7xx_HAL_Driver/stm32f7xx_hal_uart.o
 .text.UART_RxISR_8BIT
                0x0000000008002dcc       0xa6 Drivers/STM32F7xx_HAL_Driver/stm32f7xx_hal_uart.o
 .text.UART_RxISR_16BIT
                0x0000000008002e72       0xa6 Drivers/STM32F7xx_HAL_Driver/stm32f7xx_hal_uart.o
 .text.makeFreeRtosPriority
                0x0000000008002f18       0x30 Middlewares/FreeRTOS/cmsis_os.o
 .text.inHandlerMode
                0x0000000008002f48       0x24 Middlewares/FreeRTOS/cmsis_os.o
 .text.osKernelStart
                0x0000000008002f6c        0xe Middlewares/FreeRTOS/cmsis_os.o
                0x0000000008002f6c                osKernelStart
 .text.osThreadCreate
                0x0000000008002f7a       0x4e Middlewares/FreeRTOS/cmsis_os.o
                0x0000000008002f7a                osThreadCreate
 .text.osDelay  0x0000000008002fc8       0x28 Middlewares/FreeRTOS/cmsis_os.o
                0x0000000008002fc8                osDelay
 .text.osSignalSet
                0x0000000008002ff0       0x80 Middlewares/FreeRTOS/cmsis_os.o
                0x0000000008002ff0                osSignalSet
 .text.osSignalWait
                0x0000000008003070       0x98 Middlewares/FreeRTOS/cmsis_os.o
                0x0000000008003070                osSignalWait
 .text.pvPortMalloc
                0x0000000008003108      0x190 Middlewares/FreeRTOS/heap_4.o
                0x0000000008003108                pvPortMalloc
 .text.vPortFree
                0x0000000008003298       0xb8 Middlewares/FreeRTOS/heap_4.o
                0x0000000008003298                vPortFree
 .text.prvHeapInit
                0x0000000008003350       0xc4 Middlewares/FreeRTOS/heap_4.o
 .text.prvInsertBlockIntoFreeList
                0x0000000008003414       0xb4 Middlewares/FreeRTOS/heap_4.o
 .text.vListInitialise
                0x00000000080034c8       0x40 Middlewares/FreeRTOS/list.o
                0x00000000080034c8                vListInitialise
 .text.vListInitialiseItem
                0x0000000008003508       0x1a Middlewares/FreeRTOS/list.o
                0x0000000008003508                vListInitialiseItem
 .text.vListInsertEnd
                0x0000000008003522       0x48 Middlewares/FreeRTOS/list.o
                0x0000000008003522                vListInsertEnd
 .text.vListInsert
                0x000000000800356a       0x72 Middlewares/FreeRTOS/list.o
                0x000000000800356a                vListInsert
 .text.uxListRemove
                0x00000000080035dc       0x54 Middlewares/FreeRTOS/list.o
                0x00000000080035dc                uxListRemove
 .text.pxPortInitialiseStack
                0x0000000008003630       0x68 Middlewares/FreeRTOS/port.o
                0x0000000008003630                pxPortInitialiseStack
 .text.prvTaskExitError
                0x0000000008003698       0x5c Middlewares/FreeRTOS/port.o
 *fill*         0x00000000080036f4        0xc 
 .text.SVC_Handler
                0x0000000008003700       0x28 Middlewares/FreeRTOS/port.o
                0x0000000008003700                SVC_Handler
 .text.prvPortStartFirstTask
                0x0000000008003728       0x28 Middlewares/FreeRTOS/port.o
 .text.xPortStartScheduler
                0x0000000008003750       0xf8 Middlewares/FreeRTOS/port.o
                0x0000000008003750                xPortStartScheduler
 .text.vPortEnterCritical
                0x0000000008003848       0x64 Middlewares/FreeRTOS/port.o
                0x0000000008003848                vPortEnterCritical
 .text.vPortExitCritical
                0x00000000080038ac       0x54 Middlewares/FreeRTOS/port.o
                0x00000000080038ac                vPortExitCritical
 .text.PendSV_Handler
                0x0000000008003900       0x68 Middlewares/FreeRTOS/port.o
                0x0000000008003900                PendSV_Handler
 .text.SysTick_Handler
                0x0000000008003968       0x44 Middlewares/FreeRTOS/port.o
                0x0000000008003968                SysTick_Handler
 .text.vPortSetupTimerInterrupt
                0x00000000080039ac       0x48 Middlewares/FreeRTOS/port.o
                0x00000000080039ac                vPortSetupTimerInterrupt
 .text.vPortEnableVFP
                0x00000000080039f4       0x14 Middlewares/FreeRTOS/port.o
 .text.vPortValidateInterruptPriority
                0x0000000008003a08       0x84 Middlewares/FreeRTOS/port.o
                0x0000000008003a08                vPortValidateInterruptPriority
 .text.xTaskCreate
                0x0000000008003a8c       0x82 Middlewares/FreeRTOS/tasks.o
                0x0000000008003a8c                xTaskCreate
 .text.prvInitialiseNewTask
                0x0000000008003b0e      0x100 Middlewares/FreeRTOS/tasks.o
 *fill*         0x0000000008003c0e        0x2 
 .text.prvAddNewTaskToReadyList
                0x0000000008003c10       0xd4 Middlewares/FreeRTOS/tasks.o
 .text.vTaskDelay
                0x0000000008003ce4       0x6c Middlewares/FreeRTOS/tasks.o
                0x0000000008003ce4                vTaskDelay
 .text.vTaskStartScheduler
                0x0000000008003d50       0x94 Middlewares/FreeRTOS/tasks.o
                0x0000000008003d50                vTaskStartScheduler
 .text.vTaskSuspendAll
                0x0000000008003de4       0x1c Middlewares/FreeRTOS/tasks.o
                0x0000000008003de4                vTaskSuspendAll
 .text.xTaskResumeAll
                0x0000000008003e00      0x13c Middlewares/FreeRTOS/tasks.o
                0x0000000008003e00                xTaskResumeAll
 .text.xTaskIncrementTick
                0x0000000008003f3c      0x17c Middlewares/FreeRTOS/tasks.o
                0x0000000008003f3c                xTaskIncrementTick
 .text.vTaskSwitchContext
                0x00000000080040b8       0xb8 Middlewares/FreeRTOS/tasks.o
                0x00000000080040b8                vTaskSwitchContext
 .text.prvIdleTask
                0x0000000008004170       0x30 Middlewares/FreeRTOS/tasks.o
 .text.prvInitialiseTaskLists
                0x00000000080041a0       0x80 Middlewares/FreeRTOS/tasks.o
 .text.prvCheckTasksWaitingTermination
                0x0000000008004220       0x58 Middlewares/FreeRTOS/tasks.o
 .text.prvDeleteTCB
                0x0000000008004278       0x20 Middlewares/FreeRTOS/tasks.o
 .text.prvResetNextTaskUnblockTime
                0x0000000008004298       0x4c Middlewares/FreeRTOS/tasks.o
 .text.xTaskNotifyWait
                0x00000000080042e4       0xb4 Middlewares/FreeRTOS/tasks.o
                0x00000000080042e4                xTaskNotifyWait
 .text.xTaskGenericNotify
                0x0000000008004398      0x148 Middlewares/FreeRTOS/tasks.o
                0x0000000008004398                xTaskGenericNotify
 .text.xTaskGenericNotifyFromISR
                0x00000000080044e0      0x198 Middlewares/FreeRTOS/tasks.o
                0x00000000080044e0                xTaskGenericNotifyFromISR
 .text.prvAddCurrentTaskToDelayedList
                0x0000000008004678       0xcc Middlewares/FreeRTOS/tasks.o
 .text.main     0x0000000008004744       0x80 Src/main.o
                0x0000000008004744                main
 .text.SystemClock_Config
                0x00000000080047c4      0x114 Src/main.o
                0x00000000080047c4                SystemClock_Config
 .text.MX_USART1_UART_Init
                0x00000000080048d8       0x60 Src/main.o
 .text.MX_GPIO_Init
                0x0000000008004938       0x78 Src/main.o
 .text.HAL_UART_RxCpltCallback
                0x00000000080049b0       0x84 Src/main.o
                0x00000000080049b0                HAL_UART_RxCpltCallback
 .text.StartDefaultTask
                0x0000000008004a34       0x10 Src/main.o
                0x0000000008004a34                StartDefaultTask
 .text.StartPrinter
                0x0000000008004a44       0x38 Src/main.o
                0x0000000008004a44                StartPrinter
 .text.HAL_TIM_PeriodElapsedCallback
                0x0000000008004a7c       0x24 Src/main.o
                0x0000000008004a7c                HAL_TIM_PeriodElapsedCallback
 .text.Error_Handler
                0x0000000008004aa0        0xe Src/main.o
                0x0000000008004aa0                Error_Handler
 *fill*         0x0000000008004aae        0x2 
 .text.HAL_MspInit
                0x0000000008004ab0       0x50 Src/stm32f7xx_hal_msp.o
                0x0000000008004ab0                HAL_MspInit
 .text.HAL_UART_MspInit
                0x0000000008004b00       0xd4 Src/stm32f7xx_hal_msp.o
                0x0000000008004b00                HAL_UART_MspInit
 .text.HAL_InitTick
                0x0000000008004bd4       0xb0 Src/stm32f7xx_hal_timebase_tim.o
                0x0000000008004bd4                HAL_InitTick
 .text.NMI_Handler
                0x0000000008004c84        0xe Src/stm32f7xx_it.o
                0x0000000008004c84                NMI_Handler
 .text.HardFault_Handler
                0x0000000008004c92        0x6 Src/stm32f7xx_it.o
                0x0000000008004c92                HardFault_Handler
 .text.MemManage_Handler
                0x0000000008004c98        0x6 Src/stm32f7xx_it.o
                0x0000000008004c98                MemManage_Handler
 .text.BusFault_Handler
                0x0000000008004c9e        0x6 Src/stm32f7xx_it.o
                0x0000000008004c9e                BusFault_Handler
 .text.UsageFault_Handler
                0x0000000008004ca4        0x6 Src/stm32f7xx_it.o
                0x0000000008004ca4                UsageFault_Handler
 .text.DebugMon_Handler
                0x0000000008004caa        0xe Src/stm32f7xx_it.o
                0x0000000008004caa                DebugMon_Handler
 .text.USART1_IRQHandler
                0x0000000008004cb8       0x14 Src/stm32f7xx_it.o
                0x0000000008004cb8                USART1_IRQHandler
 .text.TIM8_TRG_COM_TIM14_IRQHandler
                0x0000000008004ccc       0x14 Src/stm32f7xx_it.o
                0x0000000008004ccc                TIM8_TRG_COM_TIM14_IRQHandler
 .text.SystemInit
                0x0000000008004ce0       0x6c Src/system_stm32f7xx.o
                0x0000000008004ce0                SystemInit
 .text.Reset_Handler
                0x0000000008004d4c       0x50 Startup/startup_stm32f746nghx.o
                0x0000000008004d4c                Reset_Handler
 .text.Default_Handler
                0x0000000008004d9c        0x2 Startup/startup_stm32f746nghx.o
                0x0000000008004d9c                RTC_Alarm_IRQHandler
                0x0000000008004d9c                EXTI2_IRQHandler
                0x0000000008004d9c                TIM8_CC_IRQHandler
                0x0000000008004d9c                UART8_IRQHandler
                0x0000000008004d9c                SPI4_IRQHandler
                0x0000000008004d9c                TIM1_CC_IRQHandler
                0x0000000008004d9c                DMA2_Stream5_IRQHandler
                0x0000000008004d9c                DMA1_Stream5_IRQHandler
                0x0000000008004d9c                PVD_IRQHandler
                0x0000000008004d9c                TAMP_STAMP_IRQHandler
                0x0000000008004d9c                CAN2_RX1_IRQHandler
                0x0000000008004d9c                EXTI3_IRQHandler
                0x0000000008004d9c                TIM1_UP_TIM10_IRQHandler
                0x0000000008004d9c                TIM8_UP_TIM13_IRQHandler
                0x0000000008004d9c                I2C3_ER_IRQHandler
                0x0000000008004d9c                EXTI0_IRQHandler
                0x0000000008004d9c                I2C2_EV_IRQHandler
                0x0000000008004d9c                DMA1_Stream2_IRQHandler
                0x0000000008004d9c                CAN1_RX0_IRQHandler
                0x0000000008004d9c                FPU_IRQHandler
                0x0000000008004d9c                OTG_HS_WKUP_IRQHandler
                0x0000000008004d9c                LTDC_ER_IRQHandler
                0x0000000008004d9c                CAN2_SCE_IRQHandler
                0x0000000008004d9c                DMA2_Stream2_IRQHandler
                0x0000000008004d9c                SPI1_IRQHandler
                0x0000000008004d9c                TIM6_DAC_IRQHandler
                0x0000000008004d9c                TIM1_BRK_TIM9_IRQHandler
                0x0000000008004d9c                DCMI_IRQHandler
                0x0000000008004d9c                CAN2_RX0_IRQHandler
                0x0000000008004d9c                DMA2_Stream3_IRQHandler
                0x0000000008004d9c                SAI2_IRQHandler
                0x0000000008004d9c                USART6_IRQHandler
                0x0000000008004d9c                USART3_IRQHandler
                0x0000000008004d9c                CAN1_RX1_IRQHandler
                0x0000000008004d9c                UART5_IRQHandler
                0x0000000008004d9c                DMA2_Stream0_IRQHandler
                0x0000000008004d9c                TIM4_IRQHandler
                0x0000000008004d9c                QUADSPI_IRQHandler
                0x0000000008004d9c                I2C1_EV_IRQHandler
                0x0000000008004d9c                DMA1_Stream6_IRQHandler
                0x0000000008004d9c                DMA1_Stream1_IRQHandler
                0x0000000008004d9c                UART4_IRQHandler
                0x0000000008004d9c                TIM3_IRQHandler
                0x0000000008004d9c                RCC_IRQHandler
                0x0000000008004d9c                TIM8_BRK_TIM12_IRQHandler
                0x0000000008004d9c                Default_Handler
                0x0000000008004d9c                CEC_IRQHandler
                0x0000000008004d9c                EXTI15_10_IRQHandler
                0x0000000008004d9c                ADC_IRQHandler
                0x0000000008004d9c                DMA1_Stream7_IRQHandler
                0x0000000008004d9c                SPI5_IRQHandler
                0x0000000008004d9c                TIM7_IRQHandler
                0x0000000008004d9c                SDMMC1_IRQHandler
                0x0000000008004d9c                CAN2_TX_IRQHandler
                0x0000000008004d9c                TIM5_IRQHandler
                0x0000000008004d9c                DMA2_Stream7_IRQHandler
                0x0000000008004d9c                I2C3_EV_IRQHandler
                0x0000000008004d9c                EXTI9_5_IRQHandler
                0x0000000008004d9c                RTC_WKUP_IRQHandler
                0x0000000008004d9c                LTDC_IRQHandler
                0x0000000008004d9c                ETH_WKUP_IRQHandler
                0x0000000008004d9c                SPDIF_RX_IRQHandler
                0x0000000008004d9c                SPI2_IRQHandler
                0x0000000008004d9c                OTG_HS_EP1_IN_IRQHandler
                0x0000000008004d9c                DMA1_Stream0_IRQHandler
                0x0000000008004d9c                CAN1_TX_IRQHandler
                0x0000000008004d9c                EXTI4_IRQHandler
                0x0000000008004d9c                RNG_IRQHandler
                0x0000000008004d9c                ETH_IRQHandler
                0x0000000008004d9c                OTG_HS_EP1_OUT_IRQHandler
                0x0000000008004d9c                WWDG_IRQHandler
                0x0000000008004d9c                SPI6_IRQHandler
                0x0000000008004d9c                I2C4_EV_IRQHandler
                0x0000000008004d9c                TIM2_IRQHandler
                0x0000000008004d9c                OTG_FS_WKUP_IRQHandler
                0x0000000008004d9c                TIM1_TRG_COM_TIM11_IRQHandler
                0x0000000008004d9c                OTG_HS_IRQHandler
                0x0000000008004d9c                DMA2D_IRQHandler
                0x0000000008004d9c                EXTI1_IRQHandler
                0x0000000008004d9c                UART7_IRQHandler
                0x0000000008004d9c                USART2_IRQHandler
                0x0000000008004d9c                I2C2_ER_IRQHandler
                0x0000000008004d9c                DMA2_Stream1_IRQHandler
                0x0000000008004d9c                CAN1_SCE_IRQHandler
                0x0000000008004d9c                FLASH_IRQHandler
                0x0000000008004d9c                DMA2_Stream4_IRQHandler
                0x0000000008004d9c                OTG_FS_IRQHandler
                0x0000000008004d9c                SPI3_IRQHandler
                0x0000000008004d9c                DMA1_Stream4_IRQHandler
                0x0000000008004d9c                I2C1_ER_IRQHandler
                0x0000000008004d9c                FMC_IRQHandler
                0x0000000008004d9c                LPTIM1_IRQHandler
                0x0000000008004d9c                I2C4_ER_IRQHandler
                0x0000000008004d9c                DMA2_Stream6_IRQHandler
                0x0000000008004d9c                SAI1_IRQHandler
                0x0000000008004d9c                DMA1_Stream3_IRQHandler
 *fill*         0x0000000008004d9e        0x2 
 .text.__libc_init_array
                0x0000000008004da0       0x48 c:/st/stm32cubeide_1.0.2/stm32cubeide/plugins/com.st.stm32cube.ide.mcu.externaltools.gnu-tools-for-stm32.7-2018-q2-update.win32_1.0.0.201904181610/tools/bin/../lib/gcc/arm-none-eabi/7.3.1/../../../../arm-none-eabi/lib/thumb/v7e-m/fpv4-sp/hard\libc_nano.a(lib_a-init.o)
                0x0000000008004da0                __libc_init_array
 .text.memset   0x0000000008004de8       0x10 c:/st/stm32cubeide_1.0.2/stm32cubeide/plugins/com.st.stm32cube.ide.mcu.externaltools.gnu-tools-for-stm32.7-2018-q2-update.win32_1.0.0.201904181610/tools/bin/../lib/gcc/arm-none-eabi/7.3.1/../../../../arm-none-eabi/lib/thumb/v7e-m/fpv4-sp/hard\libc_nano.a(lib_a-memset.o)
                0x0000000008004de8                memset
 *(.glue_7)
 .glue_7        0x0000000008004df8        0x0 linker stubs
 *(.glue_7t)
 .glue_7t       0x0000000008004df8        0x0 linker stubs
 *(.eh_frame)
 .eh_frame      0x0000000008004df8        0x0 c:/st/stm32cubeide_1.0.2/stm32cubeide/plugins/com.st.stm32cube.ide.mcu.externaltools.gnu-tools-for-stm32.7-2018-q2-update.win32_1.0.0.201904181610/tools/bin/../lib/gcc/arm-none-eabi/7.3.1/thumb/v7e-m/fpv4-sp/hard/crtbegin.o
 *(.init)
 .init          0x0000000008004df8        0x4 c:/st/stm32cubeide_1.0.2/stm32cubeide/plugins/com.st.stm32cube.ide.mcu.externaltools.gnu-tools-for-stm32.7-2018-q2-update.win32_1.0.0.201904181610/tools/bin/../lib/gcc/arm-none-eabi/7.3.1/thumb/v7e-m/fpv4-sp/hard/crti.o
                0x0000000008004df8                _init
 .init          0x0000000008004dfc        0x8 c:/st/stm32cubeide_1.0.2/stm32cubeide/plugins/com.st.stm32cube.ide.mcu.externaltools.gnu-tools-for-stm32.7-2018-q2-update.win32_1.0.0.201904181610/tools/bin/../lib/gcc/arm-none-eabi/7.3.1/thumb/v7e-m/fpv4-sp/hard/crtn.o
 *(.fini)
 .fini          0x0000000008004e04        0x4 c:/st/stm32cubeide_1.0.2/stm32cubeide/plugins/com.st.stm32cube.ide.mcu.externaltools.gnu-tools-for-stm32.7-2018-q2-update.win32_1.0.0.201904181610/tools/bin/../lib/gcc/arm-none-eabi/7.3.1/thumb/v7e-m/fpv4-sp/hard/crti.o
                0x0000000008004e04                _fini
 .fini          0x0000000008004e08        0x8 c:/st/stm32cubeide_1.0.2/stm32cubeide/plugins/com.st.stm32cube.ide.mcu.externaltools.gnu-tools-for-stm32.7-2018-q2-update.win32_1.0.0.201904181610/tools/bin/../lib/gcc/arm-none-eabi/7.3.1/thumb/v7e-m/fpv4-sp/hard/crtn.o
                0x0000000008004e10                . = ALIGN (0x4)
                0x0000000008004e10                _etext = .

.vfp11_veneer   0x0000000008004e10        0x0
 .vfp11_veneer  0x0000000008004e10        0x0 linker stubs

.v4_bx          0x0000000008004e10        0x0
 .v4_bx         0x0000000008004e10        0x0 linker stubs

.iplt           0x0000000008004e10        0x0
 .iplt          0x0000000008004e10        0x0 c:/st/stm32cubeide_1.0.2/stm32cubeide/plugins/com.st.stm32cube.ide.mcu.externaltools.gnu-tools-for-stm32.7-2018-q2-update.win32_1.0.0.201904181610/tools/bin/../lib/gcc/arm-none-eabi/7.3.1/thumb/v7e-m/fpv4-sp/hard/crtbegin.o

.rodata         0x0000000008004e10       0x5c
                0x0000000008004e10                . = ALIGN (0x4)
 *(.rodata)
 .rodata        0x0000000008004e10        0x5 Middlewares/FreeRTOS/tasks.o
 *fill*         0x0000000008004e15        0x3 
 .rodata        0x0000000008004e18       0x3c Src/main.o
 *(.rodata*)
 .rodata.AHBPrescTable
                0x0000000008004e54       0x10 Src/system_stm32f7xx.o
                0x0000000008004e54                AHBPrescTable
 .rodata.APBPrescTable
                0x0000000008004e64        0x8 Src/system_stm32f7xx.o
                0x0000000008004e64                APBPrescTable
                0x0000000008004e6c                . = ALIGN (0x4)

.ARM.extab      0x0000000008004e6c        0x0
                0x0000000008004e6c                . = ALIGN (0x4)
 *(.ARM.extab* .gnu.linkonce.armextab.*)
                0x0000000008004e6c                . = ALIGN (0x4)

.ARM            0x0000000008004e6c        0x8
                0x0000000008004e6c                . = ALIGN (0x4)
                0x0000000008004e6c                __exidx_start = .
 *(.ARM.exidx*)
 .ARM.exidx     0x0000000008004e6c        0x8 c:/st/stm32cubeide_1.0.2/stm32cubeide/plugins/com.st.stm32cube.ide.mcu.externaltools.gnu-tools-for-stm32.7-2018-q2-update.win32_1.0.0.201904181610/tools/bin/../lib/gcc/arm-none-eabi/7.3.1/thumb/v7e-m/fpv4-sp/hard\libgcc.a(_udivmoddi4.o)
                0x0000000008004e74                __exidx_end = .
                0x0000000008004e74                . = ALIGN (0x4)

.rel.dyn        0x0000000008004e74        0x0
 .rel.iplt      0x0000000008004e74        0x0 c:/st/stm32cubeide_1.0.2/stm32cubeide/plugins/com.st.stm32cube.ide.mcu.externaltools.gnu-tools-for-stm32.7-2018-q2-update.win32_1.0.0.201904181610/tools/bin/../lib/gcc/arm-none-eabi/7.3.1/thumb/v7e-m/fpv4-sp/hard/crtbegin.o

.preinit_array  0x0000000008004e74        0x0
                0x0000000008004e74                . = ALIGN (0x4)
                0x0000000008004e74                PROVIDE (__preinit_array_start = .)
 *(.preinit_array*)
                0x0000000008004e74                PROVIDE (__preinit_array_end = .)
                0x0000000008004e74                . = ALIGN (0x4)

.init_array     0x0000000008004e74        0x4
                0x0000000008004e74                . = ALIGN (0x4)
                0x0000000008004e74                PROVIDE (__init_array_start = .)
 *(SORT_BY_NAME(.init_array.*))
 *(.init_array*)
 .init_array    0x0000000008004e74        0x4 c:/st/stm32cubeide_1.0.2/stm32cubeide/plugins/com.st.stm32cube.ide.mcu.externaltools.gnu-tools-for-stm32.7-2018-q2-update.win32_1.0.0.201904181610/tools/bin/../lib/gcc/arm-none-eabi/7.3.1/thumb/v7e-m/fpv4-sp/hard/crtbegin.o
                0x0000000008004e78                PROVIDE (__init_array_end = .)
                0x0000000008004e78                . = ALIGN (0x4)

.fini_array     0x0000000008004e78        0x4
                0x0000000008004e78                . = ALIGN (0x4)
                [!provide]                        PROVIDE (__fini_array_start = .)
 *(SORT_BY_NAME(.fini_array.*))
 *(.fini_array*)
 .fini_array    0x0000000008004e78        0x4 c:/st/stm32cubeide_1.0.2/stm32cubeide/plugins/com.st.stm32cube.ide.mcu.externaltools.gnu-tools-for-stm32.7-2018-q2-update.win32_1.0.0.201904181610/tools/bin/../lib/gcc/arm-none-eabi/7.3.1/thumb/v7e-m/fpv4-sp/hard/crtbegin.o
                [!provide]                        PROVIDE (__fini_array_end = .)
                0x0000000008004e7c                . = ALIGN (0x4)
                0x0000000008004e7c                _sidata = LOADADDR (.data)

.data           0x0000000020000000        0xc load address 0x0000000008004e7c
                0x0000000020000000                . = ALIGN (0x4)
                0x0000000020000000                _sdata = .
 *(.data)
 *(.data*)
 .data.uwTickFreq
                0x0000000020000000        0x1 Drivers/STM32F7xx_HAL_Driver/stm32f7xx_hal.o
                0x0000000020000000                uwTickFreq
 *fill*         0x0000000020000001        0x3 
 .data.uxCriticalNesting
                0x0000000020000004        0x4 Middlewares/FreeRTOS/port.o
 .data.SystemCoreClock
                0x0000000020000008        0x4 Src/system_stm32f7xx.o
                0x0000000020000008                SystemCoreClock
                0x000000002000000c                . = ALIGN (0x4)
                0x000000002000000c                _edata = .

.igot.plt       0x000000002000000c        0x0 load address 0x0000000008004e88
 .igot.plt      0x000000002000000c        0x0 c:/st/stm32cubeide_1.0.2/stm32cubeide/plugins/com.st.stm32cube.ide.mcu.externaltools.gnu-tools-for-stm32.7-2018-q2-update.win32_1.0.0.201904181610/tools/bin/../lib/gcc/arm-none-eabi/7.3.1/thumb/v7e-m/fpv4-sp/hard/crtbegin.o
                0x000000002000000c                . = ALIGN (0x4)

.bss            0x000000002000000c     0x3f3c load address 0x0000000008004e88
                0x000000002000000c                _sbss = .
                0x000000002000000c                __bss_start__ = _sbss
 *(.bss)
 .bss           0x000000002000000c       0x1c c:/st/stm32cubeide_1.0.2/stm32cubeide/plugins/com.st.stm32cube.ide.mcu.externaltools.gnu-tools-for-stm32.7-2018-q2-update.win32_1.0.0.201904181610/tools/bin/../lib/gcc/arm-none-eabi/7.3.1/thumb/v7e-m/fpv4-sp/hard/crtbegin.o
 *(.bss*)
 .bss.ucHeap    0x0000000020000028     0x3c00 Middlewares/FreeRTOS/heap_4.o
 .bss.xStart    0x0000000020003c28        0x8 Middlewares/FreeRTOS/heap_4.o
 .bss.pxEnd     0x0000000020003c30        0x4 Middlewares/FreeRTOS/heap_4.o
 .bss.xFreeBytesRemaining
                0x0000000020003c34        0x4 Middlewares/FreeRTOS/heap_4.o
 .bss.xMinimumEverFreeBytesRemaining
                0x0000000020003c38        0x4 Middlewares/FreeRTOS/heap_4.o
 .bss.xBlockAllocatedBit
                0x0000000020003c3c        0x4 Middlewares/FreeRTOS/heap_4.o
 .bss.ucMaxSysCallPriority
                0x0000000020003c40        0x1 Middlewares/FreeRTOS/port.o
 *fill*         0x0000000020003c41        0x3 
 .bss.ulMaxPRIGROUPValue
                0x0000000020003c44        0x4 Middlewares/FreeRTOS/port.o
 .bss.pxCurrentTCB
                0x0000000020003c48        0x4 Middlewares/FreeRTOS/tasks.o
                0x0000000020003c48                pxCurrentTCB
 .bss.pxReadyTasksLists
                0x0000000020003c4c       0x8c Middlewares/FreeRTOS/tasks.o
 .bss.xDelayedTaskList1
                0x0000000020003cd8       0x14 Middlewares/FreeRTOS/tasks.o
 .bss.xDelayedTaskList2
                0x0000000020003cec       0x14 Middlewares/FreeRTOS/tasks.o
 .bss.pxDelayedTaskList
                0x0000000020003d00        0x4 Middlewares/FreeRTOS/tasks.o
 .bss.pxOverflowDelayedTaskList
                0x0000000020003d04        0x4 Middlewares/FreeRTOS/tasks.o
 .bss.xPendingReadyList
                0x0000000020003d08       0x14 Middlewares/FreeRTOS/tasks.o
 .bss.xTasksWaitingTermination
                0x0000000020003d1c       0x14 Middlewares/FreeRTOS/tasks.o
 .bss.uxDeletedTasksWaitingCleanUp
                0x0000000020003d30        0x4 Middlewares/FreeRTOS/tasks.o
 .bss.xSuspendedTaskList
                0x0000000020003d34       0x14 Middlewares/FreeRTOS/tasks.o
 .bss.uxCurrentNumberOfTasks
                0x0000000020003d48        0x4 Middlewares/FreeRTOS/tasks.o
 .bss.xTickCount
                0x0000000020003d4c        0x4 Middlewares/FreeRTOS/tasks.o
 .bss.uxTopReadyPriority
                0x0000000020003d50        0x4 Middlewares/FreeRTOS/tasks.o
 .bss.xSchedulerRunning
                0x0000000020003d54        0x4 Middlewares/FreeRTOS/tasks.o
 .bss.uxPendedTicks
                0x0000000020003d58        0x4 Middlewares/FreeRTOS/tasks.o
 .bss.xYieldPending
                0x0000000020003d5c        0x4 Middlewares/FreeRTOS/tasks.o
 .bss.xNumOfOverflows
                0x0000000020003d60        0x4 Middlewares/FreeRTOS/tasks.o
 .bss.uxTaskNumber
                0x0000000020003d64        0x4 Middlewares/FreeRTOS/tasks.o
 .bss.xNextTaskUnblockTime
                0x0000000020003d68        0x4 Middlewares/FreeRTOS/tasks.o
 .bss.xIdleTaskHandle
                0x0000000020003d6c        0x4 Middlewares/FreeRTOS/tasks.o
 .bss.uxSchedulerSuspended
                0x0000000020003d70        0x4 Middlewares/FreeRTOS/tasks.o
 .bss.counter   0x0000000020003d74        0x4 Src/main.o
                0x0000000020003d74                counter
 *(COMMON)
 COMMON         0x0000000020003d78        0x4 Drivers/STM32F7xx_HAL_Driver/stm32f7xx_hal.o
                0x0000000020003d78                uwTick
 COMMON         0x0000000020003d7c      0x18c Src/main.o
                0x0000000020003d7c                PrinterHandle
                0x0000000020003d80                defaultTaskHandle
                0x0000000020003d84                character
                0x0000000020003d88                text
                0x0000000020003e88                huart1
 COMMON         0x0000000020003f08       0x40 Src/stm32f7xx_hal_timebase_tim.o
                0x0000000020003f08                htim14
                0x0000000020003f48                . = ALIGN (0x4)
                0x0000000020003f48                _ebss = .
                0x0000000020003f48                __bss_end__ = _ebss

._user_heap_stack
                0x0000000020003f48      0x600 load address 0x0000000008004e88
                0x0000000020003f48                . = ALIGN (0x8)
                0x0000000020003f48                PROVIDE (end = .)
                [!provide]                        PROVIDE (_end = .)
                0x0000000020004148                . = (. + _Min_Heap_Size)
 *fill*         0x0000000020003f48      0x200 
                0x0000000020004548                . = (. + _Min_Stack_Size)
 *fill*         0x0000000020004148      0x400 
                0x0000000020004548                . = ALIGN (0x8)

/DISCARD/
 libc.a(*)
 libm.a(*)
 libgcc.a(*)

.ARM.attributes
                0x0000000000000000       0x30
 *(.ARM.attributes)
 .ARM.attributes
                0x0000000000000000       0x22 c:/st/stm32cubeide_1.0.2/stm32cubeide/plugins/com.st.stm32cube.ide.mcu.externaltools.gnu-tools-for-stm32.7-2018-q2-update.win32_1.0.0.201904181610/tools/bin/../lib/gcc/arm-none-eabi/7.3.1/thumb/v7e-m/fpv4-sp/hard/crti.o
 .ARM.attributes
                0x0000000000000022       0x34 c:/st/stm32cubeide_1.0.2/stm32cubeide/plugins/com.st.stm32cube.ide.mcu.externaltools.gnu-tools-for-stm32.7-2018-q2-update.win32_1.0.0.201904181610/tools/bin/../lib/gcc/arm-none-eabi/7.3.1/thumb/v7e-m/fpv4-sp/hard/crtbegin.o
 .ARM.attributes
                0x0000000000000056       0x39 Drivers/STM32F7xx_HAL_Driver/stm32f7xx_hal.o
 .ARM.attributes
                0x000000000000008f       0x39 Drivers/STM32F7xx_HAL_Driver/stm32f7xx_hal_cortex.o
 .ARM.attributes
                0x00000000000000c8       0x39 Drivers/STM32F7xx_HAL_Driver/stm32f7xx_hal_dma.o
 .ARM.attributes
                0x0000000000000101       0x39 Drivers/STM32F7xx_HAL_Driver/stm32f7xx_hal_gpio.o
 .ARM.attributes
                0x000000000000013a       0x39 Drivers/STM32F7xx_HAL_Driver/stm32f7xx_hal_rcc.o
 .ARM.attributes
                0x0000000000000173       0x39 Drivers/STM32F7xx_HAL_Driver/stm32f7xx_hal_rcc_ex.o
 .ARM.attributes
                0x00000000000001ac       0x39 Drivers/STM32F7xx_HAL_Driver/stm32f7xx_hal_tim.o
 .ARM.attributes
                0x00000000000001e5       0x39 Drivers/STM32F7xx_HAL_Driver/stm32f7xx_hal_tim_ex.o
 .ARM.attributes
                0x000000000000021e       0x39 Drivers/STM32F7xx_HAL_Driver/stm32f7xx_hal_uart.o
 .ARM.attributes
                0x0000000000000257       0x39 Middlewares/FreeRTOS/cmsis_os.o
 .ARM.attributes
                0x0000000000000290       0x39 Middlewares/FreeRTOS/heap_4.o
 .ARM.attributes
                0x00000000000002c9       0x39 Middlewares/FreeRTOS/list.o
 .ARM.attributes
                0x0000000000000302       0x39 Middlewares/FreeRTOS/port.o
 .ARM.attributes
                0x000000000000033b       0x39 Middlewares/FreeRTOS/tasks.o
 .ARM.attributes
                0x0000000000000374       0x39 Src/main.o
 .ARM.attributes
                0x00000000000003ad       0x39 Src/stm32f7xx_hal_msp.o
 .ARM.attributes
                0x00000000000003e6       0x39 Src/stm32f7xx_hal_timebase_tim.o
 .ARM.attributes
                0x000000000000041f       0x39 Src/stm32f7xx_it.o
 .ARM.attributes
                0x0000000000000458       0x39 Src/system_stm32f7xx.o
 .ARM.attributes
                0x0000000000000491       0x21 Startup/startup_stm32f746nghx.o
 .ARM.attributes
                0x00000000000004b2       0x34 c:/st/stm32cubeide_1.0.2/stm32cubeide/plugins/com.st.stm32cube.ide.mcu.externaltools.gnu-tools-for-stm32.7-2018-q2-update.win32_1.0.0.201904181610/tools/bin/../lib/gcc/arm-none-eabi/7.3.1/../../../../arm-none-eabi/lib/thumb/v7e-m/fpv4-sp/hard\libc_nano.a(lib_a-init.o)
 .ARM.attributes
                0x00000000000004e6       0x34 c:/st/stm32cubeide_1.0.2/stm32cubeide/plugins/com.st.stm32cube.ide.mcu.externaltools.gnu-tools-for-stm32.7-2018-q2-update.win32_1.0.0.201904181610/tools/bin/../lib/gcc/arm-none-eabi/7.3.1/../../../../arm-none-eabi/lib/thumb/v7e-m/fpv4-sp/hard\libc_nano.a(lib_a-memset.o)
 .ARM.attributes
                0x000000000000051a       0x22 c:/st/stm32cubeide_1.0.2/stm32cubeide/plugins/com.st.stm32cube.ide.mcu.externaltools.gnu-tools-for-stm32.7-2018-q2-update.win32_1.0.0.201904181610/tools/bin/../lib/gcc/arm-none-eabi/7.3.1/thumb/v7e-m/fpv4-sp/hard\libgcc.a(_aeabi_uldivmod.o)
 .ARM.attributes
                0x000000000000053c       0x34 c:/st/stm32cubeide_1.0.2/stm32cubeide/plugins/com.st.stm32cube.ide.mcu.externaltools.gnu-tools-for-stm32.7-2018-q2-update.win32_1.0.0.201904181610/tools/bin/../lib/gcc/arm-none-eabi/7.3.1/thumb/v7e-m/fpv4-sp/hard\libgcc.a(_udivmoddi4.o)
 .ARM.attributes
                0x0000000000000570       0x22 c:/st/stm32cubeide_1.0.2/stm32cubeide/plugins/com.st.stm32cube.ide.mcu.externaltools.gnu-tools-for-stm32.7-2018-q2-update.win32_1.0.0.201904181610/tools/bin/../lib/gcc/arm-none-eabi/7.3.1/thumb/v7e-m/fpv4-sp/hard\libgcc.a(_dvmd_tls.o)
 .ARM.attributes
                0x0000000000000592       0x22 c:/st/stm32cubeide_1.0.2/stm32cubeide/plugins/com.st.stm32cube.ide.mcu.externaltools.gnu-tools-for-stm32.7-2018-q2-update.win32_1.0.0.201904181610/tools/bin/../lib/gcc/arm-none-eabi/7.3.1/thumb/v7e-m/fpv4-sp/hard/crtn.o
OUTPUT(Printing_with_signals.elf elf32-littlearm)

.debug_info     0x0000000000000000    0x11e1c
 .debug_info    0x0000000000000000      0x9c4 Drivers/STM32F7xx_HAL_Driver/stm32f7xx_hal.o
 .debug_info    0x00000000000009c4     0x104a Drivers/STM32F7xx_HAL_Driver/stm32f7xx_hal_cortex.o
 .debug_info    0x0000000000001a0e      0x968 Drivers/STM32F7xx_HAL_Driver/stm32f7xx_hal_dma.o
 .debug_info    0x0000000000002376      0x7dc Drivers/STM32F7xx_HAL_Driver/stm32f7xx_hal_gpio.o
 .debug_info    0x0000000000002b52      0x926 Drivers/STM32F7xx_HAL_Driver/stm32f7xx_hal_rcc.o
 .debug_info    0x0000000000003478      0x7ad Drivers/STM32F7xx_HAL_Driver/stm32f7xx_hal_rcc_ex.o
 .debug_info    0x0000000000003c25     0x25a0 Drivers/STM32F7xx_HAL_Driver/stm32f7xx_hal_tim.o
 .debug_info    0x00000000000061c5     0x121c Drivers/STM32F7xx_HAL_Driver/stm32f7xx_hal_tim_ex.o
 .debug_info    0x00000000000073e1     0x1639 Drivers/STM32F7xx_HAL_Driver/stm32f7xx_hal_uart.o
 .debug_info    0x0000000000008a1a     0x1af0 Middlewares/FreeRTOS/cmsis_os.o
 .debug_info    0x000000000000a50a      0xbea Middlewares/FreeRTOS/heap_4.o
 .debug_info    0x000000000000b0f4      0xac5 Middlewares/FreeRTOS/list.o
 .debug_info    0x000000000000bbb9      0x4e4 Middlewares/FreeRTOS/port.o
 .debug_info    0x000000000000c09d     0x218d Middlewares/FreeRTOS/tasks.o
 .debug_info    0x000000000000e22a     0x11dc Src/main.o
 .debug_info    0x000000000000f406      0xcdf Src/stm32f7xx_hal_msp.o
 .debug_info    0x00000000000100e5      0xbe7 Src/stm32f7xx_hal_timebase_tim.o
 .debug_info    0x0000000000010ccc      0x9f1 Src/stm32f7xx_it.o
 .debug_info    0x00000000000116bd      0x73d Src/system_stm32f7xx.o
 .debug_info    0x0000000000011dfa       0x22 Startup/startup_stm32f746nghx.o

.debug_abbrev   0x0000000000000000     0x2829
 .debug_abbrev  0x0000000000000000      0x1c7 Drivers/STM32F7xx_HAL_Driver/stm32f7xx_hal.o
 .debug_abbrev  0x00000000000001c7      0x2fa Drivers/STM32F7xx_HAL_Driver/stm32f7xx_hal_cortex.o
 .debug_abbrev  0x00000000000004c1      0x229 Drivers/STM32F7xx_HAL_Driver/stm32f7xx_hal_dma.o
 .debug_abbrev  0x00000000000006ea      0x1c9 Drivers/STM32F7xx_HAL_Driver/stm32f7xx_hal_gpio.o
 .debug_abbrev  0x00000000000008b3      0x21a Drivers/STM32F7xx_HAL_Driver/stm32f7xx_hal_rcc.o
 .debug_abbrev  0x0000000000000acd      0x1ad Drivers/STM32F7xx_HAL_Driver/stm32f7xx_hal_rcc_ex.o
 .debug_abbrev  0x0000000000000c7a      0x230 Drivers/STM32F7xx_HAL_Driver/stm32f7xx_hal_tim.o
 .debug_abbrev  0x0000000000000eaa      0x21e Drivers/STM32F7xx_HAL_Driver/stm32f7xx_hal_tim_ex.o
 .debug_abbrev  0x00000000000010c8      0x205 Drivers/STM32F7xx_HAL_Driver/stm32f7xx_hal_uart.o
 .debug_abbrev  0x00000000000012cd      0x38a Middlewares/FreeRTOS/cmsis_os.o
 .debug_abbrev  0x0000000000001657      0x29e Middlewares/FreeRTOS/heap_4.o
 .debug_abbrev  0x00000000000018f5      0x1cf Middlewares/FreeRTOS/list.o
 .debug_abbrev  0x0000000000001ac4      0x21b Middlewares/FreeRTOS/port.o
 .debug_abbrev  0x0000000000001cdf      0x338 Middlewares/FreeRTOS/tasks.o
 .debug_abbrev  0x0000000000002017      0x22d Src/main.o
 .debug_abbrev  0x0000000000002244      0x195 Src/stm32f7xx_hal_msp.o
 .debug_abbrev  0x00000000000023d9      0x19d Src/stm32f7xx_hal_timebase_tim.o
 .debug_abbrev  0x0000000000002576      0x15a Src/stm32f7xx_it.o
 .debug_abbrev  0x00000000000026d0      0x147 Src/system_stm32f7xx.o
 .debug_abbrev  0x0000000000002817       0x12 Startup/startup_stm32f746nghx.o

.debug_aranges  0x0000000000000000     0x10d8
 .debug_aranges
                0x0000000000000000      0x100 Drivers/STM32F7xx_HAL_Driver/stm32f7xx_hal.o
 .debug_aranges
                0x0000000000000100      0x118 Drivers/STM32F7xx_HAL_Driver/stm32f7xx_hal_cortex.o
 .debug_aranges
                0x0000000000000218       0x90 Drivers/STM32F7xx_HAL_Driver/stm32f7xx_hal_dma.o
 .debug_aranges
                0x00000000000002a8       0x58 Drivers/STM32F7xx_HAL_Driver/stm32f7xx_hal_gpio.o
 .debug_aranges
                0x0000000000000300       0x88 Drivers/STM32F7xx_HAL_Driver/stm32f7xx_hal_rcc.o
 .debug_aranges
                0x0000000000000388       0x50 Drivers/STM32F7xx_HAL_Driver/stm32f7xx_hal_rcc_ex.o
 .debug_aranges
                0x00000000000003d8      0x3b8 Drivers/STM32F7xx_HAL_Driver/stm32f7xx_hal_tim.o
 .debug_aranges
                0x0000000000000790      0x160 Drivers/STM32F7xx_HAL_Driver/stm32f7xx_hal_tim_ex.o
 .debug_aranges
                0x00000000000008f0      0x1f8 Drivers/STM32F7xx_HAL_Driver/stm32f7xx_hal_uart.o
 .debug_aranges
                0x0000000000000ae8      0x1d8 Middlewares/FreeRTOS/cmsis_os.o
 .debug_aranges
                0x0000000000000cc0       0x50 Middlewares/FreeRTOS/heap_4.o
 .debug_aranges
                0x0000000000000d10       0x40 Middlewares/FreeRTOS/list.o
 .debug_aranges
                0x0000000000000d50       0x80 Middlewares/FreeRTOS/port.o
 .debug_aranges
                0x0000000000000dd0      0x1a0 Middlewares/FreeRTOS/tasks.o
 .debug_aranges
                0x0000000000000f70       0x60 Src/main.o
 .debug_aranges
                0x0000000000000fd0       0x30 Src/stm32f7xx_hal_msp.o
 .debug_aranges
                0x0000000000001000       0x30 Src/stm32f7xx_hal_timebase_tim.o
 .debug_aranges
                0x0000000000001030       0x58 Src/stm32f7xx_it.o
 .debug_aranges
                0x0000000000001088       0x28 Src/system_stm32f7xx.o
 .debug_aranges
                0x00000000000010b0       0x28 Startup/startup_stm32f746nghx.o

.debug_ranges   0x0000000000000000      0xfa0
 .debug_ranges  0x0000000000000000       0xf0 Drivers/STM32F7xx_HAL_Driver/stm32f7xx_hal.o
 .debug_ranges  0x00000000000000f0      0x108 Drivers/STM32F7xx_HAL_Driver/stm32f7xx_hal_cortex.o
 .debug_ranges  0x00000000000001f8       0x80 Drivers/STM32F7xx_HAL_Driver/stm32f7xx_hal_dma.o
 .debug_ranges  0x0000000000000278       0x48 Drivers/STM32F7xx_HAL_Driver/stm32f7xx_hal_gpio.o
 .debug_ranges  0x00000000000002c0       0x78 Drivers/STM32F7xx_HAL_Driver/stm32f7xx_hal_rcc.o
 .debug_ranges  0x0000000000000338       0x40 Drivers/STM32F7xx_HAL_Driver/stm32f7xx_hal_rcc_ex.o
 .debug_ranges  0x0000000000000378      0x3a8 Drivers/STM32F7xx_HAL_Driver/stm32f7xx_hal_tim.o
 .debug_ranges  0x0000000000000720      0x150 Drivers/STM32F7xx_HAL_Driver/stm32f7xx_hal_tim_ex.o
 .debug_ranges  0x0000000000000870      0x1e8 Drivers/STM32F7xx_HAL_Driver/stm32f7xx_hal_uart.o
 .debug_ranges  0x0000000000000a58      0x1c8 Middlewares/FreeRTOS/cmsis_os.o
 .debug_ranges  0x0000000000000c20       0x40 Middlewares/FreeRTOS/heap_4.o
 .debug_ranges  0x0000000000000c60       0x30 Middlewares/FreeRTOS/list.o
 .debug_ranges  0x0000000000000c90       0x70 Middlewares/FreeRTOS/port.o
 .debug_ranges  0x0000000000000d00      0x190 Middlewares/FreeRTOS/tasks.o
 .debug_ranges  0x0000000000000e90       0x50 Src/main.o
 .debug_ranges  0x0000000000000ee0       0x20 Src/stm32f7xx_hal_msp.o
 .debug_ranges  0x0000000000000f00       0x20 Src/stm32f7xx_hal_timebase_tim.o
 .debug_ranges  0x0000000000000f20       0x48 Src/stm32f7xx_it.o
 .debug_ranges  0x0000000000000f68       0x18 Src/system_stm32f7xx.o
 .debug_ranges  0x0000000000000f80       0x20 Startup/startup_stm32f746nghx.o

.debug_macro    0x0000000000000000    0x2638a
 .debug_macro   0x0000000000000000      0x207 Drivers/STM32F7xx_HAL_Driver/stm32f7xx_hal.o
 .debug_macro   0x0000000000000207      0xa5a Drivers/STM32F7xx_HAL_Driver/stm32f7xx_hal.o
 .debug_macro   0x0000000000000c61      0x189 Drivers/STM32F7xx_HAL_Driver/stm32f7xx_hal.o
 .debug_macro   0x0000000000000dea       0x2e Drivers/STM32F7xx_HAL_Driver/stm32f7xx_hal.o
 .debug_macro   0x0000000000000e18       0x3b Drivers/STM32F7xx_HAL_Driver/stm32f7xx_hal.o
 .debug_macro   0x0000000000000e53       0x22 Drivers/STM32F7xx_HAL_Driver/stm32f7xx_hal.o
 .debug_macro   0x0000000000000e75       0x8e Drivers/STM32F7xx_HAL_Driver/stm32f7xx_hal.o
 .debug_macro   0x0000000000000f03       0x51 Drivers/STM32F7xx_HAL_Driver/stm32f7xx_hal.o
 .debug_macro   0x0000000000000f54       0xef Drivers/STM32F7xx_HAL_Driver/stm32f7xx_hal.o
 .debug_macro   0x0000000000001043       0x6a Drivers/STM32F7xx_HAL_Driver/stm32f7xx_hal.o
 .debug_macro   0x00000000000010ad      0x1df Drivers/STM32F7xx_HAL_Driver/stm32f7xx_hal.o
 .debug_macro   0x000000000000128c       0x1c Drivers/STM32F7xx_HAL_Driver/stm32f7xx_hal.o
 .debug_macro   0x00000000000012a8       0x22 Drivers/STM32F7xx_HAL_Driver/stm32f7xx_hal.o
 .debug_macro   0x00000000000012ca       0xdf Drivers/STM32F7xx_HAL_Driver/stm32f7xx_hal.o
 .debug_macro   0x00000000000013a9     0x12cd Drivers/STM32F7xx_HAL_Driver/stm32f7xx_hal.o
 .debug_macro   0x0000000000002676      0x11f Drivers/STM32F7xx_HAL_Driver/stm32f7xx_hal.o
 .debug_macro   0x0000000000002795       0x19 Drivers/STM32F7xx_HAL_Driver/stm32f7xx_hal.o
 .debug_macro   0x00000000000027ae    0x1882d Drivers/STM32F7xx_HAL_Driver/stm32f7xx_hal.o
 .debug_macro   0x000000000001afdb       0x43 Drivers/STM32F7xx_HAL_Driver/stm32f7xx_hal.o
 .debug_macro   0x000000000001b01e     0x363d Drivers/STM32F7xx_HAL_Driver/stm32f7xx_hal.o
 .debug_macro   0x000000000001e65b      0x174 Drivers/STM32F7xx_HAL_Driver/stm32f7xx_hal.o
 .debug_macro   0x000000000001e7cf       0x61 Drivers/STM32F7xx_HAL_Driver/stm32f7xx_hal.o
 .debug_macro   0x000000000001e830     0x18ad Drivers/STM32F7xx_HAL_Driver/stm32f7xx_hal.o
 .debug_macro   0x00000000000200dd      0x6c4 Drivers/STM32F7xx_HAL_Driver/stm32f7xx_hal.o
 .debug_macro   0x00000000000207a1      0x103 Drivers/STM32F7xx_HAL_Driver/stm32f7xx_hal.o
 .debug_macro   0x00000000000208a4      0x117 Drivers/STM32F7xx_HAL_Driver/stm32f7xx_hal.o
 .debug_macro   0x00000000000209bb      0x1fe Drivers/STM32F7xx_HAL_Driver/stm32f7xx_hal.o
 .debug_macro   0x0000000000020bb9       0x27 Drivers/STM32F7xx_HAL_Driver/stm32f7xx_hal.o
 .debug_macro   0x0000000000020be0      0x24f Drivers/STM32F7xx_HAL_Driver/stm32f7xx_hal.o
 .debug_macro   0x0000000000020e2f       0x41 Drivers/STM32F7xx_HAL_Driver/stm32f7xx_hal.o
 .debug_macro   0x0000000000020e70       0x58 Drivers/STM32F7xx_HAL_Driver/stm32f7xx_hal.o
 .debug_macro   0x0000000000020ec8      0x236 Drivers/STM32F7xx_HAL_Driver/stm32f7xx_hal.o
 .debug_macro   0x00000000000210fe      0x14f Drivers/STM32F7xx_HAL_Driver/stm32f7xx_hal.o
 .debug_macro   0x000000000002124d      0x25b Drivers/STM32F7xx_HAL_Driver/stm32f7xx_hal.o
 .debug_macro   0x00000000000214a8       0x12 Drivers/STM32F7xx_HAL_Driver/stm32f7xx_hal.o
 .debug_macro   0x00000000000214ba      0x22c Drivers/STM32F7xx_HAL_Driver/stm32f7xx_hal.o
 .debug_macro   0x00000000000216e6       0x5a Drivers/STM32F7xx_HAL_Driver/stm32f7xx_hal.o
 .debug_macro   0x0000000000021740       0xa5 Drivers/STM32F7xx_HAL_Driver/stm32f7xx_hal.o
 .debug_macro   0x00000000000217e5      0x12f Drivers/STM32F7xx_HAL_Driver/stm32f7xx_hal.o
 .debug_macro   0x0000000000021914      0x108 Drivers/STM32F7xx_HAL_Driver/stm32f7xx_hal.o
 .debug_macro   0x0000000000021a1c       0x35 Drivers/STM32F7xx_HAL_Driver/stm32f7xx_hal.o
 .debug_macro   0x0000000000021a51      0x9e2 Drivers/STM32F7xx_HAL_Driver/stm32f7xx_hal.o
 .debug_macro   0x0000000000022433       0x59 Drivers/STM32F7xx_HAL_Driver/stm32f7xx_hal.o
 .debug_macro   0x000000000002248c      0x519 Drivers/STM32F7xx_HAL_Driver/stm32f7xx_hal.o
 .debug_macro   0x00000000000229a5       0x44 Drivers/STM32F7xx_HAL_Driver/stm32f7xx_hal.o
 .debug_macro   0x00000000000229e9      0x14e Drivers/STM32F7xx_HAL_Driver/stm32f7xx_hal.o
 .debug_macro   0x0000000000022b37      0x1e3 Drivers/STM32F7xx_HAL_Driver/stm32f7xx_hal_cortex.o
 .debug_macro   0x0000000000022d1a      0x1e9 Drivers/STM32F7xx_HAL_Driver/stm32f7xx_hal_dma.o
 .debug_macro   0x0000000000022f03      0x219 Drivers/STM32F7xx_HAL_Driver/stm32f7xx_hal_gpio.o
 .debug_macro   0x000000000002311c      0x207 Drivers/STM32F7xx_HAL_Driver/stm32f7xx_hal_rcc.o
 .debug_macro   0x0000000000023323      0x1e3 Drivers/STM32F7xx_HAL_Driver/stm32f7xx_hal_rcc_ex.o
 .debug_macro   0x0000000000023506      0x1e4 Drivers/STM32F7xx_HAL_Driver/stm32f7xx_hal_tim.o
 .debug_macro   0x00000000000236ea      0x1e3 Drivers/STM32F7xx_HAL_Driver/stm32f7xx_hal_tim_ex.o
 .debug_macro   0x00000000000238cd      0x200 Drivers/STM32F7xx_HAL_Driver/stm32f7xx_hal_uart.o
 .debug_macro   0x0000000000023acd      0x1f1 Middlewares/FreeRTOS/cmsis_os.o
 .debug_macro   0x0000000000023cbe       0x40 Middlewares/FreeRTOS/cmsis_os.o
 .debug_macro   0x0000000000023cfe       0x18 Middlewares/FreeRTOS/cmsis_os.o
 .debug_macro   0x0000000000023d16       0x94 Middlewares/FreeRTOS/cmsis_os.o
 .debug_macro   0x0000000000023daa       0x3c Middlewares/FreeRTOS/cmsis_os.o
 .debug_macro   0x0000000000023de6       0x34 Middlewares/FreeRTOS/cmsis_os.o
 .debug_macro   0x0000000000023e1a       0x57 Middlewares/FreeRTOS/cmsis_os.o
 .debug_macro   0x0000000000023e71       0x52 Middlewares/FreeRTOS/cmsis_os.o
 .debug_macro   0x0000000000023ec3       0x1f Middlewares/FreeRTOS/cmsis_os.o
 .debug_macro   0x0000000000023ee2       0x43 Middlewares/FreeRTOS/cmsis_os.o
 .debug_macro   0x0000000000023f25       0x20 Middlewares/FreeRTOS/cmsis_os.o
 .debug_macro   0x0000000000023f45      0x1a3 Middlewares/FreeRTOS/cmsis_os.o
 .debug_macro   0x00000000000240e8      0x330 Middlewares/FreeRTOS/cmsis_os.o
 .debug_macro   0x0000000000024418       0x10 Middlewares/FreeRTOS/cmsis_os.o
 .debug_macro   0x0000000000024428       0x35 Middlewares/FreeRTOS/cmsis_os.o
 .debug_macro   0x000000000002445d       0x20 Middlewares/FreeRTOS/cmsis_os.o
 .debug_macro   0x000000000002447d       0xd6 Middlewares/FreeRTOS/cmsis_os.o
 .debug_macro   0x0000000000024553      0x15a Middlewares/FreeRTOS/cmsis_os.o
 .debug_macro   0x00000000000246ad       0xd7 Middlewares/FreeRTOS/cmsis_os.o
 .debug_macro   0x0000000000024784       0x10 Middlewares/FreeRTOS/cmsis_os.o
 .debug_macro   0x0000000000024794       0x1f Middlewares/FreeRTOS/cmsis_os.o
 .debug_macro   0x00000000000247b3      0x4b7 Middlewares/FreeRTOS/cmsis_os.o
 .debug_macro   0x0000000000024c6a       0xb5 Middlewares/FreeRTOS/cmsis_os.o
 .debug_macro   0x0000000000024d1f       0x8c Middlewares/FreeRTOS/cmsis_os.o
 .debug_macro   0x0000000000024dab       0x91 Middlewares/FreeRTOS/cmsis_os.o
 .debug_macro   0x0000000000024e3c       0x86 Middlewares/FreeRTOS/cmsis_os.o
 .debug_macro   0x0000000000024ec2       0x69 Middlewares/FreeRTOS/cmsis_os.o
 .debug_macro   0x0000000000024f2b       0x19 Middlewares/FreeRTOS/cmsis_os.o
 .debug_macro   0x0000000000024f44       0xcf Middlewares/FreeRTOS/cmsis_os.o
 .debug_macro   0x0000000000025013       0xc7 Middlewares/FreeRTOS/cmsis_os.o
 .debug_macro   0x00000000000250da      0x1a1 Middlewares/FreeRTOS/heap_4.o
 .debug_macro   0x000000000002527b      0x17a Middlewares/FreeRTOS/list.o
 .debug_macro   0x00000000000253f5      0x184 Middlewares/FreeRTOS/port.o
 .debug_macro   0x0000000000025579      0x273 Middlewares/FreeRTOS/tasks.o
 .debug_macro   0x00000000000257ec       0x10 Middlewares/FreeRTOS/tasks.o
 .debug_macro   0x00000000000257fc      0x2a0 Src/main.o
 .debug_macro   0x0000000000025a9c       0xd6 Src/main.o
 .debug_macro   0x0000000000025b72      0x1ed Src/stm32f7xx_hal_msp.o
 .debug_macro   0x0000000000025d5f      0x1e3 Src/stm32f7xx_hal_timebase_tim.o
 .debug_macro   0x0000000000025f42      0x25f Src/stm32f7xx_it.o
 .debug_macro   0x00000000000261a1      0x1e9 Src/system_stm32f7xx.o

.debug_line     0x0000000000000000     0xdd7c
 .debug_line    0x0000000000000000      0xa24 Drivers/STM32F7xx_HAL_Driver/stm32f7xx_hal.o
 .debug_line    0x0000000000000a24      0xb28 Drivers/STM32F7xx_HAL_Driver/stm32f7xx_hal_cortex.o
 .debug_line    0x000000000000154c      0xad3 Drivers/STM32F7xx_HAL_Driver/stm32f7xx_hal_dma.o
 .debug_line    0x000000000000201f      0xa0c Drivers/STM32F7xx_HAL_Driver/stm32f7xx_hal_gpio.o
 .debug_line    0x0000000000002a2b      0xa88 Drivers/STM32F7xx_HAL_Driver/stm32f7xx_hal_rcc.o
 .debug_line    0x00000000000034b3      0xa0f Drivers/STM32F7xx_HAL_Driver/stm32f7xx_hal_rcc_ex.o
 .debug_line    0x0000000000003ec2     0x1b2c Drivers/STM32F7xx_HAL_Driver/stm32f7xx_hal_tim.o
 .debug_line    0x00000000000059ee      0xe89 Drivers/STM32F7xx_HAL_Driver/stm32f7xx_hal_tim_ex.o
 .debug_line    0x0000000000006877     0x130a Drivers/STM32F7xx_HAL_Driver/stm32f7xx_hal_uart.o
 .debug_line    0x0000000000007b81      0xd87 Middlewares/FreeRTOS/cmsis_os.o
 .debug_line    0x0000000000008908      0x7f9 Middlewares/FreeRTOS/heap_4.o
 .debug_line    0x0000000000009101      0x713 Middlewares/FreeRTOS/list.o
 .debug_line    0x0000000000009814      0x6e8 Middlewares/FreeRTOS/port.o
 .debug_line    0x0000000000009efc     0x1198 Middlewares/FreeRTOS/tasks.o
 .debug_line    0x000000000000b094      0xac6 Src/main.o
 .debug_line    0x000000000000bb5a      0x7fd Src/stm32f7xx_hal_msp.o
 .debug_line    0x000000000000c357      0x7f6 Src/stm32f7xx_hal_timebase_tim.o
 .debug_line    0x000000000000cb4d      0x9cd Src/stm32f7xx_it.o
 .debug_line    0x000000000000d51a      0x7e1 Src/system_stm32f7xx.o
 .debug_line    0x000000000000dcfb       0x81 Startup/startup_stm32f746nghx.o

.debug_str      0x0000000000000000    0xf0656
 .debug_str     0x0000000000000000    0xe2249 Drivers/STM32F7xx_HAL_Driver/stm32f7xx_hal.o
                                      0xe2a13 (size before relaxing)
 .debug_str     0x00000000000e2249      0x4d4 Drivers/STM32F7xx_HAL_Driver/stm32f7xx_hal_cortex.o
                                      0xe2ac7 (size before relaxing)
 .debug_str     0x00000000000e271d      0x579 Drivers/STM32F7xx_HAL_Driver/stm32f7xx_hal_dma.o
                                      0xe24a8 (size before relaxing)
 .debug_str     0x00000000000e2c96      0x302 Drivers/STM32F7xx_HAL_Driver/stm32f7xx_hal_gpio.o
                                      0xe2344 (size before relaxing)
 .debug_str     0x00000000000e2f98      0x3e5 Drivers/STM32F7xx_HAL_Driver/stm32f7xx_hal_rcc.o
                                      0xe247e (size before relaxing)
 .debug_str     0x00000000000e337d      0x3d2 Drivers/STM32F7xx_HAL_Driver/stm32f7xx_hal_rcc_ex.o
                                      0xe2413 (size before relaxing)
 .debug_str     0x00000000000e374f      0xfab Drivers/STM32F7xx_HAL_Driver/stm32f7xx_hal_tim.o
                                      0xe31fa (size before relaxing)
 .debug_str     0x00000000000e46fa      0x59b Drivers/STM32F7xx_HAL_Driver/stm32f7xx_hal_tim_ex.o
                                      0xe2a4d (size before relaxing)
 .debug_str     0x00000000000e4c95      0x9a8 Drivers/STM32F7xx_HAL_Driver/stm32f7xx_hal_uart.o
                                      0xe2c5c (size before relaxing)
 .debug_str     0x00000000000e563d     0x8de5 Middlewares/FreeRTOS/cmsis_os.o
                                       0xd6a2 (size before relaxing)
 .debug_str     0x00000000000ee422      0x3e4 Middlewares/FreeRTOS/heap_4.o
                                       0xac4e (size before relaxing)
 .debug_str     0x00000000000ee806      0x175 Middlewares/FreeRTOS/list.o
                                       0xa52b (size before relaxing)
 .debug_str     0x00000000000ee97b      0x7e0 Middlewares/FreeRTOS/port.o
                                       0x81a3 (size before relaxing)
 .debug_str     0x00000000000ef15b     0x122c Middlewares/FreeRTOS/tasks.o
                                       0xc5ef (size before relaxing)
 .debug_str     0x00000000000f0387      0x11b Src/main.o
                                      0xe823a (size before relaxing)
 .debug_str     0x00000000000f04a2       0x1b Src/stm32f7xx_hal_msp.o
                                      0xe2a52 (size before relaxing)
 .debug_str     0x00000000000f04bd       0x51 Src/stm32f7xx_hal_timebase_tim.o
                                      0xe2ad6 (size before relaxing)
 .debug_str     0x00000000000f050e       0xbd Src/stm32f7xx_it.o
                                      0xe5fa6 (size before relaxing)
 .debug_str     0x00000000000f05cb       0x5a Src/system_stm32f7xx.o
                                      0xe2131 (size before relaxing)
 .debug_str     0x00000000000f0625       0x31 Startup/startup_stm32f746nghx.o
                                         0x78 (size before relaxing)

.comment        0x0000000000000000       0x7b
 .comment       0x0000000000000000       0x7b Drivers/STM32F7xx_HAL_Driver/stm32f7xx_hal.o
                                         0x7c (size before relaxing)
 .comment       0x000000000000007b       0x7c Drivers/STM32F7xx_HAL_Driver/stm32f7xx_hal_cortex.o
 .comment       0x000000000000007b       0x7c Drivers/STM32F7xx_HAL_Driver/stm32f7xx_hal_dma.o
 .comment       0x000000000000007b       0x7c Drivers/STM32F7xx_HAL_Driver/stm32f7xx_hal_gpio.o
 .comment       0x000000000000007b       0x7c Drivers/STM32F7xx_HAL_Driver/stm32f7xx_hal_rcc.o
 .comment       0x000000000000007b       0x7c Drivers/STM32F7xx_HAL_Driver/stm32f7xx_hal_rcc_ex.o
 .comment       0x000000000000007b       0x7c Drivers/STM32F7xx_HAL_Driver/stm32f7xx_hal_tim.o
 .comment       0x000000000000007b       0x7c Drivers/STM32F7xx_HAL_Driver/stm32f7xx_hal_tim_ex.o
 .comment       0x000000000000007b       0x7c Drivers/STM32F7xx_HAL_Driver/stm32f7xx_hal_uart.o
 .comment       0x000000000000007b       0x7c Middlewares/FreeRTOS/cmsis_os.o
 .comment       0x000000000000007b       0x7c Middlewares/FreeRTOS/heap_4.o
 .comment       0x000000000000007b       0x7c Middlewares/FreeRTOS/list.o
 .comment       0x000000000000007b       0x7c Middlewares/FreeRTOS/port.o
 .comment       0x000000000000007b       0x7c Middlewares/FreeRTOS/tasks.o
 .comment       0x000000000000007b       0x7c Src/main.o
 .comment       0x000000000000007b       0x7c Src/stm32f7xx_hal_msp.o
 .comment       0x000000000000007b       0x7c Src/stm32f7xx_hal_timebase_tim.o
 .comment       0x000000000000007b       0x7c Src/stm32f7xx_it.o
 .comment       0x000000000000007b       0x7c Src/system_stm32f7xx.o

.debug_frame    0x0000000000000000     0x45f4
 .debug_frame   0x0000000000000000      0x3b4 Drivers/STM32F7xx_HAL_Driver/stm32f7xx_hal.o
 .debug_frame   0x00000000000003b4      0x498 Drivers/STM32F7xx_HAL_Driver/stm32f7xx_hal_cortex.o
 .debug_frame   0x000000000000084c      0x250 Drivers/STM32F7xx_HAL_Driver/stm32f7xx_hal_dma.o
 .debug_frame   0x0000000000000a9c      0x14c Drivers/STM32F7xx_HAL_Driver/stm32f7xx_hal_gpio.o
 .debug_frame   0x0000000000000be8      0x1f4 Drivers/STM32F7xx_HAL_Driver/stm32f7xx_hal_rcc.o
 .debug_frame   0x0000000000000ddc      0x118 Drivers/STM32F7xx_HAL_Driver/stm32f7xx_hal_rcc_ex.o
 .debug_frame   0x0000000000000ef4     0x1144 Drivers/STM32F7xx_HAL_Driver/stm32f7xx_hal_tim.o
 .debug_frame   0x0000000000002038      0x610 Drivers/STM32F7xx_HAL_Driver/stm32f7xx_hal_tim_ex.o
 .debug_frame   0x0000000000002648      0x8f4 Drivers/STM32F7xx_HAL_Driver/stm32f7xx_hal_uart.o
 .debug_frame   0x0000000000002f3c      0x808 Middlewares/FreeRTOS/cmsis_os.o
 .debug_frame   0x0000000000003744      0x108 Middlewares/FreeRTOS/heap_4.o
 .debug_frame   0x000000000000384c       0xd8 Middlewares/FreeRTOS/list.o
 .debug_frame   0x0000000000003924      0x1a8 Middlewares/FreeRTOS/port.o
 .debug_frame   0x0000000000003acc      0x704 Middlewares/FreeRTOS/tasks.o
 .debug_frame   0x00000000000041d0      0x148 Src/main.o
 .debug_frame   0x0000000000004318       0x7c Src/stm32f7xx_hal_msp.o
 .debug_frame   0x0000000000004394       0x74 Src/stm32f7xx_hal_timebase_tim.o
 .debug_frame   0x0000000000004408       0xe8 Src/stm32f7xx_it.o
 .debug_frame   0x00000000000044f0       0x58 Src/system_stm32f7xx.o
 .debug_frame   0x0000000000004548       0x2c c:/st/stm32cubeide_1.0.2/stm32cubeide/plugins/com.st.stm32cube.ide.mcu.externaltools.gnu-tools-for-stm32.7-2018-q2-update.win32_1.0.0.201904181610/tools/bin/../lib/gcc/arm-none-eabi/7.3.1/../../../../arm-none-eabi/lib/thumb/v7e-m/fpv4-sp/hard\libc_nano.a(lib_a-init.o)
 .debug_frame   0x0000000000004574       0x20 c:/st/stm32cubeide_1.0.2/stm32cubeide/plugins/com.st.stm32cube.ide.mcu.externaltools.gnu-tools-for-stm32.7-2018-q2-update.win32_1.0.0.201904181610/tools/bin/../lib/gcc/arm-none-eabi/7.3.1/../../../../arm-none-eabi/lib/thumb/v7e-m/fpv4-sp/hard\libc_nano.a(lib_a-memset.o)
 .debug_frame   0x0000000000004594       0x2c c:/st/stm32cubeide_1.0.2/stm32cubeide/plugins/com.st.stm32cube.ide.mcu.externaltools.gnu-tools-for-stm32.7-2018-q2-update.win32_1.0.0.201904181610/tools/bin/../lib/gcc/arm-none-eabi/7.3.1/thumb/v7e-m/fpv4-sp/hard\libgcc.a(_aeabi_uldivmod.o)
 .debug_frame   0x00000000000045c0       0x34 c:/st/stm32cubeide_1.0.2/stm32cubeide/plugins/com.st.stm32cube.ide.mcu.externaltools.gnu-tools-for-stm32.7-2018-q2-update.win32_1.0.0.201904181610/tools/bin/../lib/gcc/arm-none-eabi/7.3.1/thumb/v7e-m/fpv4-sp/hard\libgcc.a(_udivmoddi4.o)
