Archive member included to satisfy reference by file (symbol)

c:/st/stm32cubeide_1.0.2/stm32cubeide/plugins/com.st.stm32cube.ide.mcu.externaltools.gnu-tools-for-stm32.7-2018-q2-update.win32_1.0.0.201904181610/tools/bin/../lib/gcc/arm-none-eabi/7.3.1/../../../../arm-none-eabi/lib/thumb/v7e-m/fpv4-sp/hard\libc_nano.a(lib_a-errno.o)
                              Src/syscalls.o (__errno)
c:/st/stm32cubeide_1.0.2/stm32cubeide/plugins/com.st.stm32cube.ide.mcu.externaltools.gnu-tools-for-stm32.7-2018-q2-update.win32_1.0.0.201904181610/tools/bin/../lib/gcc/arm-none-eabi/7.3.1/../../../../arm-none-eabi/lib/thumb/v7e-m/fpv4-sp/hard\libc_nano.a(lib_a-exit.o)
                              c:/st/stm32cubeide_1.0.2/stm32cubeide/plugins/com.st.stm32cube.ide.mcu.externaltools.gnu-tools-for-stm32.7-2018-q2-update.win32_1.0.0.201904181610/tools/bin/../lib/gcc/arm-none-eabi/7.3.1/../../../../arm-none-eabi/lib/thumb/v7e-m/fpv4-sp/hard/crt0.o (exit)
c:/st/stm32cubeide_1.0.2/stm32cubeide/plugins/com.st.stm32cube.ide.mcu.externaltools.gnu-tools-for-stm32.7-2018-q2-update.win32_1.0.0.201904181610/tools/bin/../lib/gcc/arm-none-eabi/7.3.1/../../../../arm-none-eabi/lib/thumb/v7e-m/fpv4-sp/hard\libc_nano.a(lib_a-impure.o)
                              c:/st/stm32cubeide_1.0.2/stm32cubeide/plugins/com.st.stm32cube.ide.mcu.externaltools.gnu-tools-for-stm32.7-2018-q2-update.win32_1.0.0.201904181610/tools/bin/../lib/gcc/arm-none-eabi/7.3.1/../../../../arm-none-eabi/lib/thumb/v7e-m/fpv4-sp/hard\libc_nano.a(lib_a-exit.o) (_global_impure_ptr)
c:/st/stm32cubeide_1.0.2/stm32cubeide/plugins/com.st.stm32cube.ide.mcu.externaltools.gnu-tools-for-stm32.7-2018-q2-update.win32_1.0.0.201904181610/tools/bin/../lib/gcc/arm-none-eabi/7.3.1/../../../../arm-none-eabi/lib/thumb/v7e-m/fpv4-sp/hard\libc_nano.a(lib_a-init.o)
                              c:/st/stm32cubeide_1.0.2/stm32cubeide/plugins/com.st.stm32cube.ide.mcu.externaltools.gnu-tools-for-stm32.7-2018-q2-update.win32_1.0.0.201904181610/tools/bin/../lib/gcc/arm-none-eabi/7.3.1/../../../../arm-none-eabi/lib/thumb/v7e-m/fpv4-sp/hard/crt0.o (__libc_init_array)
c:/st/stm32cubeide_1.0.2/stm32cubeide/plugins/com.st.stm32cube.ide.mcu.externaltools.gnu-tools-for-stm32.7-2018-q2-update.win32_1.0.0.201904181610/tools/bin/../lib/gcc/arm-none-eabi/7.3.1/../../../../arm-none-eabi/lib/thumb/v7e-m/fpv4-sp/hard\libc_nano.a(lib_a-memcpy-stub.o)
                              Middlewares/FreeRTOS/queue.o (memcpy)
c:/st/stm32cubeide_1.0.2/stm32cubeide/plugins/com.st.stm32cube.ide.mcu.externaltools.gnu-tools-for-stm32.7-2018-q2-update.win32_1.0.0.201904181610/tools/bin/../lib/gcc/arm-none-eabi/7.3.1/../../../../arm-none-eabi/lib/thumb/v7e-m/fpv4-sp/hard\libc_nano.a(lib_a-memset.o)
                              c:/st/stm32cubeide_1.0.2/stm32cubeide/plugins/com.st.stm32cube.ide.mcu.externaltools.gnu-tools-for-stm32.7-2018-q2-update.win32_1.0.0.201904181610/tools/bin/../lib/gcc/arm-none-eabi/7.3.1/../../../../arm-none-eabi/lib/thumb/v7e-m/fpv4-sp/hard/crt0.o (memset)
c:/st/stm32cubeide_1.0.2/stm32cubeide/plugins/com.st.stm32cube.ide.mcu.externaltools.gnu-tools-for-stm32.7-2018-q2-update.win32_1.0.0.201904181610/tools/bin/../lib/gcc/arm-none-eabi/7.3.1/../../../../arm-none-eabi/lib/thumb/v7e-m/fpv4-sp/hard\libc_nano.a(lib_a-printf.o)
                              Src/linked_list.o (printf)
c:/st/stm32cubeide_1.0.2/stm32cubeide/plugins/com.st.stm32cube.ide.mcu.externaltools.gnu-tools-for-stm32.7-2018-q2-update.win32_1.0.0.201904181610/tools/bin/../lib/gcc/arm-none-eabi/7.3.1/../../../../arm-none-eabi/lib/thumb/v7e-m/fpv4-sp/hard\libc_nano.a(lib_a-putchar.o)
                              Src/linked_list.o (putchar)
c:/st/stm32cubeide_1.0.2/stm32cubeide/plugins/com.st.stm32cube.ide.mcu.externaltools.gnu-tools-for-stm32.7-2018-q2-update.win32_1.0.0.201904181610/tools/bin/../lib/gcc/arm-none-eabi/7.3.1/../../../../arm-none-eabi/lib/thumb/v7e-m/fpv4-sp/hard\libc_nano.a(lib_a-findfp.o)
                              c:/st/stm32cubeide_1.0.2/stm32cubeide/plugins/com.st.stm32cube.ide.mcu.externaltools.gnu-tools-for-stm32.7-2018-q2-update.win32_1.0.0.201904181610/tools/bin/../lib/gcc/arm-none-eabi/7.3.1/../../../../arm-none-eabi/lib/thumb/v7e-m/fpv4-sp/hard\libc_nano.a(lib_a-printf.o) (__sinit)
c:/st/stm32cubeide_1.0.2/stm32cubeide/plugins/com.st.stm32cube.ide.mcu.externaltools.gnu-tools-for-stm32.7-2018-q2-update.win32_1.0.0.201904181610/tools/bin/../lib/gcc/arm-none-eabi/7.3.1/../../../../arm-none-eabi/lib/thumb/v7e-m/fpv4-sp/hard\libc_nano.a(lib_a-fwalk.o)
                              c:/st/stm32cubeide_1.0.2/stm32cubeide/plugins/com.st.stm32cube.ide.mcu.externaltools.gnu-tools-for-stm32.7-2018-q2-update.win32_1.0.0.201904181610/tools/bin/../lib/gcc/arm-none-eabi/7.3.1/../../../../arm-none-eabi/lib/thumb/v7e-m/fpv4-sp/hard\libc_nano.a(lib_a-findfp.o) (_fwalk)
[...]
Memory Configuration

Name             Origin             Length             Attributes
RAM              0x0000000020000000 0x0000000000050000 xrw
FLASH            0x0000000008000000 0x0000000000100000 xr
*default*        0x0000000000000000 0xffffffffffffffff

Linker script and memory map

LOAD c:/st/stm32cubeide_1.0.2/stm32cubeide/plugins/com.st.stm32cube.ide.mcu.externaltools.gnu-tools-for-stm32.7-2018-q2-update.win32_1.0.0.201904181610/tools/bin/../lib/gcc/arm-none-eabi/7.3.1/thumb/v7e-m/fpv4-sp/hard/crti.o
LOAD c:/st/stm32cubeide_1.0.2/stm32cubeide/plugins/com.st.stm32cube.ide.mcu.externaltools.gnu-tools-for-stm32.7-2018-q2-update.win32_1.0.0.201904181610/tools/bin/../lib/gcc/arm-none-eabi/7.3.1/thumb/v7e-m/fpv4-sp/hard/crtbegin.o
LOAD c:/st/stm32cubeide_1.0.2/stm32cubeide/plugins/com.st.stm32cube.ide.mcu.externaltools.gnu-tools-for-stm32.7-2018-q2-update.win32_1.0.0.201904181610/tools/bin/../lib/gcc/arm-none-eabi/7.3.1/../../../../arm-none-eabi/lib/thumb/v7e-m/fpv4-sp/hard/crt0.o
LOAD Drivers/STM32F7xx_HAL_Driver/stm32f7xx_hal.o
LOAD Drivers/STM32F7xx_HAL_Driver/stm32f7xx_hal_cortex.o
LOAD Drivers/STM32F7xx_HAL_Driver/stm32f7xx_hal_dma.o
LOAD Drivers/STM32F7xx_HAL_Driver/stm32f7xx_hal_dma_ex.o
LOAD Drivers/STM32F7xx_HAL_Driver/stm32f7xx_hal_exti.o
LOAD Drivers/STM32F7xx_HAL_Driver/stm32f7xx_hal_flash.o
LOAD Drivers/STM32F7xx_HAL_Driver/stm32f7xx_hal_flash_ex.o
LOAD Drivers/STM32F7xx_HAL_Driver/stm32f7xx_hal_gpio.o
LOAD Drivers/STM32F7xx_HAL_Driver/stm32f7xx_hal_i2c.o
LOAD Drivers/STM32F7xx_HAL_Driver/stm32f7xx_hal_i2c_ex.o
LOAD Drivers/STM32F7xx_HAL_Driver/stm32f7xx_hal_pwr.o
LOAD Drivers/STM32F7xx_HAL_Driver/stm32f7xx_hal_pwr_ex.o
LOAD Drivers/STM32F7xx_HAL_Driver/stm32f7xx_hal_rcc.o
LOAD Drivers/STM32F7xx_HAL_Driver/stm32f7xx_hal_rcc_ex.o
LOAD Drivers/STM32F7xx_HAL_Driver/stm32f7xx_hal_rng.o
LOAD Drivers/STM32F7xx_HAL_Driver/stm32f7xx_hal_tim.o
LOAD Drivers/STM32F7xx_HAL_Driver/stm32f7xx_hal_tim_ex.o
LOAD Drivers/STM32F7xx_HAL_Driver/stm32f7xx_hal_uart.o
LOAD Drivers/STM32F7xx_HAL_Driver/stm32f7xx_hal_uart_ex.o
LOAD Middlewares/FreeRTOS/cmsis_os.o
LOAD Middlewares/FreeRTOS/croutine.o
LOAD Middlewares/FreeRTOS/event_groups.o
LOAD Middlewares/FreeRTOS/heap_4.o
LOAD Middlewares/FreeRTOS/list.o
LOAD Middlewares/FreeRTOS/port.o
LOAD Middlewares/FreeRTOS/queue.o
LOAD Middlewares/FreeRTOS/stream_buffer.o
LOAD Middlewares/FreeRTOS/tasks.o
LOAD Middlewares/FreeRTOS/timers.o
LOAD Src/freertos.o
LOAD Src/linked_list.o
LOAD Src/main.o
LOAD Src/stm32f7xx_hal_msp.o
LOAD Src/stm32f7xx_hal_timebase_tim.o
LOAD Src/stm32f7xx_it.o
LOAD Src/syscalls.o
LOAD Src/sysmem.o
LOAD Src/system_stm32f7xx.o
LOAD Startup/startup_stm32f746nghx.o
START GROUP
LOAD c:/st/stm32cubeide_1.0.2/stm32cubeide/plugins/com.st.stm32cube.ide.mcu.externaltools.gnu-tools-for-stm32.7-2018-q2-update.win32_1.0.0.201904181610/tools/bin/../lib/gcc/arm-none-eabi/7.3.1/../../../../arm-none-eabi/lib/thumb/v7e-m/fpv4-sp/hard\libc_nano.a
LOAD c:/st/stm32cubeide_1.0.2/stm32cubeide/plugins/com.st.stm32cube.ide.mcu.externaltools.gnu-tools-for-stm32.7-2018-q2-update.win32_1.0.0.201904181610/tools/bin/../lib/gcc/arm-none-eabi/7.3.1/../../../../arm-none-eabi/lib/thumb/v7e-m/fpv4-sp/hard\libm.a
END GROUP
START GROUP
LOAD c:/st/stm32cubeide_1.0.2/stm32cubeide/plugins/com.st.stm32cube.ide.mcu.externaltools.gnu-tools-for-stm32.7-2018-q2-update.win32_1.0.0.201904181610/tools/bin/../lib/gcc/arm-none-eabi/7.3.1/thumb/v7e-m/fpv4-sp/hard\libgcc.a
LOAD c:/st/stm32cubeide_1.0.2/stm32cubeide/plugins/com.st.stm32cube.ide.mcu.externaltools.gnu-tools-for-stm32.7-2018-q2-update.win32_1.0.0.201904181610/tools/bin/../lib/gcc/arm-none-eabi/7.3.1/../../../../arm-none-eabi/lib/thumb/v7e-m/fpv4-sp/hard\libc_nano.a
END GROUP
START GROUP
LOAD c:/st/stm32cubeide_1.0.2/stm32cubeide/plugins/com.st.stm32cube.ide.mcu.externaltools.gnu-tools-for-stm32.7-2018-q2-update.win32_1.0.0.201904181610/tools/bin/../lib/gcc/arm-none-eabi/7.3.1/thumb/v7e-m/fpv4-sp/hard\libgcc.a
LOAD c:/st/stm32cubeide_1.0.2/stm32cubeide/plugins/com.st.stm32cube.ide.mcu.externaltools.gnu-tools-for-stm32.7-2018-q2-update.win32_1.0.0.201904181610/tools/bin/../lib/gcc/arm-none-eabi/7.3.1/../../../../arm-none-eabi/lib/thumb/v7e-m/fpv4-sp/hard\libc_nano.a
LOAD c:/st/stm32cubeide_1.0.2/stm32cubeide/plugins/com.st.stm32cube.ide.mcu.externaltools.gnu-tools-for-stm32.7-2018-q2-update.win32_1.0.0.201904181610/tools/bin/../lib/gcc/arm-none-eabi/7.3.1/../../../../arm-none-eabi/lib/thumb/v7e-m/fpv4-sp/hard\libnosys.a
END GROUP
START GROUP
LOAD c:/st/stm32cubeide_1.0.2/stm32cubeide/plugins/com.st.stm32cube.ide.mcu.externaltools.gnu-tools-for-stm32.7-2018-q2-update.win32_1.0.0.201904181610/tools/bin/../lib/gcc/arm-none-eabi/7.3.1/thumb/v7e-m/fpv4-sp/hard\libgcc.a
LOAD c:/st/stm32cubeide_1.0.2/stm32cubeide/plugins/com.st.stm32cube.ide.mcu.externaltools.gnu-tools-for-stm32.7-2018-q2-update.win32_1.0.0.201904181610/tools/bin/../lib/gcc/arm-none-eabi/7.3.1/../../../../arm-none-eabi/lib/thumb/v7e-m/fpv4-sp/hard\libc_nano.a
LOAD c:/st/stm32cubeide_1.0.2/stm32cubeide/plugins/com.st.stm32cube.ide.mcu.externaltools.gnu-tools-for-stm32.7-2018-q2-update.win32_1.0.0.201904181610/tools/bin/../lib/gcc/arm-none-eabi/7.3.1/../../../../arm-none-eabi/lib/thumb/v7e-m/fpv4-sp/hard\libnosys.a
END GROUP
LOAD c:/st/stm32cubeide_1.0.2/stm32cubeide/plugins/com.st.stm32cube.ide.mcu.externaltools.gnu-tools-for-stm32.7-2018-q2-update.win32_1.0.0.201904181610/tools/bin/../lib/gcc/arm-none-eabi/7.3.1/thumb/v7e-m/fpv4-sp/hard/crtend.o
LOAD c:/st/stm32cubeide_1.0.2/stm32cubeide/plugins/com.st.stm32cube.ide.mcu.externaltools.gnu-tools-for-stm32.7-2018-q2-update.win32_1.0.0.201904181610/tools/bin/../lib/gcc/arm-none-eabi/7.3.1/thumb/v7e-m/fpv4-sp/hard/crtn.o
                0x0000000020050000                _estack = 0x20050000
                0x0000000000000200                _Min_Heap_Size = 0x200
                0x0000000000000400                _Min_Stack_Size = 0x400

.isr_vector     0x0000000008000000      0x1c8
                0x0000000008000000                . = ALIGN (0x4)
 *(.isr_vector)
 .isr_vector    0x0000000008000000      0x1c8 Startup/startup_stm32f746nghx.o
                0x0000000008000000                g_pfnVectors
                0x00000000080001c8                . = ALIGN (0x4)

.text           0x00000000080001d0     0x7758
                0x00000000080001d0                . = ALIGN (0x4)
 *(.text)
 .text          0x00000000080001d0       0x40 c:/st/stm32cubeide_1.0.2/stm32cubeide/plugins/com.st.stm32cube.ide.mcu.externaltools.gnu-tools-for-stm32.7-2018-q2-update.win32_1.0.0.201904181610/tools/bin/../lib/gcc/arm-none-eabi/7.3.1/thumb/v7e-m/fpv4-sp/hard/crtbegin.o
 .text          0x0000000008000210       0xa0 c:/st/stm32cubeide_1.0.2/stm32cubeide/plugins/com.st.stm32cube.ide.mcu.externaltools.gnu-tools-for-stm32.7-2018-q2-update.win32_1.0.0.201904181610/tools/bin/../lib/gcc/arm-none-eabi/7.3.1/../../../../arm-none-eabi/lib/thumb/v7e-m/fpv4-sp/hard\libc_nano.a(lib_a-memchr.o)
                0x0000000008000210                memchr
 .text          0x00000000080002b0       0x30 c:/st/stm32cubeide_1.0.2/stm32cubeide/plugins/com.st.stm32cube.ide.mcu.externaltools.gnu-tools-for-stm32.7-2018-q2-update.win32_1.0.0.201904181610/tools/bin/../lib/gcc/arm-none-eabi/7.3.1/thumb/v7e-m/fpv4-sp/hard\libgcc.a(_aeabi_uldivmod.o)
                0x00000000080002b0                __aeabi_uldivmod
 .text          0x00000000080002e0      0x2cc c:/st/stm32cubeide_1.0.2/stm32cubeide/plugins/com.st.stm32cube.ide.mcu.externaltools.gnu-tools-for-stm32.7-2018-q2-update.win32_1.0.0.201904181610/tools/bin/../lib/gcc/arm-none-eabi/7.3.1/thumb/v7e-m/fpv4-sp/hard\libgcc.a(_udivmoddi4.o)
                0x00000000080002e0                __udivmoddi4
 .text          0x00000000080005ac        0x4 c:/st/stm32cubeide_1.0.2/stm32cubeide/plugins/com.st.stm32cube.ide.mcu.externaltools.gnu-tools-for-stm32.7-2018-q2-update.win32_1.0.0.201904181610/tools/bin/../lib/gcc/arm-none-eabi/7.3.1/thumb/v7e-m/fpv4-sp/hard\libgcc.a(_dvmd_tls.o)
                0x00000000080005ac                __aeabi_idiv0
                0x00000000080005ac                __aeabi_ldiv0
 *(.text*)
 .text.HAL_Init
                0x00000000080005b0       0x1a Drivers/STM32F7xx_HAL_Driver/stm32f7xx_hal.o
                0x00000000080005b0                HAL_Init
 *fill*         0x00000000080005ca        0x2 
 .text.HAL_IncTick
                0x00000000080005cc       0x28 Drivers/STM32F7xx_HAL_Driver/stm32f7xx_hal.o
                0x00000000080005cc                HAL_IncTick
 .text.HAL_GetTick
                0x00000000080005f4       0x18 Drivers/STM32F7xx_HAL_Driver/stm32f7xx_hal.o
                0x00000000080005f4                HAL_GetTick
 .text.__NVIC_SetPriorityGrouping
                0x000000000800060c       0x48 Drivers/STM32F7xx_HAL_Driver/stm32f7xx_hal_cortex.o
 .text.__NVIC_GetPriorityGrouping
                0x0000000008000654       0x1c Drivers/STM32F7xx_HAL_Driver/stm32f7xx_hal_cortex.o
 .text.__NVIC_EnableIRQ
                0x0000000008000670       0x3c Drivers/STM32F7xx_HAL_Driver/stm32f7xx_hal_cortex.o
 .text.__NVIC_SetPriority
                0x00000000080006ac       0x54 Drivers/STM32F7xx_HAL_Driver/stm32f7xx_hal_cortex.o
 .text.NVIC_EncodePriority
                0x0000000008000700       0x66 Drivers/STM32F7xx_HAL_Driver/stm32f7xx_hal_cortex.o
 .text.HAL_NVIC_SetPriorityGrouping
                0x0000000008000766       0x16 Drivers/STM32F7xx_HAL_Driver/stm32f7xx_hal_cortex.o
                0x0000000008000766                HAL_NVIC_SetPriorityGrouping
 .text.HAL_NVIC_SetPriority
                0x000000000800077c       0x38 Drivers/STM32F7xx_HAL_Driver/stm32f7xx_hal_cortex.o
                0x000000000800077c                HAL_NVIC_SetPriority
 .text.HAL_NVIC_EnableIRQ
                0x00000000080007b4       0x1c Drivers/STM32F7xx_HAL_Driver/stm32f7xx_hal_cortex.o
                0x00000000080007b4                HAL_NVIC_EnableIRQ
 .text.HAL_DMA_Abort_IT
                0x00000000080007d0       0x44 Drivers/STM32F7xx_HAL_Driver/stm32f7xx_hal_dma.o
                0x00000000080007d0                HAL_DMA_Abort_IT
 .text.HAL_GPIO_Init
                0x0000000008000814      0x354 Drivers/STM32F7xx_HAL_Driver/stm32f7xx_hal_gpio.o
                0x0000000008000814                HAL_GPIO_Init
 .text.HAL_GPIO_ReadPin
                0x0000000008000b68       0x30 Drivers/STM32F7xx_HAL_Driver/stm32f7xx_hal_gpio.o
                0x0000000008000b68                HAL_GPIO_ReadPin
 .text.HAL_GPIO_EXTI_IRQHandler
                0x0000000008000b98       0x30 Drivers/STM32F7xx_HAL_Driver/stm32f7xx_hal_gpio.o
                0x0000000008000b98                HAL_GPIO_EXTI_IRQHandler
 .text.HAL_PWREx_EnableOverDrive
                0x0000000008000bc8       0xa0 Drivers/STM32F7xx_HAL_Driver/stm32f7xx_hal_pwr_ex.o
                0x0000000008000bc8                HAL_PWREx_EnableOverDrive
 .text.HAL_RCC_OscConfig
                0x0000000008000c68      0x4e0 Drivers/STM32F7xx_HAL_Driver/stm32f7xx_hal_rcc.o
                0x0000000008000c68                HAL_RCC_OscConfig
 .text.HAL_RCC_ClockConfig
                0x0000000008001148      0x1d0 Drivers/STM32F7xx_HAL_Driver/stm32f7xx_hal_rcc.o
                0x0000000008001148                HAL_RCC_ClockConfig
 .text.HAL_RCC_GetSysClockFreq
                0x0000000008001318      0x164 Drivers/STM32F7xx_HAL_Driver/stm32f7xx_hal_rcc.o
                0x0000000008001318                HAL_RCC_GetSysClockFreq
 .text.HAL_RCC_GetHCLKFreq
                0x000000000800147c       0x18 Drivers/STM32F7xx_HAL_Driver/stm32f7xx_hal_rcc.o
                0x000000000800147c                HAL_RCC_GetHCLKFreq
 .text.HAL_RCC_GetPCLK1Freq
                0x0000000008001494       0x28 Drivers/STM32F7xx_HAL_Driver/stm32f7xx_hal_rcc.o
                0x0000000008001494                HAL_RCC_GetPCLK1Freq
 .text.HAL_RCC_GetPCLK2Freq
                0x00000000080014bc       0x28 Drivers/STM32F7xx_HAL_Driver/stm32f7xx_hal_rcc.o
                0x00000000080014bc                HAL_RCC_GetPCLK2Freq
 .text.HAL_RCC_GetClockConfig
                0x00000000080014e4       0x64 Drivers/STM32F7xx_HAL_Driver/stm32f7xx_hal_rcc.o
                0x00000000080014e4                HAL_RCC_GetClockConfig
 .text.HAL_RCCEx_PeriphCLKConfig
                0x0000000008001548      0x7dc Drivers/STM32F7xx_HAL_Driver/stm32f7xx_hal_rcc_ex.o
                0x0000000008001548                HAL_RCCEx_PeriphCLKConfig
 .text.HAL_RNG_Init
                0x0000000008001d24       0x54 Drivers/STM32F7xx_HAL_Driver/stm32f7xx_hal_rng.o
                0x0000000008001d24                HAL_RNG_Init
 .text.HAL_RNG_GenerateRandomNumber
                0x0000000008001d78       0x9e Drivers/STM32F7xx_HAL_Driver/stm32f7xx_hal_rng.o
                0x0000000008001d78                HAL_RNG_GenerateRandomNumber
 .text.HAL_RNG_GetRandomNumber
                0x0000000008001e16       0x2a Drivers/STM32F7xx_HAL_Driver/stm32f7xx_hal_rng.o
                0x0000000008001e16                HAL_RNG_GetRandomNumber
 .text.HAL_TIM_Base_Init
                0x0000000008001e40       0x56 Drivers/STM32F7xx_HAL_Driver/stm32f7xx_hal_tim.o
                0x0000000008001e40                HAL_TIM_Base_Init
 *fill*         0x0000000008001e96        0x2 
 .text.HAL_TIM_Base_Start_IT
                0x0000000008001e98       0x54 Drivers/STM32F7xx_HAL_Driver/stm32f7xx_hal_tim.o
                0x0000000008001e98                HAL_TIM_Base_Start_IT
 .text.HAL_TIM_IRQHandler
                0x0000000008001eec      0x23e Drivers/STM32F7xx_HAL_Driver/stm32f7xx_hal_tim.o
                0x0000000008001eec                HAL_TIM_IRQHandler
 *fill*         0x000000000800212a        0x2 
 .text.HAL_TIM_ConfigClockSource
                0x000000000800212c      0x174 Drivers/STM32F7xx_HAL_Driver/stm32f7xx_hal_tim.o
                0x000000000800212c                HAL_TIM_ConfigClockSource
 .text.HAL_TIM_OC_DelayElapsedCallback
                0x00000000080022a0       0x14 Drivers/STM32F7xx_HAL_Driver/stm32f7xx_hal_tim.o
                0x00000000080022a0                HAL_TIM_OC_DelayElapsedCallback
 .text.HAL_TIM_IC_CaptureCallback
                0x00000000080022b4       0x14 Drivers/STM32F7xx_HAL_Driver/stm32f7xx_hal_tim.o
                0x00000000080022b4                HAL_TIM_IC_CaptureCallback
 .text.HAL_TIM_PWM_PulseFinishedCallback
                0x00000000080022c8       0x14 Drivers/STM32F7xx_HAL_Driver/stm32f7xx_hal_tim.o
                0x00000000080022c8                HAL_TIM_PWM_PulseFinishedCallback
 .text.HAL_TIM_TriggerCallback
                0x00000000080022dc       0x14 Drivers/STM32F7xx_HAL_Driver/stm32f7xx_hal_tim.o
                0x00000000080022dc                HAL_TIM_TriggerCallback
 .text.TIM_Base_SetConfig
                0x00000000080022f0      0x140 Drivers/STM32F7xx_HAL_Driver/stm32f7xx_hal_tim.o
                0x00000000080022f0                TIM_Base_SetConfig
 .text.TIM_TI1_ConfigInputStage
                0x0000000008002430       0x5e Drivers/STM32F7xx_HAL_Driver/stm32f7xx_hal_tim.o
 .text.TIM_TI2_ConfigInputStage
                0x000000000800248e       0x60 Drivers/STM32F7xx_HAL_Driver/stm32f7xx_hal_tim.o
 .text.TIM_ITRx_SetConfig
                0x00000000080024ee       0x36 Drivers/STM32F7xx_HAL_Driver/stm32f7xx_hal_tim.o
 .text.TIM_ETR_SetConfig
                0x0000000008002524       0x40 Drivers/STM32F7xx_HAL_Driver/stm32f7xx_hal_tim.o
                0x0000000008002524                TIM_ETR_SetConfig
 .text.HAL_TIMEx_MasterConfigSynchronization
                0x0000000008002564       0xb8 Drivers/STM32F7xx_HAL_Driver/stm32f7xx_hal_tim_ex.o
                0x0000000008002564                HAL_TIMEx_MasterConfigSynchronization
 .text.HAL_TIMEx_CommutCallback
                0x000000000800261c       0x14 Drivers/STM32F7xx_HAL_Driver/stm32f7xx_hal_tim_ex.o
                0x000000000800261c                HAL_TIMEx_CommutCallback
 .text.HAL_TIMEx_BreakCallback
                0x0000000008002630       0x14 Drivers/STM32F7xx_HAL_Driver/stm32f7xx_hal_tim_ex.o
                0x0000000008002630                HAL_TIMEx_BreakCallback
 .text.HAL_TIMEx_Break2Callback
                0x0000000008002644       0x14 Drivers/STM32F7xx_HAL_Driver/stm32f7xx_hal_tim_ex.o
                0x0000000008002644                HAL_TIMEx_Break2Callback
 .text.HAL_UART_Init
                0x0000000008002658       0x9c Drivers/STM32F7xx_HAL_Driver/stm32f7xx_hal_uart.o
                0x0000000008002658                HAL_UART_Init
 .text.HAL_UART_Transmit
                0x00000000080026f4      0x122 Drivers/STM32F7xx_HAL_Driver/stm32f7xx_hal_uart.o
                0x00000000080026f4                HAL_UART_Transmit
 *fill*         0x0000000008002816        0x2 
 .text.HAL_UART_Transmit_IT
                0x0000000008002818       0xb8 Drivers/STM32F7xx_HAL_Driver/stm32f7xx_hal_uart.o
                0x0000000008002818                HAL_UART_Transmit_IT
 .text.HAL_UART_Receive_IT
                0x00000000080028d0      0x144 Drivers/STM32F7xx_HAL_Driver/stm32f7xx_hal_uart.o
                0x00000000080028d0                HAL_UART_Receive_IT
 .text.HAL_UART_IRQHandler
                0x0000000008002a14      0x238 Drivers/STM32F7xx_HAL_Driver/stm32f7xx_hal_uart.o
                0x0000000008002a14                HAL_UART_IRQHandler
 .text.HAL_UART_TxCpltCallback
                0x0000000008002c4c       0x14 Drivers/STM32F7xx_HAL_Driver/stm32f7xx_hal_uart.o
                0x0000000008002c4c                HAL_UART_TxCpltCallback
 .text.HAL_UART_ErrorCallback
                0x0000000008002c60       0x14 Drivers/STM32F7xx_HAL_Driver/stm32f7xx_hal_uart.o
                0x0000000008002c60                HAL_UART_ErrorCallback
 .text.UART_SetConfig
                0x0000000008002c74      0x548 Drivers/STM32F7xx_HAL_Driver/stm32f7xx_hal_uart.o
                0x0000000008002c74                UART_SetConfig
 .text.UART_AdvFeatureConfig
                0x00000000080031bc      0x144 Drivers/STM32F7xx_HAL_Driver/stm32f7xx_hal_uart.o
                0x00000000080031bc                UART_AdvFeatureConfig
 .text.UART_CheckIdleState
                0x0000000008003300       0x5e Drivers/STM32F7xx_HAL_Driver/stm32f7xx_hal_uart.o
                0x0000000008003300                UART_CheckIdleState
 .text.UART_WaitOnFlagUntilTimeout
                0x000000000800335e       0x90 Drivers/STM32F7xx_HAL_Driver/stm32f7xx_hal_uart.o
                0x000000000800335e                UART_WaitOnFlagUntilTimeout
 .text.UART_EndRxTransfer
                0x00000000080033ee       0x40 Drivers/STM32F7xx_HAL_Driver/stm32f7xx_hal_uart.o
 .text.UART_DMAAbortOnError
                0x000000000800342e       0x2c Drivers/STM32F7xx_HAL_Driver/stm32f7xx_hal_uart.o
 .text.UART_TxISR_8BIT
                0x000000000800345a       0x72 Drivers/STM32F7xx_HAL_Driver/stm32f7xx_hal_uart.o
 .text.UART_TxISR_16BIT
                0x00000000080034cc       0x7c Drivers/STM32F7xx_HAL_Driver/stm32f7xx_hal_uart.o
 .text.UART_EndTransmit_IT
                0x0000000008003548       0x32 Drivers/STM32F7xx_HAL_Driver/stm32f7xx_hal_uart.o
 .text.UART_RxISR_8BIT
                0x000000000800357a       0xa6 Drivers/STM32F7xx_HAL_Driver/stm32f7xx_hal_uart.o
 .text.UART_RxISR_16BIT
                0x0000000008003620       0xa6 Drivers/STM32F7xx_HAL_Driver/stm32f7xx_hal_uart.o
 .text.makeFreeRtosPriority
                0x00000000080036c6       0x30 Middlewares/FreeRTOS/cmsis_os.o
 .text.inHandlerMode
                0x00000000080036f6       0x24 Middlewares/FreeRTOS/cmsis_os.o
 .text.osKernelStart
                0x000000000800371a        0xe Middlewares/FreeRTOS/cmsis_os.o
                0x000000000800371a                osKernelStart
 .text.osThreadCreate
                0x0000000008003728       0x4e Middlewares/FreeRTOS/cmsis_os.o
                0x0000000008003728                osThreadCreate
 .text.osThreadTerminate
                0x0000000008003776       0x18 Middlewares/FreeRTOS/cmsis_os.o
                0x0000000008003776                osThreadTerminate
 .text.osDelay  0x000000000800378e       0x28 Middlewares/FreeRTOS/cmsis_os.o
                0x000000000800378e                osDelay
 .text.osMutexCreate
                0x00000000080037b6       0x18 Middlewares/FreeRTOS/cmsis_os.o
                0x00000000080037b6                osMutexCreate
 *fill*         0x00000000080037ce        0x2 
 .text.osMutexWait
                0x00000000080037d0       0x9c Middlewares/FreeRTOS/cmsis_os.o
                0x00000000080037d0                osMutexWait
 .text.osMutexRelease
                0x000000000800386c       0x6c Middlewares/FreeRTOS/cmsis_os.o
                0x000000000800386c                osMutexRelease
 .text.pvPortMalloc
                0x00000000080038d8      0x190 Middlewares/FreeRTOS/heap_4.o
                0x00000000080038d8                pvPortMalloc
 .text.vPortFree
                0x0000000008003a68       0xb8 Middlewares/FreeRTOS/heap_4.o
                0x0000000008003a68                vPortFree
 .text.prvHeapInit
                0x0000000008003b20       0xc4 Middlewares/FreeRTOS/heap_4.o
 .text.prvInsertBlockIntoFreeList
                0x0000000008003be4       0xb4 Middlewares/FreeRTOS/heap_4.o
 .text.vListInitialise
                0x0000000008003c98       0x40 Middlewares/FreeRTOS/list.o
                0x0000000008003c98                vListInitialise
 .text.vListInitialiseItem
                0x0000000008003cd8       0x1a Middlewares/FreeRTOS/list.o
                0x0000000008003cd8                vListInitialiseItem
 .text.vListInsertEnd
                0x0000000008003cf2       0x48 Middlewares/FreeRTOS/list.o
                0x0000000008003cf2                vListInsertEnd
 .text.vListInsert
                0x0000000008003d3a       0x72 Middlewares/FreeRTOS/list.o
                0x0000000008003d3a                vListInsert
 .text.uxListRemove
                0x0000000008003dac       0x54 Middlewares/FreeRTOS/list.o
                0x0000000008003dac                uxListRemove
 .text.pxPortInitialiseStack
                0x0000000008003e00       0x68 Middlewares/FreeRTOS/port.o
                0x0000000008003e00                pxPortInitialiseStack
 .text.prvTaskExitError
                0x0000000008003e68       0x5c Middlewares/FreeRTOS/port.o
 *fill*         0x0000000008003ec4        0xc 
 .text.SVC_Handler
                0x0000000008003ed0       0x28 Middlewares/FreeRTOS/port.o
                0x0000000008003ed0                SVC_Handler
 .text.prvPortStartFirstTask
                0x0000000008003ef8       0x28 Middlewares/FreeRTOS/port.o
 .text.xPortStartScheduler
                0x0000000008003f20       0xf8 Middlewares/FreeRTOS/port.o
                0x0000000008003f20                xPortStartScheduler
 .text.vPortEnterCritical
                0x0000000008004018       0x64 Middlewares/FreeRTOS/port.o
                0x0000000008004018                vPortEnterCritical
 .text.vPortExitCritical
                0x000000000800407c       0x54 Middlewares/FreeRTOS/port.o
                0x000000000800407c                vPortExitCritical
 .text.PendSV_Handler
                0x00000000080040d0       0x68 Middlewares/FreeRTOS/port.o
                0x00000000080040d0                PendSV_Handler
 .text.SysTick_Handler
                0x0000000008004138       0x44 Middlewares/FreeRTOS/port.o
                0x0000000008004138                SysTick_Handler
 .text.vPortSetupTimerInterrupt
                0x000000000800417c       0x48 Middlewares/FreeRTOS/port.o
                0x000000000800417c                vPortSetupTimerInterrupt
 .text.vPortEnableVFP
                0x00000000080041c4       0x14 Middlewares/FreeRTOS/port.o
 .text.vPortValidateInterruptPriority
                0x00000000080041d8       0x84 Middlewares/FreeRTOS/port.o
                0x00000000080041d8                vPortValidateInterruptPriority
 .text.xQueueGenericReset
                0x000000000800425c       0xd4 Middlewares/FreeRTOS/queue.o
                0x000000000800425c                xQueueGenericReset
 .text.xQueueGenericCreate
                0x0000000008004330       0x76 Middlewares/FreeRTOS/queue.o
                0x0000000008004330                xQueueGenericCreate
 .text.prvInitialiseNewQueue
                0x00000000080043a6       0x3e Middlewares/FreeRTOS/queue.o
 .text.prvInitialiseMutex
                0x00000000080043e4       0x34 Middlewares/FreeRTOS/queue.o
 .text.xQueueCreateMutex
                0x0000000008004418       0x30 Middlewares/FreeRTOS/queue.o
                0x0000000008004418                xQueueCreateMutex
 .text.xQueueGenericSend
                0x0000000008004448      0x204 Middlewares/FreeRTOS/queue.o
                0x0000000008004448                xQueueGenericSend
 .text.xQueueGiveFromISR
                0x000000000800464c      0x122 Middlewares/FreeRTOS/queue.o
                0x000000000800464c                xQueueGiveFromISR
 *fill*         0x000000000800476e        0x2 
 .text.xQueueSemaphoreTake
                0x0000000008004770      0x220 Middlewares/FreeRTOS/queue.o
                0x0000000008004770                xQueueSemaphoreTake
 .text.xQueueReceiveFromISR
                0x0000000008004990      0x106 Middlewares/FreeRTOS/queue.o
                0x0000000008004990                xQueueReceiveFromISR
 .text.prvGetDisinheritPriorityAfterTimeout
                0x0000000008004a96       0x30 Middlewares/FreeRTOS/queue.o
 .text.prvCopyDataToQueue
                0x0000000008004ac6       0xd4 Middlewares/FreeRTOS/queue.o
 .text.prvCopyDataFromQueue
                0x0000000008004b9a       0x4c Middlewares/FreeRTOS/queue.o
 .text.prvUnlockQueue
                0x0000000008004be6       0xa4 Middlewares/FreeRTOS/queue.o
 .text.prvIsQueueEmpty
                0x0000000008004c8a       0x2c Middlewares/FreeRTOS/queue.o
 .text.prvIsQueueFull
                0x0000000008004cb6       0x30 Middlewares/FreeRTOS/queue.o
 .text.xTaskCreate
                0x0000000008004ce6       0x82 Middlewares/FreeRTOS/tasks.o
                0x0000000008004ce6                xTaskCreate
 .text.prvInitialiseNewTask
                0x0000000008004d68      0x100 Middlewares/FreeRTOS/tasks.o
 .text.prvAddNewTaskToReadyList
                0x0000000008004e68       0xd4 Middlewares/FreeRTOS/tasks.o
 .text.vTaskDelete
                0x0000000008004f3c      0x120 Middlewares/FreeRTOS/tasks.o
                0x0000000008004f3c                vTaskDelete
 .text.vTaskDelay
                0x000000000800505c       0x6c Middlewares/FreeRTOS/tasks.o
                0x000000000800505c                vTaskDelay
 .text.vTaskStartScheduler
                0x00000000080050c8       0x94 Middlewares/FreeRTOS/tasks.o
                0x00000000080050c8                vTaskStartScheduler
 .text.vTaskSuspendAll
                0x000000000800515c       0x1c Middlewares/FreeRTOS/tasks.o
                0x000000000800515c                vTaskSuspendAll
 .text.xTaskResumeAll
                0x0000000008005178      0x13c Middlewares/FreeRTOS/tasks.o
                0x0000000008005178                xTaskResumeAll
 .text.xTaskIncrementTick
                0x00000000080052b4      0x17c Middlewares/FreeRTOS/tasks.o
                0x00000000080052b4                xTaskIncrementTick
 .text.vTaskSwitchContext
                0x0000000008005430       0xb8 Middlewares/FreeRTOS/tasks.o
                0x0000000008005430                vTaskSwitchContext
 .text.vTaskPlaceOnEventList
                0x00000000080054e8       0x4c Middlewares/FreeRTOS/tasks.o
                0x00000000080054e8                vTaskPlaceOnEventList
 .text.xTaskRemoveFromEventList
                0x0000000008005534       0xc8 Middlewares/FreeRTOS/tasks.o
                0x0000000008005534                xTaskRemoveFromEventList
 .text.vTaskInternalSetTimeOutState
                0x00000000080055fc       0x2c Middlewares/FreeRTOS/tasks.o
                0x00000000080055fc                vTaskInternalSetTimeOutState
 .text.xTaskCheckForTimeOut
                0x0000000008005628       0xc8 Middlewares/FreeRTOS/tasks.o
                0x0000000008005628                xTaskCheckForTimeOut
 .text.vTaskMissedYield
                0x00000000080056f0       0x18 Middlewares/FreeRTOS/tasks.o
                0x00000000080056f0                vTaskMissedYield
 .text.prvIdleTask
                0x0000000008005708       0x30 Middlewares/FreeRTOS/tasks.o
 .text.prvInitialiseTaskLists
                0x0000000008005738       0x80 Middlewares/FreeRTOS/tasks.o
 .text.prvCheckTasksWaitingTermination
                0x00000000080057b8       0x58 Middlewares/FreeRTOS/tasks.o
 .text.prvDeleteTCB
                0x0000000008005810       0x20 Middlewares/FreeRTOS/tasks.o
 .text.prvResetNextTaskUnblockTime
                0x0000000008005830       0x4c Middlewares/FreeRTOS/tasks.o
 .text.xTaskGetSchedulerState
                0x000000000800587c       0x3c Middlewares/FreeRTOS/tasks.o
                0x000000000800587c                xTaskGetSchedulerState
 .text.xTaskPriorityInherit
                0x00000000080058b8      0x10c Middlewares/FreeRTOS/tasks.o
                0x00000000080058b8                xTaskPriorityInherit
 .text.xTaskPriorityDisinherit
                0x00000000080059c4      0x110 Middlewares/FreeRTOS/tasks.o
                0x00000000080059c4                xTaskPriorityDisinherit
 .text.vTaskPriorityDisinheritAfterTimeout
                0x0000000008005ad4      0x144 Middlewares/FreeRTOS/tasks.o
                0x0000000008005ad4                vTaskPriorityDisinheritAfterTimeout
 .text.pvTaskIncrementMutexHeldCount
                0x0000000008005c18       0x28 Middlewares/FreeRTOS/tasks.o
                0x0000000008005c18                pvTaskIncrementMutexHeldCount
 .text.prvAddCurrentTaskToDelayedList
                0x0000000008005c40       0xcc Middlewares/FreeRTOS/tasks.o
 .text.init     0x0000000008005d0c       0x1a Src/linked_list.o
                0x0000000008005d0c                init
 .text.push_back
                0x0000000008005d26       0x52 Src/linked_list.o
                0x0000000008005d26                push_back
 .text.print    0x0000000008005d78       0x34 Src/linked_list.o
                0x0000000008005d78                print
 .text.pop_back
                0x0000000008005dac       0x56 Src/linked_list.o
                0x0000000008005dac                pop_back
 *fill*         0x0000000008005e02        0x2 
 .text.main     0x0000000008005e04      0x150 Src/main.o
                0x0000000008005e04                main
 .text.SystemClock_Config
                0x0000000008005f54      0x12c Src/main.o
                0x0000000008005f54                SystemClock_Config
 .text.MX_RNG_Init
                0x0000000008006080       0x28 Src/main.o
 .text.MX_TIM5_Init
                0x00000000080060a8       0xa0 Src/main.o
 .text.MX_USART1_UART_Init
                0x0000000008006148       0x60 Src/main.o
 .text.MX_GPIO_Init
                0x00000000080061a8       0xcc Src/main.o
 .text.__io_putchar
                0x0000000008006274       0x24 Src/main.o
                0x0000000008006274                __io_putchar
 .text.HAL_GPIO_EXTI_Callback
                0x0000000008006298       0x74 Src/main.o
                0x0000000008006298                HAL_GPIO_EXTI_Callback
 .text.HAL_UART_RxCpltCallback
                0x000000000800630c       0xb8 Src/main.o
                0x000000000800630c                HAL_UART_RxCpltCallback
 .text.StartDefaultTask
                0x00000000080063c4       0x10 Src/main.o
                0x00000000080063c4                StartDefaultTask
 .text.StartPrinter
                0x00000000080063d4       0x50 Src/main.o
                0x00000000080063d4                StartPrinter
 .text.StartPushBack
                0x0000000008006424       0x6c Src/main.o
                0x0000000008006424                StartPushBack
 .text.StartCommander
                0x0000000008006490       0x10 Src/main.o
                0x0000000008006490                StartCommander
 .text.StartTimerStarter
                0x00000000080064a0       0x28 Src/main.o
                0x00000000080064a0                StartTimerStarter
 .text.StartPopBack
                0x00000000080064c8       0x54 Src/main.o
                0x00000000080064c8                StartPopBack
 .text.HAL_TIM_PeriodElapsedCallback
                0x000000000800651c       0x3c Src/main.o
                0x000000000800651c                HAL_TIM_PeriodElapsedCallback
 .text.Error_Handler
                0x0000000008006558        0xe Src/main.o
                0x0000000008006558                Error_Handler
 *fill*         0x0000000008006566        0x2 
 .text.HAL_MspInit
                0x0000000008006568       0x50 Src/stm32f7xx_hal_msp.o
                0x0000000008006568                HAL_MspInit
 .text.HAL_RNG_MspInit
                0x00000000080065b8       0x40 Src/stm32f7xx_hal_msp.o
                0x00000000080065b8                HAL_RNG_MspInit
 .text.HAL_TIM_Base_MspInit
                0x00000000080065f8       0x4c Src/stm32f7xx_hal_msp.o
                0x00000000080065f8                HAL_TIM_Base_MspInit
 .text.HAL_UART_MspInit
                0x0000000008006644       0xd4 Src/stm32f7xx_hal_msp.o
                0x0000000008006644                HAL_UART_MspInit
 .text.HAL_InitTick
                0x0000000008006718       0xac Src/stm32f7xx_hal_timebase_tim.o
                0x0000000008006718                HAL_InitTick
 .text.NMI_Handler
                0x00000000080067c4        0xe Src/stm32f7xx_it.o
                0x00000000080067c4                NMI_Handler
 .text.HardFault_Handler
                0x00000000080067d2        0x6 Src/stm32f7xx_it.o
                0x00000000080067d2                HardFault_Handler
 .text.MemManage_Handler
                0x00000000080067d8        0x6 Src/stm32f7xx_it.o
                0x00000000080067d8                MemManage_Handler
 .text.BusFault_Handler
                0x00000000080067de        0x6 Src/stm32f7xx_it.o
                0x00000000080067de                BusFault_Handler
 .text.UsageFault_Handler
                0x00000000080067e4        0x6 Src/stm32f7xx_it.o
                0x00000000080067e4                UsageFault_Handler
 .text.DebugMon_Handler
                0x00000000080067ea        0xe Src/stm32f7xx_it.o
                0x00000000080067ea                DebugMon_Handler
 .text.USART1_IRQHandler
                0x00000000080067f8       0x14 Src/stm32f7xx_it.o
                0x00000000080067f8                USART1_IRQHandler
 .text.EXTI15_10_IRQHandler
                0x000000000800680c       0x10 Src/stm32f7xx_it.o
                0x000000000800680c                EXTI15_10_IRQHandler
 .text.TIM8_TRG_COM_TIM14_IRQHandler
                0x000000000800681c       0x14 Src/stm32f7xx_it.o
                0x000000000800681c                TIM8_TRG_COM_TIM14_IRQHandler
 .text.TIM5_IRQHandler
                0x0000000008006830       0x14 Src/stm32f7xx_it.o
                0x0000000008006830                TIM5_IRQHandler
 .text._read    0x0000000008006844       0x3a Src/syscalls.o
                0x0000000008006844                _read
 .text._write   0x000000000800687e       0x38 Src/syscalls.o
                0x000000000800687e                _write
 .text._close   0x00000000080068b6       0x18 Src/syscalls.o
                0x00000000080068b6                _close
 .text._fstat   0x00000000080068ce       0x20 Src/syscalls.o
                0x00000000080068ce                _fstat
 .text._isatty  0x00000000080068ee       0x16 Src/syscalls.o
                0x00000000080068ee                _isatty
 .text._lseek   0x0000000008006904       0x1a Src/syscalls.o
                0x0000000008006904                _lseek
 *fill*         0x000000000800691e        0x2 
 .text._sbrk    0x0000000008006920       0x58 Src/sysmem.o
                0x0000000008006920                _sbrk
 .text.SystemInit
                0x0000000008006978       0x6c Src/system_stm32f7xx.o
                0x0000000008006978                SystemInit
 .text.Reset_Handler
                0x00000000080069e4       0x50 Startup/startup_stm32f746nghx.o
                0x00000000080069e4                Reset_Handler
 .text.Default_Handler
                0x0000000008006a34        0x2 Startup/startup_stm32f746nghx.o
                0x0000000008006a34                RTC_Alarm_IRQHandler
                0x0000000008006a34                EXTI2_IRQHandler
                0x0000000008006a34                TIM8_CC_IRQHandler
                0x0000000008006a34                UART8_IRQHandler
                0x0000000008006a34                SPI4_IRQHandler
                0x0000000008006a34                TIM1_CC_IRQHandler
                0x0000000008006a34                DMA2_Stream5_IRQHandler
                0x0000000008006a34                DMA1_Stream5_IRQHandler
                0x0000000008006a34                PVD_IRQHandler
                0x0000000008006a34                TAMP_STAMP_IRQHandler
                0x0000000008006a34                CAN2_RX1_IRQHandler
                0x0000000008006a34                EXTI3_IRQHandler
                0x0000000008006a34                TIM1_UP_TIM10_IRQHandler
                0x0000000008006a34                TIM8_UP_TIM13_IRQHandler
                0x0000000008006a34                I2C3_ER_IRQHandler
                0x0000000008006a34                EXTI0_IRQHandler
                0x0000000008006a34                I2C2_EV_IRQHandler
                0x0000000008006a34                DMA1_Stream2_IRQHandler
                0x0000000008006a34                CAN1_RX0_IRQHandler
                0x0000000008006a34                FPU_IRQHandler
                0x0000000008006a34                OTG_HS_WKUP_IRQHandler
                0x0000000008006a34                LTDC_ER_IRQHandler
                0x0000000008006a34                CAN2_SCE_IRQHandler
                0x0000000008006a34                DMA2_Stream2_IRQHandler
                0x0000000008006a34                SPI1_IRQHandler
                0x0000000008006a34                TIM6_DAC_IRQHandler
                0x0000000008006a34                TIM1_BRK_TIM9_IRQHandler
                0x0000000008006a34                DCMI_IRQHandler
                0x0000000008006a34                CAN2_RX0_IRQHandler
                0x0000000008006a34                DMA2_Stream3_IRQHandler
                0x0000000008006a34                SAI2_IRQHandler
                0x0000000008006a34                USART6_IRQHandler
                0x0000000008006a34                USART3_IRQHandler
                0x0000000008006a34                CAN1_RX1_IRQHandler
                0x0000000008006a34                UART5_IRQHandler
                0x0000000008006a34                DMA2_Stream0_IRQHandler
                0x0000000008006a34                TIM4_IRQHandler
                0x0000000008006a34                QUADSPI_IRQHandler
                0x0000000008006a34                I2C1_EV_IRQHandler
                0x0000000008006a34                DMA1_Stream6_IRQHandler
                0x0000000008006a34                DMA1_Stream1_IRQHandler
                0x0000000008006a34                UART4_IRQHandler
                0x0000000008006a34                TIM3_IRQHandler
                0x0000000008006a34                RCC_IRQHandler
                0x0000000008006a34                TIM8_BRK_TIM12_IRQHandler
                0x0000000008006a34                Default_Handler
                0x0000000008006a34                CEC_IRQHandler
                0x0000000008006a34                ADC_IRQHandler
                0x0000000008006a34                DMA1_Stream7_IRQHandler
                0x0000000008006a34                SPI5_IRQHandler
                0x0000000008006a34                TIM7_IRQHandler
                0x0000000008006a34                SDMMC1_IRQHandler
                0x0000000008006a34                CAN2_TX_IRQHandler
                0x0000000008006a34                DMA2_Stream7_IRQHandler
                0x0000000008006a34                I2C3_EV_IRQHandler
                0x0000000008006a34                EXTI9_5_IRQHandler
                0x0000000008006a34                RTC_WKUP_IRQHandler
                0x0000000008006a34                LTDC_IRQHandler
                0x0000000008006a34                ETH_WKUP_IRQHandler
                0x0000000008006a34                SPDIF_RX_IRQHandler
                0x0000000008006a34                SPI2_IRQHandler
                0x0000000008006a34                OTG_HS_EP1_IN_IRQHandler
                0x0000000008006a34                DMA1_Stream0_IRQHandler
                0x0000000008006a34                CAN1_TX_IRQHandler
                0x0000000008006a34                EXTI4_IRQHandler
                0x0000000008006a34                RNG_IRQHandler
                0x0000000008006a34                ETH_IRQHandler
                0x0000000008006a34                OTG_HS_EP1_OUT_IRQHandler
                0x0000000008006a34                WWDG_IRQHandler
                0x0000000008006a34                SPI6_IRQHandler
                0x0000000008006a34                I2C4_EV_IRQHandler
                0x0000000008006a34                TIM2_IRQHandler
                0x0000000008006a34                OTG_FS_WKUP_IRQHandler
                0x0000000008006a34                TIM1_TRG_COM_TIM11_IRQHandler
                0x0000000008006a34                OTG_HS_IRQHandler
                0x0000000008006a34                DMA2D_IRQHandler
                0x0000000008006a34                EXTI1_IRQHandler
                0x0000000008006a34                UART7_IRQHandler
                0x0000000008006a34                USART2_IRQHandler
                0x0000000008006a34                I2C2_ER_IRQHandler
                0x0000000008006a34                DMA2_Stream1_IRQHandler
                0x0000000008006a34                CAN1_SCE_IRQHandler
                0x0000000008006a34                FLASH_IRQHandler
                0x0000000008006a34                DMA2_Stream4_IRQHandler
                0x0000000008006a34                OTG_FS_IRQHandler
                0x0000000008006a34                SPI3_IRQHandler
                0x0000000008006a34                DMA1_Stream4_IRQHandler
                0x0000000008006a34                I2C1_ER_IRQHandler
                0x0000000008006a34                FMC_IRQHandler
                0x0000000008006a34                LPTIM1_IRQHandler
                0x0000000008006a34                I2C4_ER_IRQHandler
                0x0000000008006a34                DMA2_Stream6_IRQHandler
                0x0000000008006a34                SAI1_IRQHandler
                0x0000000008006a34                DMA1_Stream3_IRQHandler
 *fill*         0x0000000008006a36        0x2 
 .text.__errno  0x0000000008006a38        0xc c:/st/stm32cubeide_1.0.2/stm32cubeide/plugins/com.st.stm32cube.ide.mcu.externaltools.gnu-tools-for-stm32.7-2018-q2-update.win32_1.0.0.201904181610/tools/bin/../lib/gcc/arm-none-eabi/7.3.1/../../../../arm-none-eabi/lib/thumb/v7e-m/fpv4-sp/hard\libc_nano.a(lib_a-errno.o)
                0x0000000008006a38                __errno
 .text.__libc_init_array
                0x0000000008006a44       0x48 c:/st/stm32cubeide_1.0.2/stm32cubeide/plugins/com.st.stm32cube.ide.mcu.externaltools.gnu-tools-for-stm32.7-2018-q2-update.win32_1.0.0.201904181610/tools/bin/../lib/gcc/arm-none-eabi/7.3.1/../../../../arm-none-eabi/lib/thumb/v7e-m/fpv4-sp/hard\libc_nano.a(lib_a-init.o)
                0x0000000008006a44                __libc_init_array
 .text.memcpy   0x0000000008006a8c       0x16 c:/st/stm32cubeide_1.0.2/stm32cubeide/plugins/com.st.stm32cube.ide.mcu.externaltools.gnu-tools-for-stm32.7-2018-q2-update.win32_1.0.0.201904181610/tools/bin/../lib/gcc/arm-none-eabi/7.3.1/../../../../arm-none-eabi/lib/thumb/v7e-m/fpv4-sp/hard\libc_nano.a(lib_a-memcpy-stub.o)
                0x0000000008006a8c                memcpy
 .text.memset   0x0000000008006aa2       0x10 c:/st/stm32cubeide_1.0.2/stm32cubeide/plugins/com.st.stm32cube.ide.mcu.externaltools.gnu-tools-for-stm32.7-2018-q2-update.win32_1.0.0.201904181610/tools/bin/../lib/gcc/arm-none-eabi/7.3.1/../../../../arm-none-eabi/lib/thumb/v7e-m/fpv4-sp/hard\libc_nano.a(lib_a-memset.o)
                0x0000000008006aa2                memset
 *fill*         0x0000000008006ab2        0x2 
 .text.printf   0x0000000008006ab4       0x30 c:/st/stm32cubeide_1.0.2/stm32cubeide/plugins/com.st.stm32cube.ide.mcu.externaltools.gnu-tools-for-stm32.7-2018-q2-update.win32_1.0.0.201904181610/tools/bin/../lib/gcc/arm-none-eabi/7.3.1/../../../../arm-none-eabi/lib/thumb/v7e-m/fpv4-sp/hard\libc_nano.a(lib_a-printf.o)
                0x0000000008006ab4                iprintf
                0x0000000008006ab4                printf
 .text.putchar  0x0000000008006ae4       0x28 c:/st/stm32cubeide_1.0.2/stm32cubeide/plugins/com.st.stm32cube.ide.mcu.externaltools.gnu-tools-for-stm32.7-2018-q2-update.win32_1.0.0.201904181610/tools/bin/../lib/gcc/arm-none-eabi/7.3.1/../../../../arm-none-eabi/lib/thumb/v7e-m/fpv4-sp/hard\libc_nano.a(lib_a-putchar.o)
                0x0000000008006ae4                putchar
 .text.std      0x0000000008006b0c       0x48 c:/st/stm32cubeide_1.0.2/stm32cubeide/plugins/com.st.stm32cube.ide.mcu.externaltools.gnu-tools-for-stm32.7-2018-q2-update.win32_1.0.0.201904181610/tools/bin/../lib/gcc/arm-none-eabi/7.3.1/../../../../arm-none-eabi/lib/thumb/v7e-m/fpv4-sp/hard\libc_nano.a(lib_a-findfp.o)
 .text._cleanup_r
                0x0000000008006b54        0xc c:/st/stm32cubeide_1.0.2/stm32cubeide/plugins/com.st.stm32cube.ide.mcu.externaltools.gnu-tools-for-stm32.7-2018-q2-update.win32_1.0.0.201904181610/tools/bin/../lib/gcc/arm-none-eabi/7.3.1/../../../../arm-none-eabi/lib/thumb/v7e-m/fpv4-sp/hard\libc_nano.a(lib_a-findfp.o)
                0x0000000008006b54                _cleanup_r
 .text.__sfmoreglue
                0x0000000008006b60       0x2c c:/st/stm32cubeide_1.0.2/stm32cubeide/plugins/com.st.stm32cube.ide.mcu.externaltools.gnu-tools-for-stm32.7-2018-q2-update.win32_1.0.0.201904181610/tools/bin/../lib/gcc/arm-none-eabi/7.3.1/../../../../arm-none-eabi/lib/thumb/v7e-m/fpv4-sp/hard\libc_nano.a(lib_a-findfp.o)
                0x0000000008006b60                __sfmoreglue
 .text.__sinit  0x0000000008006b8c       0x60 c:/st/stm32cubeide_1.0.2/stm32cubeide/plugins/com.st.stm32cube.ide.mcu.externaltools.gnu-tools-for-stm32.7-2018-q2-update.win32_1.0.0.201904181610/tools/bin/../lib/gcc/arm-none-eabi/7.3.1/../../../../arm-none-eabi/lib/thumb/v7e-m/fpv4-sp/hard\libc_nano.a(lib_a-findfp.o)
                0x0000000008006b8c                __sinit
 .text.__sfp    0x0000000008006bec       0x78 c:/st/stm32cubeide_1.0.2/stm32cubeide/plugins/com.st.stm32cube.ide.mcu.externaltools.gnu-tools-for-stm32.7-2018-q2-update.win32_1.0.0.201904181610/tools/bin/../lib/gcc/arm-none-eabi/7.3.1/../../../../arm-none-eabi/lib/thumb/v7e-m/fpv4-sp/hard\libc_nano.a(lib_a-findfp.o)
                0x0000000008006bec                __sfp
 .text._fwalk_reent
                0x0000000008006c64       0x3c c:/st/stm32cubeide_1.0.2/stm32cubeide/plugins/com.st.stm32cube.ide.mcu.externaltools.gnu-tools-for-stm32.7-2018-q2-update.win32_1.0.0.201904181610/tools/bin/../lib/gcc/arm-none-eabi/7.3.1/../../../../arm-none-eabi/lib/thumb/v7e-m/fpv4-sp/hard\libc_nano.a(lib_a-fwalk.o)
                0x0000000008006c64                _fwalk_reent
 .text._malloc_r
                0x0000000008006ca0       0xb4 c:/st/stm32cubeide_1.0.2/stm32cubeide/plugins/com.st.stm32cube.ide.mcu.externaltools.gnu-tools-for-stm32.7-2018-q2-update.win32_1.0.0.201904181610/tools/bin/../lib/gcc/arm-none-eabi/7.3.1/../../../../arm-none-eabi/lib/thumb/v7e-m/fpv4-sp/hard\libc_nano.a(lib_a-nano-mallocr.o)
                0x0000000008006ca0                _malloc_r
 .text.__sfputc_r
                0x0000000008006d54       0x2e c:/st/stm32cubeide_1.0.2/stm32cubeide/plugins/com.st.stm32cube.ide.mcu.externaltools.gnu-tools-for-stm32.7-2018-q2-update.win32_1.0.0.201904181610/tools/bin/../lib/gcc/arm-none-eabi/7.3.1/../../../../arm-none-eabi/lib/thumb/v7e-m/fpv4-sp/hard\libc_nano.a(lib_a-nano-vfprintf.o)
 .text.__sfputs_r
                0x0000000008006d82       0x24 c:/st/stm32cubeide_1.0.2/stm32cubeide/plugins/com.st.stm32cube.ide.mcu.externaltools.gnu-tools-for-stm32.7-2018-q2-update.win32_1.0.0.201904181610/tools/bin/../lib/gcc/arm-none-eabi/7.3.1/../../../../arm-none-eabi/lib/thumb/v7e-m/fpv4-sp/hard\libc_nano.a(lib_a-nano-vfprintf.o)
                0x0000000008006d82                __sfputs_r
 *fill*         0x0000000008006da6        0x2 
 .text._vfprintf_r
                0x0000000008006da8      0x22c c:/st/stm32cubeide_1.0.2/stm32cubeide/plugins/com.st.stm32cube.ide.mcu.externaltools.gnu-tools-for-stm32.7-2018-q2-update.win32_1.0.0.201904181610/tools/bin/../lib/gcc/arm-none-eabi/7.3.1/../../../../arm-none-eabi/lib/thumb/v7e-m/fpv4-sp/hard\libc_nano.a(lib_a-nano-vfprintf.o)
                0x0000000008006da8                _vfprintf_r
                0x0000000008006da8                _vfiprintf_r
 .text._printf_common
                0x0000000008006fd4       0xea c:/st/stm32cubeide_1.0.2/stm32cubeide/plugins/com.st.stm32cube.ide.mcu.externaltools.gnu-tools-for-stm32.7-2018-q2-update.win32_1.0.0.201904181610/tools/bin/../lib/gcc/arm-none-eabi/7.3.1/../../../../arm-none-eabi/lib/thumb/v7e-m/fpv4-sp/hard\libc_nano.a(lib_a-nano-vfprintf_i.o)
                0x0000000008006fd4                _printf_common
 *fill*         0x00000000080070be        0x2 
 .text._printf_i
                0x00000000080070c0      0x224 c:/st/stm32cubeide_1.0.2/stm32cubeide/plugins/com.st.stm32cube.ide.mcu.externaltools.gnu-tools-for-stm32.7-2018-q2-update.win32_1.0.0.201904181610/tools/bin/../lib/gcc/arm-none-eabi/7.3.1/../../../../arm-none-eabi/lib/thumb/v7e-m/fpv4-sp/hard\libc_nano.a(lib_a-nano-vfprintf_i.o)
                0x00000000080070c0                _printf_i
 .text._putc_r  0x00000000080072e4       0x6c c:/st/stm32cubeide_1.0.2/stm32cubeide/plugins/com.st.stm32cube.ide.mcu.externaltools.gnu-tools-for-stm32.7-2018-q2-update.win32_1.0.0.201904181610/tools/bin/../lib/gcc/arm-none-eabi/7.3.1/../../../../arm-none-eabi/lib/thumb/v7e-m/fpv4-sp/hard\libc_nano.a(lib_a-putc.o)
                0x00000000080072e4                _putc_r
 .text._sbrk_r  0x0000000008007350       0x20 c:/st/stm32cubeide_1.0.2/stm32cubeide/plugins/com.st.stm32cube.ide.mcu.externaltools.gnu-tools-for-stm32.7-2018-q2-update.win32_1.0.0.201904181610/tools/bin/../lib/gcc/arm-none-eabi/7.3.1/../../../../arm-none-eabi/lib/thumb/v7e-m/fpv4-sp/hard\libc_nano.a(lib_a-sbrkr.o)
                0x0000000008007350                _sbrk_r
 .text.__sread  0x0000000008007370       0x22 c:/st/stm32cubeide_1.0.2/stm32cubeide/plugins/com.st.stm32cube.ide.mcu.externaltools.gnu-tools-for-stm32.7-2018-q2-update.win32_1.0.0.201904181610/tools/bin/../lib/gcc/arm-none-eabi/7.3.1/../../../../arm-none-eabi/lib/thumb/v7e-m/fpv4-sp/hard\libc_nano.a(lib_a-stdio.o)
                0x0000000008007370                __sread
 .text.__swrite
                0x0000000008007392       0x38 c:/st/stm32cubeide_1.0.2/stm32cubeide/plugins/com.st.stm32cube.ide.mcu.externaltools.gnu-tools-for-stm32.7-2018-q2-update.win32_1.0.0.201904181610/tools/bin/../lib/gcc/arm-none-eabi/7.3.1/../../../../arm-none-eabi/lib/thumb/v7e-m/fpv4-sp/hard\libc_nano.a(lib_a-stdio.o)
                0x0000000008007392                __swrite
 .text.__sseek  0x00000000080073ca       0x24 c:/st/stm32cubeide_1.0.2/stm32cubeide/plugins/com.st.stm32cube.ide.mcu.externaltools.gnu-tools-for-stm32.7-2018-q2-update.win32_1.0.0.201904181610/tools/bin/../lib/gcc/arm-none-eabi/7.3.1/../../../../arm-none-eabi/lib/thumb/v7e-m/fpv4-sp/hard\libc_nano.a(lib_a-stdio.o)
                0x00000000080073ca                __sseek
 .text.__sclose
                0x00000000080073ee        0x8 c:/st/stm32cubeide_1.0.2/stm32cubeide/plugins/com.st.stm32cube.ide.mcu.externaltools.gnu-tools-for-stm32.7-2018-q2-update.win32_1.0.0.201904181610/tools/bin/../lib/gcc/arm-none-eabi/7.3.1/../../../../arm-none-eabi/lib/thumb/v7e-m/fpv4-sp/hard\libc_nano.a(lib_a-stdio.o)
                0x00000000080073ee                __sclose
 *fill*         0x00000000080073f6        0x2 
 .text.__swbuf_r
                0x00000000080073f8       0xa4 c:/st/stm32cubeide_1.0.2/stm32cubeide/plugins/com.st.stm32cube.ide.mcu.externaltools.gnu-tools-for-stm32.7-2018-q2-update.win32_1.0.0.201904181610/tools/bin/../lib/gcc/arm-none-eabi/7.3.1/../../../../arm-none-eabi/lib/thumb/v7e-m/fpv4-sp/hard\libc_nano.a(lib_a-wbuf.o)
                0x00000000080073f8                __swbuf_r
 .text._write_r
                0x000000000800749c       0x24 c:/st/stm32cubeide_1.0.2/stm32cubeide/plugins/com.st.stm32cube.ide.mcu.externaltools.gnu-tools-for-stm32.7-2018-q2-update.win32_1.0.0.201904181610/tools/bin/../lib/gcc/arm-none-eabi/7.3.1/../../../../arm-none-eabi/lib/thumb/v7e-m/fpv4-sp/hard\libc_nano.a(lib_a-writer.o)
                0x000000000800749c                _write_r
 .text.__swsetup_r
                0x00000000080074c0       0xdc c:/st/stm32cubeide_1.0.2/stm32cubeide/plugins/com.st.stm32cube.ide.mcu.externaltools.gnu-tools-for-stm32.7-2018-q2-update.win32_1.0.0.201904181610/tools/bin/../lib/gcc/arm-none-eabi/7.3.1/../../../../arm-none-eabi/lib/thumb/v7e-m/fpv4-sp/hard\libc_nano.a(lib_a-wsetup.o)
                0x00000000080074c0                __swsetup_r
 .text._close_r
                0x000000000800759c       0x20 c:/st/stm32cubeide_1.0.2/stm32cubeide/plugins/com.st.stm32cube.ide.mcu.externaltools.gnu-tools-for-stm32.7-2018-q2-update.win32_1.0.0.201904181610/tools/bin/../lib/gcc/arm-none-eabi/7.3.1/../../../../arm-none-eabi/lib/thumb/v7e-m/fpv4-sp/hard\libc_nano.a(lib_a-closer.o)
                0x000000000800759c                _close_r
 .text.__sflush_r
                0x00000000080075bc      0x10c c:/st/stm32cubeide_1.0.2/stm32cubeide/plugins/com.st.stm32cube.ide.mcu.externaltools.gnu-tools-for-stm32.7-2018-q2-update.win32_1.0.0.201904181610/tools/bin/../lib/gcc/arm-none-eabi/7.3.1/../../../../arm-none-eabi/lib/thumb/v7e-m/fpv4-sp/hard\libc_nano.a(lib_a-fflush.o)
                0x00000000080075bc                __sflush_r
 .text._fflush_r
                0x00000000080076c8       0x54 c:/st/stm32cubeide_1.0.2/stm32cubeide/plugins/com.st.stm32cube.ide.mcu.externaltools.gnu-tools-for-stm32.7-2018-q2-update.win32_1.0.0.201904181610/tools/bin/../lib/gcc/arm-none-eabi/7.3.1/../../../../arm-none-eabi/lib/thumb/v7e-m/fpv4-sp/hard\libc_nano.a(lib_a-fflush.o)
                0x00000000080076c8                _fflush_r
 .text._lseek_r
                0x000000000800771c       0x24 c:/st/stm32cubeide_1.0.2/stm32cubeide/plugins/com.st.stm32cube.ide.mcu.externaltools.gnu-tools-for-stm32.7-2018-q2-update.win32_1.0.0.201904181610/tools/bin/../lib/gcc/arm-none-eabi/7.3.1/../../../../arm-none-eabi/lib/thumb/v7e-m/fpv4-sp/hard\libc_nano.a(lib_a-lseekr.o)
                0x000000000800771c                _lseek_r
 .text.__swhatbuf_r
                0x0000000008007740       0x48 c:/st/stm32cubeide_1.0.2/stm32cubeide/plugins/com.st.stm32cube.ide.mcu.externaltools.gnu-tools-for-stm32.7-2018-q2-update.win32_1.0.0.201904181610/tools/bin/../lib/gcc/arm-none-eabi/7.3.1/../../../../arm-none-eabi/lib/thumb/v7e-m/fpv4-sp/hard\libc_nano.a(lib_a-makebuf.o)
                0x0000000008007740                __swhatbuf_r
 .text.__smakebuf_r
                0x0000000008007788       0x80 c:/st/stm32cubeide_1.0.2/stm32cubeide/plugins/com.st.stm32cube.ide.mcu.externaltools.gnu-tools-for-stm32.7-2018-q2-update.win32_1.0.0.201904181610/tools/bin/../lib/gcc/arm-none-eabi/7.3.1/../../../../arm-none-eabi/lib/thumb/v7e-m/fpv4-sp/hard\libc_nano.a(lib_a-makebuf.o)
                0x0000000008007788                __smakebuf_r
 .text.__malloc_lock
                0x0000000008007808        0x2 c:/st/stm32cubeide_1.0.2/stm32cubeide/plugins/com.st.stm32cube.ide.mcu.externaltools.gnu-tools-for-stm32.7-2018-q2-update.win32_1.0.0.201904181610/tools/bin/../lib/gcc/arm-none-eabi/7.3.1/../../../../arm-none-eabi/lib/thumb/v7e-m/fpv4-sp/hard\libc_nano.a(lib_a-mlock.o)
                0x0000000008007808                __malloc_lock
 .text.__malloc_unlock
                0x000000000800780a        0x2 c:/st/stm32cubeide_1.0.2/stm32cubeide/plugins/com.st.stm32cube.ide.mcu.externaltools.gnu-tools-for-stm32.7-2018-q2-update.win32_1.0.0.201904181610/tools/bin/../lib/gcc/arm-none-eabi/7.3.1/../../../../arm-none-eabi/lib/thumb/v7e-m/fpv4-sp/hard\libc_nano.a(lib_a-mlock.o)
                0x000000000800780a                __malloc_unlock
 .text._free_r  0x000000000800780c       0x9c c:/st/stm32cubeide_1.0.2/stm32cubeide/plugins/com.st.stm32cube.ide.mcu.externaltools.gnu-tools-for-stm32.7-2018-q2-update.win32_1.0.0.201904181610/tools/bin/../lib/gcc/arm-none-eabi/7.3.1/../../../../arm-none-eabi/lib/thumb/v7e-m/fpv4-sp/hard\libc_nano.a(lib_a-nano-freer.o)
                0x000000000800780c                _free_r
 .text._read_r  0x00000000080078a8       0x24 c:/st/stm32cubeide_1.0.2/stm32cubeide/plugins/com.st.stm32cube.ide.mcu.externaltools.gnu-tools-for-stm32.7-2018-q2-update.win32_1.0.0.201904181610/tools/bin/../lib/gcc/arm-none-eabi/7.3.1/../../../../arm-none-eabi/lib/thumb/v7e-m/fpv4-sp/hard\libc_nano.a(lib_a-readr.o)
                0x00000000080078a8                _read_r
 .text._fstat_r
                0x00000000080078cc       0x24 c:/st/stm32cubeide_1.0.2/stm32cubeide/plugins/com.st.stm32cube.ide.mcu.externaltools.gnu-tools-for-stm32.7-2018-q2-update.win32_1.0.0.201904181610/tools/bin/../lib/gcc/arm-none-eabi/7.3.1/../../../../arm-none-eabi/lib/thumb/v7e-m/fpv4-sp/hard\libc_nano.a(lib_a-fstatr.o)
                0x00000000080078cc                _fstat_r
 .text._isatty_r
                0x00000000080078f0       0x20 c:/st/stm32cubeide_1.0.2/stm32cubeide/plugins/com.st.stm32cube.ide.mcu.externaltools.gnu-tools-for-stm32.7-2018-q2-update.win32_1.0.0.201904181610/tools/bin/../lib/gcc/arm-none-eabi/7.3.1/../../../../arm-none-eabi/lib/thumb/v7e-m/fpv4-sp/hard\libc_nano.a(lib_a-isattyr.o)
                0x00000000080078f0                _isatty_r
 *(.glue_7)
 .glue_7        0x0000000008007910        0x0 linker stubs
 *(.glue_7t)
 .glue_7t       0x0000000008007910        0x0 linker stubs
 *(.eh_frame)
 .eh_frame      0x0000000008007910        0x0 c:/st/stm32cubeide_1.0.2/stm32cubeide/plugins/com.st.stm32cube.ide.mcu.externaltools.gnu-tools-for-stm32.7-2018-q2-update.win32_1.0.0.201904181610/tools/bin/../lib/gcc/arm-none-eabi/7.3.1/thumb/v7e-m/fpv4-sp/hard/crtbegin.o
 *(.init)
 .init          0x0000000008007910        0x4 c:/st/stm32cubeide_1.0.2/stm32cubeide/plugins/com.st.stm32cube.ide.mcu.externaltools.gnu-tools-for-stm32.7-2018-q2-update.win32_1.0.0.201904181610/tools/bin/../lib/gcc/arm-none-eabi/7.3.1/thumb/v7e-m/fpv4-sp/hard/crti.o
                0x0000000008007910                _init
 .init          0x0000000008007914        0x8 c:/st/stm32cubeide_1.0.2/stm32cubeide/plugins/com.st.stm32cube.ide.mcu.externaltools.gnu-tools-for-stm32.7-2018-q2-update.win32_1.0.0.201904181610/tools/bin/../lib/gcc/arm-none-eabi/7.3.1/thumb/v7e-m/fpv4-sp/hard/crtn.o
 *(.fini)
 .fini          0x000000000800791c        0x4 c:/st/stm32cubeide_1.0.2/stm32cubeide/plugins/com.st.stm32cube.ide.mcu.externaltools.gnu-tools-for-stm32.7-2018-q2-update.win32_1.0.0.201904181610/tools/bin/../lib/gcc/arm-none-eabi/7.3.1/thumb/v7e-m/fpv4-sp/hard/crti.o
                0x000000000800791c                _fini
 .fini          0x0000000008007920        0x8 c:/st/stm32cubeide_1.0.2/stm32cubeide/plugins/com.st.stm32cube.ide.mcu.externaltools.gnu-tools-for-stm32.7-2018-q2-update.win32_1.0.0.201904181610/tools/bin/../lib/gcc/arm-none-eabi/7.3.1/thumb/v7e-m/fpv4-sp/hard/crtn.o
                0x0000000008007928                . = ALIGN (0x4)
                0x0000000008007928                _etext = .

.vfp11_veneer   0x0000000008007928        0x0
 .vfp11_veneer  0x0000000008007928        0x0 linker stubs

.v4_bx          0x0000000008007928        0x0
 .v4_bx         0x0000000008007928        0x0 linker stubs

.iplt           0x0000000008007928        0x0
 .iplt          0x0000000008007928        0x0 c:/st/stm32cubeide_1.0.2/stm32cubeide/plugins/com.st.stm32cube.ide.mcu.externaltools.gnu-tools-for-stm32.7-2018-q2-update.win32_1.0.0.201904181610/tools/bin/../lib/gcc/arm-none-eabi/7.3.1/thumb/v7e-m/fpv4-sp/hard/crtbegin.o

.rodata         0x0000000008007928      0x184
                0x0000000008007928                . = ALIGN (0x4)
 *(.rodata)
 .rodata        0x0000000008007928        0x5 Middlewares/FreeRTOS/tasks.o
 *fill*         0x000000000800792d        0x3 
 .rodata        0x0000000008007930        0x6 Src/linked_list.o
 *fill*         0x0000000008007936        0x2 
 .rodata        0x0000000008007938       0xc2 Src/main.o
 *(.rodata*)
 *fill*         0x00000000080079fa        0x2 
 .rodata.AHBPrescTable
                0x00000000080079fc       0x10 Src/system_stm32f7xx.o
                0x00000000080079fc                AHBPrescTable
 .rodata.APBPrescTable
                0x0000000008007a0c        0x8 Src/system_stm32f7xx.o
                0x0000000008007a0c                APBPrescTable
 .rodata._global_impure_ptr
                0x0000000008007a14        0x4 c:/st/stm32cubeide_1.0.2/stm32cubeide/plugins/com.st.stm32cube.ide.mcu.externaltools.gnu-tools-for-stm32.7-2018-q2-update.win32_1.0.0.201904181610/tools/bin/../lib/gcc/arm-none-eabi/7.3.1/../../../../arm-none-eabi/lib/thumb/v7e-m/fpv4-sp/hard\libc_nano.a(lib_a-impure.o)
                0x0000000008007a14                _global_impure_ptr
 .rodata.__sf_fake_stderr
                0x0000000008007a18       0x20 c:/st/stm32cubeide_1.0.2/stm32cubeide/plugins/com.st.stm32cube.ide.mcu.externaltools.gnu-tools-for-stm32.7-2018-q2-update.win32_1.0.0.201904181610/tools/bin/../lib/gcc/arm-none-eabi/7.3.1/../../../../arm-none-eabi/lib/thumb/v7e-m/fpv4-sp/hard\libc_nano.a(lib_a-findfp.o)
                0x0000000008007a18                __sf_fake_stderr
 .rodata.__sf_fake_stdin
                0x0000000008007a38       0x20 c:/st/stm32cubeide_1.0.2/stm32cubeide/plugins/com.st.stm32cube.ide.mcu.externaltools.gnu-tools-for-stm32.7-2018-q2-update.win32_1.0.0.201904181610/tools/bin/../lib/gcc/arm-none-eabi/7.3.1/../../../../arm-none-eabi/lib/thumb/v7e-m/fpv4-sp/hard\libc_nano.a(lib_a-findfp.o)
                0x0000000008007a38                __sf_fake_stdin
 .rodata.__sf_fake_stdout
                0x0000000008007a58       0x20 c:/st/stm32cubeide_1.0.2/stm32cubeide/plugins/com.st.stm32cube.ide.mcu.externaltools.gnu-tools-for-stm32.7-2018-q2-update.win32_1.0.0.201904181610/tools/bin/../lib/gcc/arm-none-eabi/7.3.1/../../../../arm-none-eabi/lib/thumb/v7e-m/fpv4-sp/hard\libc_nano.a(lib_a-findfp.o)
                0x0000000008007a58                __sf_fake_stdout
 .rodata._vfprintf_r.str1.1
                0x0000000008007a78       0x11 c:/st/stm32cubeide_1.0.2/stm32cubeide/plugins/com.st.stm32cube.ide.mcu.externaltools.gnu-tools-for-stm32.7-2018-q2-update.win32_1.0.0.201904181610/tools/bin/../lib/gcc/arm-none-eabi/7.3.1/../../../../arm-none-eabi/lib/thumb/v7e-m/fpv4-sp/hard\libc_nano.a(lib_a-nano-vfprintf.o)
 .rodata._printf_i.str1.1
                0x0000000008007a89       0x22 c:/st/stm32cubeide_1.0.2/stm32cubeide/plugins/com.st.stm32cube.ide.mcu.externaltools.gnu-tools-for-stm32.7-2018-q2-update.win32_1.0.0.201904181610/tools/bin/../lib/gcc/arm-none-eabi/7.3.1/../../../../arm-none-eabi/lib/thumb/v7e-m/fpv4-sp/hard\libc_nano.a(lib_a-nano-vfprintf_i.o)
                0x0000000008007aac                . = ALIGN (0x4)
 *fill*         0x0000000008007aab        0x1 

.ARM.extab      0x0000000008007aac        0x0
                0x0000000008007aac                . = ALIGN (0x4)
 *(.ARM.extab* .gnu.linkonce.armextab.*)
                0x0000000008007aac                . = ALIGN (0x4)

.ARM            0x0000000008007aac        0x8
                0x0000000008007aac                . = ALIGN (0x4)
                0x0000000008007aac                __exidx_start = .
 *(.ARM.exidx*)
 .ARM.exidx     0x0000000008007aac        0x8 c:/st/stm32cubeide_1.0.2/stm32cubeide/plugins/com.st.stm32cube.ide.mcu.externaltools.gnu-tools-for-stm32.7-2018-q2-update.win32_1.0.0.201904181610/tools/bin/../lib/gcc/arm-none-eabi/7.3.1/thumb/v7e-m/fpv4-sp/hard\libgcc.a(_udivmoddi4.o)
                0x0000000008007ab4                __exidx_end = .
                0x0000000008007ab4                . = ALIGN (0x4)

.rel.dyn        0x0000000008007ab4        0x0
 .rel.iplt      0x0000000008007ab4        0x0 c:/st/stm32cubeide_1.0.2/stm32cubeide/plugins/com.st.stm32cube.ide.mcu.externaltools.gnu-tools-for-stm32.7-2018-q2-update.win32_1.0.0.201904181610/tools/bin/../lib/gcc/arm-none-eabi/7.3.1/thumb/v7e-m/fpv4-sp/hard/crtbegin.o

.preinit_array  0x0000000008007ab4        0x0
                0x0000000008007ab4                . = ALIGN (0x4)
                0x0000000008007ab4                PROVIDE (__preinit_array_start = .)
 *(.preinit_array*)
                0x0000000008007ab4                PROVIDE (__preinit_array_end = .)
                0x0000000008007ab4                . = ALIGN (0x4)

.init_array     0x0000000008007ab4        0x4
                0x0000000008007ab4                . = ALIGN (0x4)
                0x0000000008007ab4                PROVIDE (__init_array_start = .)
 *(SORT_BY_NAME(.init_array.*))
 *(.init_array*)
 .init_array    0x0000000008007ab4        0x4 c:/st/stm32cubeide_1.0.2/stm32cubeide/plugins/com.st.stm32cube.ide.mcu.externaltools.gnu-tools-for-stm32.7-2018-q2-update.win32_1.0.0.201904181610/tools/bin/../lib/gcc/arm-none-eabi/7.3.1/thumb/v7e-m/fpv4-sp/hard/crtbegin.o
                0x0000000008007ab8                PROVIDE (__init_array_end = .)
                0x0000000008007ab8                . = ALIGN (0x4)

.fini_array     0x0000000008007ab8        0x4
                0x0000000008007ab8                . = ALIGN (0x4)
                [!provide]                        PROVIDE (__fini_array_start = .)
 *(SORT_BY_NAME(.fini_array.*))
 *(.fini_array*)
 .fini_array    0x0000000008007ab8        0x4 c:/st/stm32cubeide_1.0.2/stm32cubeide/plugins/com.st.stm32cube.ide.mcu.externaltools.gnu-tools-for-stm32.7-2018-q2-update.win32_1.0.0.201904181610/tools/bin/../lib/gcc/arm-none-eabi/7.3.1/thumb/v7e-m/fpv4-sp/hard/crtbegin.o
                [!provide]                        PROVIDE (__fini_array_end = .)
                0x0000000008007abc                . = ALIGN (0x4)
                0x0000000008007abc                _sidata = LOADADDR (.data)

.data           0x0000000020000000       0x70 load address 0x0000000008007abc
                0x0000000020000000                . = ALIGN (0x4)
                0x0000000020000000                _sdata = .
 *(.data)
 *(.data*)
 .data.uwTickFreq
                0x0000000020000000        0x1 Drivers/STM32F7xx_HAL_Driver/stm32f7xx_hal.o
                0x0000000020000000                uwTickFreq
 *fill*         0x0000000020000001        0x3 
 .data.uxCriticalNesting
                0x0000000020000004        0x4 Middlewares/FreeRTOS/port.o
 .data.SystemCoreClock
                0x0000000020000008        0x4 Src/system_stm32f7xx.o
                0x0000000020000008                SystemCoreClock
 .data._impure_ptr
                0x000000002000000c        0x4 c:/st/stm32cubeide_1.0.2/stm32cubeide/plugins/com.st.stm32cube.ide.mcu.externaltools.gnu-tools-for-stm32.7-2018-q2-update.win32_1.0.0.201904181610/tools/bin/../lib/gcc/arm-none-eabi/7.3.1/../../../../arm-none-eabi/lib/thumb/v7e-m/fpv4-sp/hard\libc_nano.a(lib_a-impure.o)
                0x000000002000000c                _impure_ptr
 .data.impure_data
                0x0000000020000010       0x60 c:/st/stm32cubeide_1.0.2/stm32cubeide/plugins/com.st.stm32cube.ide.mcu.externaltools.gnu-tools-for-stm32.7-2018-q2-update.win32_1.0.0.201904181610/tools/bin/../lib/gcc/arm-none-eabi/7.3.1/../../../../arm-none-eabi/lib/thumb/v7e-m/fpv4-sp/hard\libc_nano.a(lib_a-impure.o)
                0x0000000020000070                . = ALIGN (0x4)
                0x0000000020000070                _edata = .

.igot.plt       0x0000000020000070        0x0 load address 0x0000000008007b2c
 .igot.plt      0x0000000020000070        0x0 c:/st/stm32cubeide_1.0.2/stm32cubeide/plugins/com.st.stm32cube.ide.mcu.externaltools.gnu-tools-for-stm32.7-2018-q2-update.win32_1.0.0.201904181610/tools/bin/../lib/gcc/arm-none-eabi/7.3.1/thumb/v7e-m/fpv4-sp/hard/crtbegin.o
                0x0000000020000070                . = ALIGN (0x4)

.bss            0x0000000020000070     0x3fc0 load address 0x0000000008007b2c
                0x0000000020000070                _sbss = .
                0x0000000020000070                __bss_start__ = _sbss
 *(.bss)
 .bss           0x0000000020000070       0x1c c:/st/stm32cubeide_1.0.2/stm32cubeide/plugins/com.st.stm32cube.ide.mcu.externaltools.gnu-tools-for-stm32.7-2018-q2-update.win32_1.0.0.201904181610/tools/bin/../lib/gcc/arm-none-eabi/7.3.1/thumb/v7e-m/fpv4-sp/hard/crtbegin.o
 *(.bss*)
 .bss.ucHeap    0x000000002000008c     0x3c00 Middlewares/FreeRTOS/heap_4.o
 .bss.xStart    0x0000000020003c8c        0x8 Middlewares/FreeRTOS/heap_4.o
 .bss.pxEnd     0x0000000020003c94        0x4 Middlewares/FreeRTOS/heap_4.o
 .bss.xFreeBytesRemaining
                0x0000000020003c98        0x4 Middlewares/FreeRTOS/heap_4.o
 .bss.xMinimumEverFreeBytesRemaining
                0x0000000020003c9c        0x4 Middlewares/FreeRTOS/heap_4.o
 .bss.xBlockAllocatedBit
                0x0000000020003ca0        0x4 Middlewares/FreeRTOS/heap_4.o
 .bss.ucMaxSysCallPriority
                0x0000000020003ca4        0x1 Middlewares/FreeRTOS/port.o
 *fill*         0x0000000020003ca5        0x3 
 .bss.ulMaxPRIGROUPValue
                0x0000000020003ca8        0x4 Middlewares/FreeRTOS/port.o
 .bss.pxCurrentTCB
                0x0000000020003cac        0x4 Middlewares/FreeRTOS/tasks.o
                0x0000000020003cac                pxCurrentTCB
 .bss.pxReadyTasksLists
                0x0000000020003cb0       0x8c Middlewares/FreeRTOS/tasks.o
 .bss.xDelayedTaskList1
                0x0000000020003d3c       0x14 Middlewares/FreeRTOS/tasks.o
 .bss.xDelayedTaskList2
                0x0000000020003d50       0x14 Middlewares/FreeRTOS/tasks.o
 .bss.pxDelayedTaskList
                0x0000000020003d64        0x4 Middlewares/FreeRTOS/tasks.o
 .bss.pxOverflowDelayedTaskList
                0x0000000020003d68        0x4 Middlewares/FreeRTOS/tasks.o
 .bss.xPendingReadyList
                0x0000000020003d6c       0x14 Middlewares/FreeRTOS/tasks.o
 .bss.xTasksWaitingTermination
                0x0000000020003d80       0x14 Middlewares/FreeRTOS/tasks.o
 .bss.uxDeletedTasksWaitingCleanUp
                0x0000000020003d94        0x4 Middlewares/FreeRTOS/tasks.o
 .bss.xSuspendedTaskList
                0x0000000020003d98       0x14 Middlewares/FreeRTOS/tasks.o
 .bss.uxCurrentNumberOfTasks
                0x0000000020003dac        0x4 Middlewares/FreeRTOS/tasks.o
 .bss.xTickCount
                0x0000000020003db0        0x4 Middlewares/FreeRTOS/tasks.o
 .bss.uxTopReadyPriority
                0x0000000020003db4        0x4 Middlewares/FreeRTOS/tasks.o
 .bss.xSchedulerRunning
                0x0000000020003db8        0x4 Middlewares/FreeRTOS/tasks.o
 .bss.uxPendedTicks
                0x0000000020003dbc        0x4 Middlewares/FreeRTOS/tasks.o
 .bss.xYieldPending
                0x0000000020003dc0        0x4 Middlewares/FreeRTOS/tasks.o
 .bss.xNumOfOverflows
                0x0000000020003dc4        0x4 Middlewares/FreeRTOS/tasks.o
 .bss.uxTaskNumber
                0x0000000020003dc8        0x4 Middlewares/FreeRTOS/tasks.o
 .bss.xNextTaskUnblockTime
                0x0000000020003dcc        0x4 Middlewares/FreeRTOS/tasks.o
 .bss.xIdleTaskHandle
                0x0000000020003dd0        0x4 Middlewares/FreeRTOS/tasks.o
 .bss.uxSchedulerSuspended
                0x0000000020003dd4        0x4 Middlewares/FreeRTOS/tasks.o
 .bss.prog_state
                0x0000000020003dd8        0x4 Src/main.o
                0x0000000020003dd8                prog_state
 .bss.prev_start_time
                0x0000000020003ddc        0x4 Src/main.o
                0x0000000020003ddc                prev_start_time
 .bss.time_counter
                0x0000000020003de0        0x4 Src/main.o
                0x0000000020003de0                time_counter
 .bss.print_state
                0x0000000020003de4        0x4 Src/main.o
                0x0000000020003de4                print_state
 .bss.heap_end.6424
                0x0000000020003de8        0x4 Src/sysmem.o
 .bss.__malloc_free_list
                0x0000000020003dec        0x4 c:/st/stm32cubeide_1.0.2/stm32cubeide/plugins/com.st.stm32cube.ide.mcu.externaltools.gnu-tools-for-stm32.7-2018-q2-update.win32_1.0.0.201904181610/tools/bin/../lib/gcc/arm-none-eabi/7.3.1/../../../../arm-none-eabi/lib/thumb/v7e-m/fpv4-sp/hard\libc_nano.a(lib_a-nano-mallocr.o)
                0x0000000020003dec                __malloc_free_list
 .bss.__malloc_sbrk_start
                0x0000000020003df0        0x4 c:/st/stm32cubeide_1.0.2/stm32cubeide/plugins/com.st.stm32cube.ide.mcu.externaltools.gnu-tools-for-stm32.7-2018-q2-update.win32_1.0.0.201904181610/tools/bin/../lib/gcc/arm-none-eabi/7.3.1/../../../../arm-none-eabi/lib/thumb/v7e-m/fpv4-sp/hard\libc_nano.a(lib_a-nano-mallocr.o)
                0x0000000020003df0                __malloc_sbrk_start
 *(COMMON)
 COMMON         0x0000000020003df4        0x4 Drivers/STM32F7xx_HAL_Driver/stm32f7xx_hal.o
                0x0000000020003df4                uwTick
 COMMON         0x0000000020003df8      0x1f4 Src/main.o
                0x0000000020003df8                PrinterHandle
                0x0000000020003dfc                defaultTaskHandle
                0x0000000020003e00                character
                0x0000000020003e04                PopBackHandle
                0x0000000020003e08                LinkedListMutexHandle
                0x0000000020003e0c                TimerStarterHandle
                0x0000000020003e10                htim5
                0x0000000020003e50                CommanderHandle
                0x0000000020003e54                text
                0x0000000020003f54                head
                0x0000000020003f58                huart1
                0x0000000020003fd8                hrng
                0x0000000020003fe8                PushBackHandle
 COMMON         0x0000000020003fec       0x40 Src/stm32f7xx_hal_timebase_tim.o
                0x0000000020003fec                htim14
 COMMON         0x000000002000402c        0x4 c:/st/stm32cubeide_1.0.2/stm32cubeide/plugins/com.st.stm32cube.ide.mcu.externaltools.gnu-tools-for-stm32.7-2018-q2-update.win32_1.0.0.201904181610/tools/bin/../lib/gcc/arm-none-eabi/7.3.1/../../../../arm-none-eabi/lib/thumb/v7e-m/fpv4-sp/hard\libc_nano.a(lib_a-reent.o)
                0x000000002000402c                errno
                0x0000000020004030                . = ALIGN (0x4)
                0x0000000020004030                _ebss = .
                0x0000000020004030                __bss_end__ = _ebss

._user_heap_stack
                0x0000000020004030      0x600 load address 0x0000000008007b2c
                0x0000000020004030                . = ALIGN (0x8)
                0x0000000020004030                PROVIDE (end = .)
                [!provide]                        PROVIDE (_end = .)
                0x0000000020004230                . = (. + _Min_Heap_Size)
 *fill*         0x0000000020004030      0x200 
                0x0000000020004630                . = (. + _Min_Stack_Size)
 *fill*         0x0000000020004230      0x400 
                0x0000000020004630                . = ALIGN (0x8)

/DISCARD/
 libc.a(*)
 libm.a(*)
 libgcc.a(*)

.ARM.attributes
                0x0000000000000000       0x30
 *(.ARM.attributes)
 .ARM.attributes
                0x0000000000000000       0x22 c:/st/stm32cubeide_1.0.2/stm32cubeide/plugins/com.st.stm32cube.ide.mcu.externaltools.gnu-tools-for-stm32.7-2018-q2-update.win32_1.0.0.201904181610/tools/bin/../lib/gcc/arm-none-eabi/7.3.1/thumb/v7e-m/fpv4-sp/hard/crti.o
 .ARM.attributes
                0x0000000000000022       0x34 c:/st/stm32cubeide_1.0.2/stm32cubeide/plugins/com.st.stm32cube.ide.mcu.externaltools.gnu-tools-for-stm32.7-2018-q2-update.win32_1.0.0.201904181610/tools/bin/../lib/gcc/arm-none-eabi/7.3.1/thumb/v7e-m/fpv4-sp/hard/crtbegin.o
 .ARM.attributes
                0x0000000000000056       0x39 Drivers/STM32F7xx_HAL_Driver/stm32f7xx_hal.o
 .ARM.attributes
                0x000000000000008f       0x39 Drivers/STM32F7xx_HAL_Driver/stm32f7xx_hal_cortex.o
 .ARM.attributes
                0x00000000000000c8       0x39 Drivers/STM32F7xx_HAL_Driver/stm32f7xx_hal_dma.o
 .ARM.attributes
                0x0000000000000101       0x39 Drivers/STM32F7xx_HAL_Driver/stm32f7xx_hal_gpio.o
 .ARM.attributes
                0x000000000000013a       0x39 Drivers/STM32F7xx_HAL_Driver/stm32f7xx_hal_pwr_ex.o
 .ARM.attributes
                0x0000000000000173       0x39 Drivers/STM32F7xx_HAL_Driver/stm32f7xx_hal_rcc.o
 .ARM.attributes
                0x00000000000001ac       0x39 Drivers/STM32F7xx_HAL_Driver/stm32f7xx_hal_rcc_ex.o
 .ARM.attributes
                0x00000000000001e5       0x39 Drivers/STM32F7xx_HAL_Driver/stm32f7xx_hal_rng.o
 .ARM.attributes
                0x000000000000021e       0x39 Drivers/STM32F7xx_HAL_Driver/stm32f7xx_hal_tim.o
 .ARM.attributes
                0x0000000000000257       0x39 Drivers/STM32F7xx_HAL_Driver/stm32f7xx_hal_tim_ex.o
 .ARM.attributes
                0x0000000000000290       0x39 Drivers/STM32F7xx_HAL_Driver/stm32f7xx_hal_uart.o
 .ARM.attributes
                0x00000000000002c9       0x39 Middlewares/FreeRTOS/cmsis_os.o
 .ARM.attributes
                0x0000000000000302       0x39 Middlewares/FreeRTOS/heap_4.o
 .ARM.attributes
                0x000000000000033b       0x39 Middlewares/FreeRTOS/list.o
 .ARM.attributes
                0x0000000000000374       0x39 Middlewares/FreeRTOS/port.o
 .ARM.attributes
                0x00000000000003ad       0x39 Middlewares/FreeRTOS/queue.o
 .ARM.attributes
                0x00000000000003e6       0x39 Middlewares/FreeRTOS/tasks.o
 .ARM.attributes
                0x000000000000041f       0x39 Src/linked_list.o
 .ARM.attributes
                0x0000000000000458       0x39 Src/main.o
 .ARM.attributes
                0x0000000000000491       0x39 Src/stm32f7xx_hal_msp.o
 .ARM.attributes
                0x00000000000004ca       0x39 Src/stm32f7xx_hal_timebase_tim.o
 .ARM.attributes
                0x0000000000000503       0x39 Src/stm32f7xx_it.o
 .ARM.attributes
                0x000000000000053c       0x39 Src/syscalls.o
 .ARM.attributes
                0x0000000000000575       0x39 Src/sysmem.o
 .ARM.attributes
                0x00000000000005ae       0x39 Src/system_stm32f7xx.o
 .ARM.attributes
                0x00000000000005e7       0x21 Startup/startup_stm32f746nghx.o
 .ARM.attributes
                0x0000000000000608       0x34 c:/st/stm32cubeide_1.0.2/stm32cubeide/plugins/com.st.stm32cube.ide.mcu.externaltools.gnu-tools-for-stm32.7-2018-q2-update.win32_1.0.0.201904181610/tools/bin/../lib/gcc/arm-none-eabi/7.3.1/../../../../arm-none-eabi/lib/thumb/v7e-m/fpv4-sp/hard\libc_nano.a(lib_a-errno.o)
 .ARM.attributes
                0x000000000000063c       0x34 c:/st/stm32cubeide_1.0.2/stm32cubeide/plugins/com.st.stm32cube.ide.mcu.externaltools.gnu-tools-for-stm32.7-2018-q2-update.win32_1.0.0.201904181610/tools/bin/../lib/gcc/arm-none-eabi/7.3.1/../../../../arm-none-eabi/lib/thumb/v7e-m/fpv4-sp/hard\libc_nano.a(lib_a-impure.o)
 .ARM.attributes
                0x0000000000000670       0x34 c:/st/stm32cubeide_1.0.2/stm32cubeide/plugins/com.st.stm32cube.ide.mcu.externaltools.gnu-tools-for-stm32.7-2018-q2-update.win32_1.0.0.201904181610/tools/bin/../lib/gcc/arm-none-eabi/7.3.1/../../../../arm-none-eabi/lib/thumb/v7e-m/fpv4-sp/hard\libc_nano.a(lib_a-init.o)
 .ARM.attributes
                0x00000000000006a4       0x34 c:/st/stm32cubeide_1.0.2/stm32cubeide/plugins/com.st.stm32cube.ide.mcu.externaltools.gnu-tools-for-stm32.7-2018-q2-update.win32_1.0.0.201904181610/tools/bin/../lib/gcc/arm-none-eabi/7.3.1/../../../../arm-none-eabi/lib/thumb/v7e-m/fpv4-sp/hard\libc_nano.a(lib_a-memcpy-stub.o)
 .ARM.attributes
                0x00000000000006d8       0x34 c:/st/stm32cubeide_1.0.2/stm32cubeide/plugins/com.st.stm32cube.ide.mcu.externaltools.gnu-tools-for-stm32.7-2018-q2-update.win32_1.0.0.201904181610/tools/bin/../lib/gcc/arm-none-eabi/7.3.1/../../../../arm-none-eabi/lib/thumb/v7e-m/fpv4-sp/hard\libc_nano.a(lib_a-memset.o)
 .ARM.attributes
                0x000000000000070c       0x34 c:/st/stm32cubeide_1.0.2/stm32cubeide/plugins/com.st.stm32cube.ide.mcu.externaltools.gnu-tools-for-stm32.7-2018-q2-update.win32_1.0.0.201904181610/tools/bin/../lib/gcc/arm-none-eabi/7.3.1/../../../../arm-none-eabi/lib/thumb/v7e-m/fpv4-sp/hard\libc_nano.a(lib_a-printf.o)
 .ARM.attributes
                0x0000000000000740       0x34 c:/st/stm32cubeide_1.0.2/stm32cubeide/plugins/com.st.stm32cube.ide.mcu.externaltools.gnu-tools-for-stm32.7-2018-q2-update.win32_1.0.0.201904181610/tools/bin/../lib/gcc/arm-none-eabi/7.3.1/../../../../arm-none-eabi/lib/thumb/v7e-m/fpv4-sp/hard\libc_nano.a(lib_a-putchar.o)
 .ARM.attributes
                0x0000000000000774       0x34 c:/st/stm32cubeide_1.0.2/stm32cubeide/plugins/com.st.stm32cube.ide.mcu.externaltools.gnu-tools-for-stm32.7-2018-q2-update.win32_1.0.0.201904181610/tools/bin/../lib/gcc/arm-none-eabi/7.3.1/../../../../arm-none-eabi/lib/thumb/v7e-m/fpv4-sp/hard\libc_nano.a(lib_a-findfp.o)
 .ARM.attributes
                0x00000000000007a8       0x34 c:/st/stm32cubeide_1.0.2/stm32cubeide/plugins/com.st.stm32cube.ide.mcu.externaltools.gnu-tools-for-stm32.7-2018-q2-update.win32_1.0.0.201904181610/tools/bin/../lib/gcc/arm-none-eabi/7.3.1/../../../../arm-none-eabi/lib/thumb/v7e-m/fpv4-sp/hard\libc_nano.a(lib_a-fwalk.o)
 .ARM.attributes
                0x00000000000007dc       0x34 c:/st/stm32cubeide_1.0.2/stm32cubeide/plugins/com.st.stm32cube.ide.mcu.externaltools.gnu-tools-for-stm32.7-2018-q2-update.win32_1.0.0.201904181610/tools/bin/../lib/gcc/arm-none-eabi/7.3.1/../../../../arm-none-eabi/lib/thumb/v7e-m/fpv4-sp/hard\libc_nano.a(lib_a-nano-mallocr.o)
 .ARM.attributes
                0x0000000000000810       0x34 c:/st/stm32cubeide_1.0.2/stm32cubeide/plugins/com.st.stm32cube.ide.mcu.externaltools.gnu-tools-for-stm32.7-2018-q2-update.win32_1.0.0.201904181610/tools/bin/../lib/gcc/arm-none-eabi/7.3.1/../../../../arm-none-eabi/lib/thumb/v7e-m/fpv4-sp/hard\libc_nano.a(lib_a-nano-vfprintf.o)
 .ARM.attributes
                0x0000000000000844       0x34 c:/st/stm32cubeide_1.0.2/stm32cubeide/plugins/com.st.stm32cube.ide.mcu.externaltools.gnu-tools-for-stm32.7-2018-q2-update.win32_1.0.0.201904181610/tools/bin/../lib/gcc/arm-none-eabi/7.3.1/../../../../arm-none-eabi/lib/thumb/v7e-m/fpv4-sp/hard\libc_nano.a(lib_a-nano-vfprintf_i.o)
 .ARM.attributes
                0x0000000000000878       0x34 c:/st/stm32cubeide_1.0.2/stm32cubeide/plugins/com.st.stm32cube.ide.mcu.externaltools.gnu-tools-for-stm32.7-2018-q2-update.win32_1.0.0.201904181610/tools/bin/../lib/gcc/arm-none-eabi/7.3.1/../../../../arm-none-eabi/lib/thumb/v7e-m/fpv4-sp/hard\libc_nano.a(lib_a-putc.o)
 .ARM.attributes
                0x00000000000008ac       0x34 c:/st/stm32cubeide_1.0.2/stm32cubeide/plugins/com.st.stm32cube.ide.mcu.externaltools.gnu-tools-for-stm32.7-2018-q2-update.win32_1.0.0.201904181610/tools/bin/../lib/gcc/arm-none-eabi/7.3.1/../../../../arm-none-eabi/lib/thumb/v7e-m/fpv4-sp/hard\libc_nano.a(lib_a-sbrkr.o)
 .ARM.attributes
                0x00000000000008e0       0x34 c:/st/stm32cubeide_1.0.2/stm32cubeide/plugins/com.st.stm32cube.ide.mcu.externaltools.gnu-tools-for-stm32.7-2018-q2-update.win32_1.0.0.201904181610/tools/bin/../lib/gcc/arm-none-eabi/7.3.1/../../../../arm-none-eabi/lib/thumb/v7e-m/fpv4-sp/hard\libc_nano.a(lib_a-stdio.o)
 .ARM.attributes
                0x0000000000000914       0x34 c:/st/stm32cubeide_1.0.2/stm32cubeide/plugins/com.st.stm32cube.ide.mcu.externaltools.gnu-tools-for-stm32.7-2018-q2-update.win32_1.0.0.201904181610/tools/bin/../lib/gcc/arm-none-eabi/7.3.1/../../../../arm-none-eabi/lib/thumb/v7e-m/fpv4-sp/hard\libc_nano.a(lib_a-wbuf.o)
 .ARM.attributes
                0x0000000000000948       0x34 c:/st/stm32cubeide_1.0.2/stm32cubeide/plugins/com.st.stm32cube.ide.mcu.externaltools.gnu-tools-for-stm32.7-2018-q2-update.win32_1.0.0.201904181610/tools/bin/../lib/gcc/arm-none-eabi/7.3.1/../../../../arm-none-eabi/lib/thumb/v7e-m/fpv4-sp/hard\libc_nano.a(lib_a-writer.o)
 .ARM.attributes
                0x000000000000097c       0x34 c:/st/stm32cubeide_1.0.2/stm32cubeide/plugins/com.st.stm32cube.ide.mcu.externaltools.gnu-tools-for-stm32.7-2018-q2-update.win32_1.0.0.201904181610/tools/bin/../lib/gcc/arm-none-eabi/7.3.1/../../../../arm-none-eabi/lib/thumb/v7e-m/fpv4-sp/hard\libc_nano.a(lib_a-wsetup.o)
 .ARM.attributes
                0x00000000000009b0       0x34 c:/st/stm32cubeide_1.0.2/stm32cubeide/plugins/com.st.stm32cube.ide.mcu.externaltools.gnu-tools-for-stm32.7-2018-q2-update.win32_1.0.0.201904181610/tools/bin/../lib/gcc/arm-none-eabi/7.3.1/../../../../arm-none-eabi/lib/thumb/v7e-m/fpv4-sp/hard\libc_nano.a(lib_a-closer.o)
 .ARM.attributes
                0x00000000000009e4       0x34 c:/st/stm32cubeide_1.0.2/stm32cubeide/plugins/com.st.stm32cube.ide.mcu.externaltools.gnu-tools-for-stm32.7-2018-q2-update.win32_1.0.0.201904181610/tools/bin/../lib/gcc/arm-none-eabi/7.3.1/../../../../arm-none-eabi/lib/thumb/v7e-m/fpv4-sp/hard\libc_nano.a(lib_a-fflush.o)
 .ARM.attributes
                0x0000000000000a18       0x34 c:/st/stm32cubeide_1.0.2/stm32cubeide/plugins/com.st.stm32cube.ide.mcu.externaltools.gnu-tools-for-stm32.7-2018-q2-update.win32_1.0.0.201904181610/tools/bin/../lib/gcc/arm-none-eabi/7.3.1/../../../../arm-none-eabi/lib/thumb/v7e-m/fpv4-sp/hard\libc_nano.a(lib_a-lseekr.o)
 .ARM.attributes
                0x0000000000000a4c       0x34 c:/st/stm32cubeide_1.0.2/stm32cubeide/plugins/com.st.stm32cube.ide.mcu.externaltools.gnu-tools-for-stm32.7-2018-q2-update.win32_1.0.0.201904181610/tools/bin/../lib/gcc/arm-none-eabi/7.3.1/../../../../arm-none-eabi/lib/thumb/v7e-m/fpv4-sp/hard\libc_nano.a(lib_a-makebuf.o)
 .ARM.attributes
                0x0000000000000a80       0x20 c:/st/stm32cubeide_1.0.2/stm32cubeide/plugins/com.st.stm32cube.ide.mcu.externaltools.gnu-tools-for-stm32.7-2018-q2-update.win32_1.0.0.201904181610/tools/bin/../lib/gcc/arm-none-eabi/7.3.1/../../../../arm-none-eabi/lib/thumb/v7e-m/fpv4-sp/hard\libc_nano.a(lib_a-memchr.o)
 .ARM.attributes
                0x0000000000000aa0       0x34 c:/st/stm32cubeide_1.0.2/stm32cubeide/plugins/com.st.stm32cube.ide.mcu.externaltools.gnu-tools-for-stm32.7-2018-q2-update.win32_1.0.0.201904181610/tools/bin/../lib/gcc/arm-none-eabi/7.3.1/../../../../arm-none-eabi/lib/thumb/v7e-m/fpv4-sp/hard\libc_nano.a(lib_a-mlock.o)
 .ARM.attributes
                0x0000000000000ad4       0x34 c:/st/stm32cubeide_1.0.2/stm32cubeide/plugins/com.st.stm32cube.ide.mcu.externaltools.gnu-tools-for-stm32.7-2018-q2-update.win32_1.0.0.201904181610/tools/bin/../lib/gcc/arm-none-eabi/7.3.1/../../../../arm-none-eabi/lib/thumb/v7e-m/fpv4-sp/hard\libc_nano.a(lib_a-nano-freer.o)
 .ARM.attributes
                0x0000000000000b08       0x34 c:/st/stm32cubeide_1.0.2/stm32cubeide/plugins/com.st.stm32cube.ide.mcu.externaltools.gnu-tools-for-stm32.7-2018-q2-update.win32_1.0.0.201904181610/tools/bin/../lib/gcc/arm-none-eabi/7.3.1/../../../../arm-none-eabi/lib/thumb/v7e-m/fpv4-sp/hard\libc_nano.a(lib_a-readr.o)
 .ARM.attributes
                0x0000000000000b3c       0x34 c:/st/stm32cubeide_1.0.2/stm32cubeide/plugins/com.st.stm32cube.ide.mcu.externaltools.gnu-tools-for-stm32.7-2018-q2-update.win32_1.0.0.201904181610/tools/bin/../lib/gcc/arm-none-eabi/7.3.1/../../../../arm-none-eabi/lib/thumb/v7e-m/fpv4-sp/hard\libc_nano.a(lib_a-reent.o)
 .ARM.attributes
                0x0000000000000b70       0x34 c:/st/stm32cubeide_1.0.2/stm32cubeide/plugins/com.st.stm32cube.ide.mcu.externaltools.gnu-tools-for-stm32.7-2018-q2-update.win32_1.0.0.201904181610/tools/bin/../lib/gcc/arm-none-eabi/7.3.1/../../../../arm-none-eabi/lib/thumb/v7e-m/fpv4-sp/hard\libc_nano.a(lib_a-fstatr.o)
 .ARM.attributes
                0x0000000000000ba4       0x34 c:/st/stm32cubeide_1.0.2/stm32cubeide/plugins/com.st.stm32cube.ide.mcu.externaltools.gnu-tools-for-stm32.7-2018-q2-update.win32_1.0.0.201904181610/tools/bin/../lib/gcc/arm-none-eabi/7.3.1/../../../../arm-none-eabi/lib/thumb/v7e-m/fpv4-sp/hard\libc_nano.a(lib_a-isattyr.o)
 .ARM.attributes
                0x0000000000000bd8       0x22 c:/st/stm32cubeide_1.0.2/stm32cubeide/plugins/com.st.stm32cube.ide.mcu.externaltools.gnu-tools-for-stm32.7-2018-q2-update.win32_1.0.0.201904181610/tools/bin/../lib/gcc/arm-none-eabi/7.3.1/thumb/v7e-m/fpv4-sp/hard\libgcc.a(_aeabi_uldivmod.o)
 .ARM.attributes
                0x0000000000000bfa       0x34 c:/st/stm32cubeide_1.0.2/stm32cubeide/plugins/com.st.stm32cube.ide.mcu.externaltools.gnu-tools-for-stm32.7-2018-q2-update.win32_1.0.0.201904181610/tools/bin/../lib/gcc/arm-none-eabi/7.3.1/thumb/v7e-m/fpv4-sp/hard\libgcc.a(_udivmoddi4.o)
 .ARM.attributes
                0x0000000000000c2e       0x22 c:/st/stm32cubeide_1.0.2/stm32cubeide/plugins/com.st.stm32cube.ide.mcu.externaltools.gnu-tools-for-stm32.7-2018-q2-update.win32_1.0.0.201904181610/tools/bin/../lib/gcc/arm-none-eabi/7.3.1/thumb/v7e-m/fpv4-sp/hard\libgcc.a(_dvmd_tls.o)
 .ARM.attributes
                0x0000000000000c50       0x22 c:/st/stm32cubeide_1.0.2/stm32cubeide/plugins/com.st.stm32cube.ide.mcu.externaltools.gnu-tools-for-stm32.7-2018-q2-update.win32_1.0.0.201904181610/tools/bin/../lib/gcc/arm-none-eabi/7.3.1/thumb/v7e-m/fpv4-sp/hard/crtn.o
OUTPUT(my_exam_idea.elf elf32-littlearm)

.debug_info     0x0000000000000000    0x18086
 .debug_info    0x0000000000000000      0x9c4 Drivers/STM32F7xx_HAL_Driver/stm32f7xx_hal.o
 .debug_info    0x00000000000009c4     0x104a Drivers/STM32F7xx_HAL_Driver/stm32f7xx_hal_cortex.o
 .debug_info    0x0000000000001a0e      0x968 Drivers/STM32F7xx_HAL_Driver/stm32f7xx_hal_dma.o
 .debug_info    0x0000000000002376      0x7dc Drivers/STM32F7xx_HAL_Driver/stm32f7xx_hal_gpio.o
 .debug_info    0x0000000000002b52      0x96b Drivers/STM32F7xx_HAL_Driver/stm32f7xx_hal_pwr_ex.o
 .debug_info    0x00000000000034bd      0x926 Drivers/STM32F7xx_HAL_Driver/stm32f7xx_hal_rcc.o
 .debug_info    0x0000000000003de3      0x7ad Drivers/STM32F7xx_HAL_Driver/stm32f7xx_hal_rcc_ex.o
 .debug_info    0x0000000000004590      0x552 Drivers/STM32F7xx_HAL_Driver/stm32f7xx_hal_rng.o
 .debug_info    0x0000000000004ae2     0x25a0 Drivers/STM32F7xx_HAL_Driver/stm32f7xx_hal_tim.o
 .debug_info    0x0000000000007082     0x121c Drivers/STM32F7xx_HAL_Driver/stm32f7xx_hal_tim_ex.o
 .debug_info    0x000000000000829e     0x1639 Drivers/STM32F7xx_HAL_Driver/stm32f7xx_hal_uart.o
 .debug_info    0x00000000000098d7     0x1af0 Middlewares/FreeRTOS/cmsis_os.o
 .debug_info    0x000000000000b3c7      0xbea Middlewares/FreeRTOS/heap_4.o
 .debug_info    0x000000000000bfb1      0xac5 Middlewares/FreeRTOS/list.o
 .debug_info    0x000000000000ca76      0x4e4 Middlewares/FreeRTOS/port.o
 .debug_info    0x000000000000cf5a     0x1c16 Middlewares/FreeRTOS/queue.o
 .debug_info    0x000000000000eb70     0x218d Middlewares/FreeRTOS/tasks.o
 .debug_info    0x0000000000010cfd      0xb7b Src/linked_list.o
 .debug_info    0x0000000000011878     0x21b5 Src/main.o
 .debug_info    0x0000000000013a2d     0x111c Src/stm32f7xx_hal_msp.o
 .debug_info    0x0000000000014b49      0xbe7 Src/stm32f7xx_hal_timebase_tim.o
 .debug_info    0x0000000000015730      0xa1e Src/stm32f7xx_it.o
 .debug_info    0x000000000001614e      0xebd Src/syscalls.o
 .debug_info    0x000000000001700b      0x91c Src/sysmem.o
 .debug_info    0x0000000000017927      0x73d Src/system_stm32f7xx.o
 .debug_info    0x0000000000018064       0x22 Startup/startup_stm32f746nghx.o

.debug_abbrev   0x0000000000000000     0x35f7
 .debug_abbrev  0x0000000000000000      0x1c7 Drivers/STM32F7xx_HAL_Driver/stm32f7xx_hal.o
 .debug_abbrev  0x00000000000001c7      0x2fa Drivers/STM32F7xx_HAL_Driver/stm32f7xx_hal_cortex.o
 .debug_abbrev  0x00000000000004c1      0x229 Drivers/STM32F7xx_HAL_Driver/stm32f7xx_hal_dma.o
 .debug_abbrev  0x00000000000006ea      0x1c9 Drivers/STM32F7xx_HAL_Driver/stm32f7xx_hal_gpio.o
 .debug_abbrev  0x00000000000008b3      0x1b8 Drivers/STM32F7xx_HAL_Driver/stm32f7xx_hal_pwr_ex.o
 .debug_abbrev  0x0000000000000a6b      0x21a Drivers/STM32F7xx_HAL_Driver/stm32f7xx_hal_rcc.o
 .debug_abbrev  0x0000000000000c85      0x1ad Drivers/STM32F7xx_HAL_Driver/stm32f7xx_hal_rcc_ex.o
 .debug_abbrev  0x0000000000000e32      0x1bc Drivers/STM32F7xx_HAL_Driver/stm32f7xx_hal_rng.o
 .debug_abbrev  0x0000000000000fee      0x230 Drivers/STM32F7xx_HAL_Driver/stm32f7xx_hal_tim.o
 .debug_abbrev  0x000000000000121e      0x21e Drivers/STM32F7xx_HAL_Driver/stm32f7xx_hal_tim_ex.o
 .debug_abbrev  0x000000000000143c      0x205 Drivers/STM32F7xx_HAL_Driver/stm32f7xx_hal_uart.o
 .debug_abbrev  0x0000000000001641      0x38a Middlewares/FreeRTOS/cmsis_os.o
 .debug_abbrev  0x00000000000019cb      0x29e Middlewares/FreeRTOS/heap_4.o
 .debug_abbrev  0x0000000000001c69      0x1cf Middlewares/FreeRTOS/list.o
 .debug_abbrev  0x0000000000001e38      0x21b Middlewares/FreeRTOS/port.o
 .debug_abbrev  0x0000000000002053      0x33a Middlewares/FreeRTOS/queue.o
 .debug_abbrev  0x000000000000238d      0x338 Middlewares/FreeRTOS/tasks.o
 .debug_abbrev  0x00000000000026c5      0x236 Src/linked_list.o
 .debug_abbrev  0x00000000000028fb      0x2d0 Src/main.o
 .debug_abbrev  0x0000000000002bcb      0x1c0 Src/stm32f7xx_hal_msp.o
 .debug_abbrev  0x0000000000002d8b      0x19d Src/stm32f7xx_hal_timebase_tim.o
 .debug_abbrev  0x0000000000002f28      0x15a Src/stm32f7xx_it.o
 .debug_abbrev  0x0000000000003082      0x261 Src/syscalls.o
 .debug_abbrev  0x00000000000032e3      0x1bb Src/sysmem.o
 .debug_abbrev  0x000000000000349e      0x147 Src/system_stm32f7xx.o
 .debug_abbrev  0x00000000000035e5       0x12 Startup/startup_stm32f746nghx.o

.debug_aranges  0x0000000000000000     0x1478
 .debug_aranges
                0x0000000000000000      0x100 Drivers/STM32F7xx_HAL_Driver/stm32f7xx_hal.o
 .debug_aranges
                0x0000000000000100      0x118 Drivers/STM32F7xx_HAL_Driver/stm32f7xx_hal_cortex.o
 .debug_aranges