main.c:100:5:main	144	static
main.c:206:6:SystemClock_Config	216	static
main.c:264:13:MX_RNG_Init	8	static
main.c:290:13:MX_TIM3_Init	64	static
main.c:349:13:MX_TIM5_Init	40	static
main.c:394:13:MX_USART1_UART_Init	8	static
main.c:429:13:MX_GPIO_Init	48	static
main.c:463:5:__io_putchar	16	static
main.c:468:6:HAL_GPIO_EXTI_Callback	16	static
main.c:505:6:StartDefaultTask	16	static
main.c:531:6:StartPrinter	16	static
main.c:552:6:StartPushBack	24	static
main.c:580:6:StartPopBack	32	static
main.c:606:6:StartEraseTask	48	static
main.c:633:6:StartAverage	24	static
main.c:659:6:HAL_TIM_PeriodElapsedCallback	16	static
main.c:684:6:Error_Handler	4	static
