main.c:104:5:main	144	static
main.c:208:6:SystemClock_Config	216	static
main.c:266:13:MX_RNG_Init	8	static
main.c:292:13:MX_TIM5_Init	40	static
main.c:337:13:MX_USART1_UART_Init	8	static
main.c:372:13:MX_GPIO_Init	48	static
main.c:397:5:__io_putchar	16	static
main.c:403:6:HAL_GPIO_EXTI_Callback	16	static
main.c:424:6:HAL_UART_RxCpltCallback	16	static
main.c:460:6:StartDefaultTask	16	static
main.c:487:6:StartPrinter	16	static
main.c:520:6:StartPushBack	24	static
main.c:544:6:StartCommander	16	static
main.c:567:6:StartTimerStarter	16	static
main.c:591:6:StartPopBack	16	static
main.c:625:6:HAL_TIM_PeriodElapsedCallback	16	static
main.c:645:6:Error_Handler	4	static
