main.c:134:5:main	8	static
main.c:212:6:SystemClock_Config	216	static
main.c:294:13:MX_ADC3_Init	24	static
main.c:344:13:MX_CRC_Init	8	static
main.c:375:13:MX_DCMI_Init	8	static
main.c:412:13:MX_DMA2D_Init	8	static
main.c:449:13:MX_ETH_Init	16	static
main.c:494:13:MX_I2C1_Init	8	static
main.c:540:13:MX_I2C3_Init	8	static
main.c:586:13:MX_LTDC_Init	64	static
main.c:648:13:MX_QUADSPI_Init	8	static
main.c:683:13:MX_RTC_Init	80	static
main.c:776:13:MX_SAI2_Init	8	static
main.c:851:13:MX_SDMMC1_SD_Init	8	static
main.c:887:13:MX_SPDIFRX_Init	8	static
main.c:923:13:MX_SPI2_Init	8	static
main.c:963:13:MX_TIM1_Init	112	static
main.c:1043:13:MX_TIM2_Init	64	static
main.c:1102:13:MX_TIM3_Init	64	static
main.c:1161:13:MX_TIM5_Init	64	static
main.c:1220:13:MX_TIM8_Init	40	static
main.c:1267:13:MX_TIM12_Init	40	static
main.c:1309:13:MX_USART1_UART_Init	8	static
main.c:1344:13:MX_USART6_UART_Init	8	static
main.c:1375:13:MX_FMC_Init	40	static
main.c:1426:13:MX_GPIO_Init	72	static
main.c:1592:6:HAL_TIM_PeriodElapsedCallback	16	static
main.c:1609:6:Error_Handler	4	static
